<?xml version="1.0" encoding="ISO-8859-1" ?>
<link_info>
   <banner>TI ARM Clang Linker PC v4.0.4.LTS</banner>
   <copyright>Copyright (c) 1996-2018 Texas Instruments Incorporated</copyright>
   <command_line>D:\TI\ccs2041\ccs\tools\compiler\ti-cgt-armllvm_4.0.4.LTS\bin\tiarmlnk -ID:\TI\ccs2041\ccs\tools\compiler\ti-cgt-armllvm_4.0.4.LTS\lib -o empty.out -mempty.map -iC:/TI/mspm0_sdk_2_10_00_04/source -iC:/Users/Qh/Desktop/Gimbal -iC:/Users/Qh/Desktop/Gimbal/Debug/syscfg -iD:/TI/ccs2041/ccs/tools/compiler/ti-cgt-armllvm_4.0.4.LTS/lib --diag_wrap=off --display_error_number --warn_sections --xml_link_info=empty_linkInfo.xml --rom_model ./main.o ./ti_msp_dl_config.o ./startup_mspm0g350x_ticlang.o ./App/Menu.o ./App/Step_Motor_Turn_Angle.o ./App/task.o ./HardWare/Delay.o ./HardWare/InputCapture.o ./HardWare/Interrupt.o ./HardWare/PID.o ./HardWare/PWM.o ./HardWare/Qmath.o ./HardWare/Usart.o ./HardWare/W25Q128.o ./HardWare/multi_button.o ./Middle/Buzzer.o ./Middle/Key.o ./Middle/LED.o ./Middle/Step_Motor.o ./Middle/flash_use.o ./Middle/oled.o ./Test/Buzzer_Test.o ./Test/Key_Test.o ./Test/LED_Test.o ./Test/Step_Motor_Test.o ./Test/W25Q128_Test.o -l./device_linker.cmd -ldevice.cmd.genlibs -llibc.a --start-group -llibc++.a -llibc++abi.a -llibc.a -llibsys.a -llibsysbm.a -llibclang_rt.builtins.a -llibclang_rt.profile.a --end-group --cg_opt_level=0</command_line>
   <link_time>0x69ef80e3</link_time>
   <link_errors>0x0</link_errors>
   <output_file>C:\Users\Qh\Desktop\Gimbal\Debug\empty.out</output_file>
   <entry_point>
      <name>_c_int00_noargs</name>
      <address>0x5ce5</address>
   </entry_point>
   <input_file_list>
      <input_file id="fl-1">
         <path>C:\Users\Qh\Desktop\Gimbal\Debug\.\</path>
         <kind>object</kind>
         <file>main.o</file>
         <name>main.o</name>
      </input_file>
      <input_file id="fl-2">
         <path>C:\Users\Qh\Desktop\Gimbal\Debug\.\</path>
         <kind>object</kind>
         <file>ti_msp_dl_config.o</file>
         <name>ti_msp_dl_config.o</name>
      </input_file>
      <input_file id="fl-3">
         <path>C:\Users\Qh\Desktop\Gimbal\Debug\.\</path>
         <kind>object</kind>
         <file>startup_mspm0g350x_ticlang.o</file>
         <name>startup_mspm0g350x_ticlang.o</name>
      </input_file>
      <input_file id="fl-4">
         <path>C:\Users\Qh\Desktop\Gimbal\Debug\.\App\</path>
         <kind>object</kind>
         <file>Menu.o</file>
         <name>Menu.o</name>
      </input_file>
      <input_file id="fl-5">
         <path>C:\Users\Qh\Desktop\Gimbal\Debug\.\App\</path>
         <kind>object</kind>
         <file>Step_Motor_Turn_Angle.o</file>
         <name>Step_Motor_Turn_Angle.o</name>
      </input_file>
      <input_file id="fl-6">
         <path>C:\Users\Qh\Desktop\Gimbal\Debug\.\App\</path>
         <kind>object</kind>
         <file>task.o</file>
         <name>task.o</name>
      </input_file>
      <input_file id="fl-7">
         <path>C:\Users\Qh\Desktop\Gimbal\Debug\.\HardWare\</path>
         <kind>object</kind>
         <file>Delay.o</file>
         <name>Delay.o</name>
      </input_file>
      <input_file id="fl-8">
         <path>C:\Users\Qh\Desktop\Gimbal\Debug\.\HardWare\</path>
         <kind>object</kind>
         <file>InputCapture.o</file>
         <name>InputCapture.o</name>
      </input_file>
      <input_file id="fl-9">
         <path>C:\Users\Qh\Desktop\Gimbal\Debug\.\HardWare\</path>
         <kind>object</kind>
         <file>Interrupt.o</file>
         <name>Interrupt.o</name>
      </input_file>
      <input_file id="fl-a">
         <path>C:\Users\Qh\Desktop\Gimbal\Debug\.\HardWare\</path>
         <kind>object</kind>
         <file>PID.o</file>
         <name>PID.o</name>
      </input_file>
      <input_file id="fl-b">
         <path>C:\Users\Qh\Desktop\Gimbal\Debug\.\HardWare\</path>
         <kind>object</kind>
         <file>PWM.o</file>
         <name>PWM.o</name>
      </input_file>
      <input_file id="fl-c">
         <path>C:\Users\Qh\Desktop\Gimbal\Debug\.\HardWare\</path>
         <kind>object</kind>
         <file>Qmath.o</file>
         <name>Qmath.o</name>
      </input_file>
      <input_file id="fl-d">
         <path>C:\Users\Qh\Desktop\Gimbal\Debug\.\HardWare\</path>
         <kind>object</kind>
         <file>Usart.o</file>
         <name>Usart.o</name>
      </input_file>
      <input_file id="fl-e">
         <path>C:\Users\Qh\Desktop\Gimbal\Debug\.\HardWare\</path>
         <kind>object</kind>
         <file>W25Q128.o</file>
         <name>W25Q128.o</name>
      </input_file>
      <input_file id="fl-f">
         <path>C:\Users\Qh\Desktop\Gimbal\Debug\.\HardWare\</path>
         <kind>object</kind>
         <file>multi_button.o</file>
         <name>multi_button.o</name>
      </input_file>
      <input_file id="fl-10">
         <path>C:\Users\Qh\Desktop\Gimbal\Debug\.\Middle\</path>
         <kind>object</kind>
         <file>Buzzer.o</file>
         <name>Buzzer.o</name>
      </input_file>
      <input_file id="fl-11">
         <path>C:\Users\Qh\Desktop\Gimbal\Debug\.\Middle\</path>
         <kind>object</kind>
         <file>Key.o</file>
         <name>Key.o</name>
      </input_file>
      <input_file id="fl-12">
         <path>C:\Users\Qh\Desktop\Gimbal\Debug\.\Middle\</path>
         <kind>object</kind>
         <file>LED.o</file>
         <name>LED.o</name>
      </input_file>
      <input_file id="fl-13">
         <path>C:\Users\Qh\Desktop\Gimbal\Debug\.\Middle\</path>
         <kind>object</kind>
         <file>Step_Motor.o</file>
         <name>Step_Motor.o</name>
      </input_file>
      <input_file id="fl-14">
         <path>C:\Users\Qh\Desktop\Gimbal\Debug\.\Middle\</path>
         <kind>object</kind>
         <file>flash_use.o</file>
         <name>flash_use.o</name>
      </input_file>
      <input_file id="fl-15">
         <path>C:\Users\Qh\Desktop\Gimbal\Debug\.\Middle\</path>
         <kind>object</kind>
         <file>oled.o</file>
         <name>oled.o</name>
      </input_file>
      <input_file id="fl-16">
         <path>C:\Users\Qh\Desktop\Gimbal\Debug\.\Test\</path>
         <kind>object</kind>
         <file>Buzzer_Test.o</file>
         <name>Buzzer_Test.o</name>
      </input_file>
      <input_file id="fl-17">
         <path>C:\Users\Qh\Desktop\Gimbal\Debug\.\Test\</path>
         <kind>object</kind>
         <file>Key_Test.o</file>
         <name>Key_Test.o</name>
      </input_file>
      <input_file id="fl-18">
         <path>C:\Users\Qh\Desktop\Gimbal\Debug\.\Test\</path>
         <kind>object</kind>
         <file>LED_Test.o</file>
         <name>LED_Test.o</name>
      </input_file>
      <input_file id="fl-19">
         <path>C:\Users\Qh\Desktop\Gimbal\Debug\.\Test\</path>
         <kind>object</kind>
         <file>Step_Motor_Test.o</file>
         <name>Step_Motor_Test.o</name>
      </input_file>
      <input_file id="fl-1a">
         <path>C:\Users\Qh\Desktop\Gimbal\Debug\.\Test\</path>
         <kind>object</kind>
         <file>W25Q128_Test.o</file>
         <name>W25Q128_Test.o</name>
      </input_file>
      <input_file id="fl-28">
         <path>C:\Users\Qh\Desktop\Gimbal\Debug\</path>
         <kind>object</kind>
         <file>&lt;internal&gt;</file>
         <name>&lt;internal&gt;</name>
      </input_file>
      <input_file id="fl-29">
         <path>C:\TI\mspm0_sdk_2_10_00_04\source\ti\iqmath\lib\ticlang\m0p\mathacl\mspm0g1x0x_g3x0x\</path>
         <kind>archive</kind>
         <file>iqmath.a</file>
         <name>_IQNasin_acos.o</name>
      </input_file>
      <input_file id="fl-2a">
         <path>C:\TI\mspm0_sdk_2_10_00_04\source\ti\iqmath\lib\ticlang\m0p\mathacl\mspm0g1x0x_g3x0x\</path>
         <kind>archive</kind>
         <file>iqmath.a</file>
         <name>_IQNatan2.o</name>
      </input_file>
      <input_file id="fl-2b">
         <path>C:\TI\mspm0_sdk_2_10_00_04\source\ti\iqmath\lib\ticlang\m0p\mathacl\mspm0g1x0x_g3x0x\</path>
         <kind>archive</kind>
         <file>iqmath.a</file>
         <name>_IQNdiv.o</name>
      </input_file>
      <input_file id="fl-2c">
         <path>C:\TI\mspm0_sdk_2_10_00_04\source\ti\iqmath\lib\ticlang\m0p\mathacl\mspm0g1x0x_g3x0x\</path>
         <kind>archive</kind>
         <file>iqmath.a</file>
         <name>_IQNmpy.o</name>
      </input_file>
      <input_file id="fl-2d">
         <path>C:\TI\mspm0_sdk_2_10_00_04\source\ti\iqmath\lib\ticlang\m0p\mathacl\mspm0g1x0x_g3x0x\</path>
         <kind>archive</kind>
         <file>iqmath.a</file>
         <name>_IQNsin_cos.o</name>
      </input_file>
      <input_file id="fl-2e">
         <path>C:\TI\mspm0_sdk_2_10_00_04\source\ti\iqmath\lib\ticlang\m0p\mathacl\mspm0g1x0x_g3x0x\</path>
         <kind>archive</kind>
         <file>iqmath.a</file>
         <name>_IQNsqrt.o</name>
      </input_file>
      <input_file id="fl-2f">
         <path>C:\TI\mspm0_sdk_2_10_00_04\source\ti\iqmath\lib\ticlang\m0p\mathacl\mspm0g1x0x_g3x0x\</path>
         <kind>archive</kind>
         <file>iqmath.a</file>
         <name>_IQNtables.o</name>
      </input_file>
      <input_file id="fl-30">
         <path>C:\TI\mspm0_sdk_2_10_00_04\source\ti\iqmath\lib\ticlang\m0p\mathacl\mspm0g1x0x_g3x0x\</path>
         <kind>archive</kind>
         <file>iqmath.a</file>
         <name>_IQNtoF.o</name>
      </input_file>
      <input_file id="fl-31">
         <path>C:\TI\mspm0_sdk_2_10_00_04\source\ti\driverlib\lib\ticlang\m0p\mspm0g1x0x_g3x0x\</path>
         <kind>archive</kind>
         <file>driverlib.a</file>
         <name>dl_adc12.o</name>
      </input_file>
      <input_file id="fl-32">
         <path>C:\TI\mspm0_sdk_2_10_00_04\source\ti\driverlib\lib\ticlang\m0p\mspm0g1x0x_g3x0x\</path>
         <kind>archive</kind>
         <file>driverlib.a</file>
         <name>dl_common.o</name>
      </input_file>
      <input_file id="fl-33">
         <path>C:\TI\mspm0_sdk_2_10_00_04\source\ti\driverlib\lib\ticlang\m0p\mspm0g1x0x_g3x0x\</path>
         <kind>archive</kind>
         <file>driverlib.a</file>
         <name>dl_spi.o</name>
      </input_file>
      <input_file id="fl-34">
         <path>C:\TI\mspm0_sdk_2_10_00_04\source\ti\driverlib\lib\ticlang\m0p\mspm0g1x0x_g3x0x\</path>
         <kind>archive</kind>
         <file>driverlib.a</file>
         <name>dl_timer.o</name>
      </input_file>
      <input_file id="fl-35">
         <path>C:\TI\mspm0_sdk_2_10_00_04\source\ti\driverlib\lib\ticlang\m0p\mspm0g1x0x_g3x0x\</path>
         <kind>archive</kind>
         <file>driverlib.a</file>
         <name>dl_uart.o</name>
      </input_file>
      <input_file id="fl-36">
         <path>C:\TI\mspm0_sdk_2_10_00_04\source\ti\driverlib\lib\ticlang\m0p\mspm0g1x0x_g3x0x\</path>
         <kind>archive</kind>
         <file>driverlib.a</file>
         <name>dl_sysctl_mspm0g1x0x_g3x0x.o</name>
      </input_file>
      <input_file id="fl-4d">
         <path>D:\TI\ccs2041\ccs\tools\compiler\ti-cgt-armllvm_4.0.4.LTS\lib\armv6m-ti-none-eabi\c\</path>
         <kind>archive</kind>
         <file>libc.a</file>
         <name>sprintf.c.obj</name>
      </input_file>
      <input_file id="fl-4e">
         <path>D:\TI\ccs2041\ccs\tools\compiler\ti-cgt-armllvm_4.0.4.LTS\lib\armv6m-ti-none-eabi\c\</path>
         <kind>archive</kind>
         <file>libc.a</file>
         <name>vsnprintf.c.obj</name>
      </input_file>
      <input_file id="fl-4f">
         <path>D:\TI\ccs2041\ccs\tools\compiler\ti-cgt-armllvm_4.0.4.LTS\lib\armv6m-ti-none-eabi\c\</path>
         <kind>archive</kind>
         <file>libc.a</file>
         <name>boot_cortex_m.c.obj</name>
      </input_file>
      <input_file id="fl-50">
         <path>D:\TI\ccs2041\ccs\tools\compiler\ti-cgt-armllvm_4.0.4.LTS\lib\armv6m-ti-none-eabi\c\</path>
         <kind>archive</kind>
         <file>libc.a</file>
         <name>mathacl_init.c.obj</name>
      </input_file>
      <input_file id="fl-51">
         <path>D:\TI\ccs2041\ccs\tools\compiler\ti-cgt-armllvm_4.0.4.LTS\lib\armv6m-ti-none-eabi\c\</path>
         <kind>archive</kind>
         <file>libc.a</file>
         <name>autoinit.c.obj</name>
      </input_file>
      <input_file id="fl-52">
         <path>D:\TI\ccs2041\ccs\tools\compiler\ti-cgt-armllvm_4.0.4.LTS\lib\armv6m-ti-none-eabi\c\</path>
         <kind>archive</kind>
         <file>libc.a</file>
         <name>pre_init.c.obj</name>
      </input_file>
      <input_file id="fl-53">
         <path>D:\TI\ccs2041\ccs\tools\compiler\ti-cgt-armllvm_4.0.4.LTS\lib\armv6m-ti-none-eabi\c\</path>
         <kind>archive</kind>
         <file>libc.a</file>
         <name>cpy_tbl.c.obj</name>
      </input_file>
      <input_file id="fl-54">
         <path>D:\TI\ccs2041\ccs\tools\compiler\ti-cgt-armllvm_4.0.4.LTS\lib\armv6m-ti-none-eabi\c\</path>
         <kind>archive</kind>
         <file>libc.a</file>
         <name>copy_zero_init.c.obj</name>
      </input_file>
      <input_file id="fl-55">
         <path>D:\TI\ccs2041\ccs\tools\compiler\ti-cgt-armllvm_4.0.4.LTS\lib\armv6m-ti-none-eabi\c\</path>
         <kind>archive</kind>
         <file>libc.a</file>
         <name>copy_decompress_none.c.obj</name>
      </input_file>
      <input_file id="fl-56">
         <path>D:\TI\ccs2041\ccs\tools\compiler\ti-cgt-armllvm_4.0.4.LTS\lib\armv6m-ti-none-eabi\c\</path>
         <kind>archive</kind>
         <file>libc.a</file>
         <name>copy_decompress_lzss.c.obj</name>
      </input_file>
      <input_file id="fl-57">
         <path>D:\TI\ccs2041\ccs\tools\compiler\ti-cgt-armllvm_4.0.4.LTS\lib\armv6m-ti-none-eabi\c\</path>
         <kind>archive</kind>
         <file>libc.a</file>
         <name>_printfi.c.obj</name>
      </input_file>
      <input_file id="fl-58">
         <path>D:\TI\ccs2041\ccs\tools\compiler\ti-cgt-armllvm_4.0.4.LTS\lib\armv6m-ti-none-eabi\c\</path>
         <kind>archive</kind>
         <file>libc.a</file>
         <name>aeabi_portable.c.obj</name>
      </input_file>
      <input_file id="fl-59">
         <path>D:\TI\ccs2041\ccs\tools\compiler\ti-cgt-armllvm_4.0.4.LTS\lib\armv6m-ti-none-eabi\c\</path>
         <kind>archive</kind>
         <file>libc.a</file>
         <name>exit.c.obj</name>
      </input_file>
      <input_file id="fl-5a">
         <path>D:\TI\ccs2041\ccs\tools\compiler\ti-cgt-armllvm_4.0.4.LTS\lib\armv6m-ti-none-eabi\c\</path>
         <kind>archive</kind>
         <file>libc.a</file>
         <name>_lock.c.obj</name>
      </input_file>
      <input_file id="fl-5b">
         <path>D:\TI\ccs2041\ccs\tools\compiler\ti-cgt-armllvm_4.0.4.LTS\lib\armv6m-ti-none-eabi\c\</path>
         <kind>archive</kind>
         <file>libc.a</file>
         <name>_ltoa.c.obj</name>
      </input_file>
      <input_file id="fl-5c">
         <path>D:\TI\ccs2041\ccs\tools\compiler\ti-cgt-armllvm_4.0.4.LTS\lib\armv6m-ti-none-eabi\c\</path>
         <kind>archive</kind>
         <file>libc.a</file>
         <name>args_main.c.obj</name>
      </input_file>
      <input_file id="fl-5d">
         <path>D:\TI\ccs2041\ccs\tools\compiler\ti-cgt-armllvm_4.0.4.LTS\lib\armv6m-ti-none-eabi\c\</path>
         <kind>archive</kind>
         <file>libc.a</file>
         <name>assert.c.obj</name>
      </input_file>
      <input_file id="fl-5e">
         <path>D:\TI\ccs2041\ccs\tools\compiler\ti-cgt-armllvm_4.0.4.LTS\lib\armv6m-ti-none-eabi\c\</path>
         <kind>archive</kind>
         <file>libc.a</file>
         <name>atoi.c.obj</name>
      </input_file>
      <input_file id="fl-5f">
         <path>D:\TI\ccs2041\ccs\tools\compiler\ti-cgt-armllvm_4.0.4.LTS\lib\armv6m-ti-none-eabi\c\</path>
         <kind>archive</kind>
         <file>libc.a</file>
         <name>defs.c.obj</name>
      </input_file>
      <input_file id="fl-60">
         <path>D:\TI\ccs2041\ccs\tools\compiler\ti-cgt-armllvm_4.0.4.LTS\lib\armv6m-ti-none-eabi\c\</path>
         <kind>archive</kind>
         <file>libc.a</file>
         <name>memccpy.c.obj</name>
      </input_file>
      <input_file id="fl-61">
         <path>D:\TI\ccs2041\ccs\tools\compiler\ti-cgt-armllvm_4.0.4.LTS\lib\armv6m-ti-none-eabi\c\</path>
         <kind>archive</kind>
         <file>libc.a</file>
         <name>memory.c.obj</name>
      </input_file>
      <input_file id="fl-62">
         <path>D:\TI\ccs2041\ccs\tools\compiler\ti-cgt-armllvm_4.0.4.LTS\lib\armv6m-ti-none-eabi\c\</path>
         <kind>archive</kind>
         <file>libc.a</file>
         <name>s_frexp.c.obj</name>
      </input_file>
      <input_file id="fl-63">
         <path>D:\TI\ccs2041\ccs\tools\compiler\ti-cgt-armllvm_4.0.4.LTS\lib\armv6m-ti-none-eabi\c\</path>
         <kind>archive</kind>
         <file>libc.a</file>
         <name>s_scalbn.c.obj</name>
      </input_file>
      <input_file id="fl-64">
         <path>D:\TI\ccs2041\ccs\tools\compiler\ti-cgt-armllvm_4.0.4.LTS\lib\armv6m-ti-none-eabi\c\</path>
         <kind>archive</kind>
         <file>libc.a</file>
         <name>wcslen.c.obj</name>
      </input_file>
      <input_file id="fl-65">
         <path>D:\TI\ccs2041\ccs\tools\compiler\ti-cgt-armllvm_4.0.4.LTS\lib\armv6m-ti-none-eabi\c\</path>
         <kind>archive</kind>
         <file>libc.a</file>
         <name>fflush.c.obj</name>
      </input_file>
      <input_file id="fl-66">
         <path>D:\TI\ccs2041\ccs\tools\compiler\ti-cgt-armllvm_4.0.4.LTS\lib\armv6m-ti-none-eabi\c\</path>
         <kind>archive</kind>
         <file>libc.a</file>
         <name>fputs.c.obj</name>
      </input_file>
      <input_file id="fl-67">
         <path>D:\TI\ccs2041\ccs\tools\compiler\ti-cgt-armllvm_4.0.4.LTS\lib\armv6m-ti-none-eabi\c\</path>
         <kind>archive</kind>
         <file>libc.a</file>
         <name>_io_perm.c.obj</name>
      </input_file>
      <input_file id="fl-68">
         <path>D:\TI\ccs2041\ccs\tools\compiler\ti-cgt-armllvm_4.0.4.LTS\lib\armv6m-ti-none-eabi\c\</path>
         <kind>archive</kind>
         <file>libc.a</file>
         <name>setvbuf.c.obj</name>
      </input_file>
      <input_file id="fl-69">
         <path>D:\TI\ccs2041\ccs\tools\compiler\ti-cgt-armllvm_4.0.4.LTS\lib\armv6m-ti-none-eabi\c\</path>
         <kind>archive</kind>
         <file>libc.a</file>
         <name>aeabi_ctype.S.obj</name>
      </input_file>
      <input_file id="fl-6a">
         <path>D:\TI\ccs2041\ccs\tools\compiler\ti-cgt-armllvm_4.0.4.LTS\lib\armv6m-ti-none-eabi\c\</path>
         <kind>archive</kind>
         <file>libc.a</file>
         <name>fopen.c.obj</name>
      </input_file>
      <input_file id="fl-6b">
         <path>D:\TI\ccs2041\ccs\tools\compiler\ti-cgt-armllvm_4.0.4.LTS\lib\armv6m-ti-none-eabi\c\</path>
         <kind>archive</kind>
         <file>libc.a</file>
         <name>fseek.c.obj</name>
      </input_file>
      <input_file id="fl-6c">
         <path>D:\TI\ccs2041\ccs\tools\compiler\ti-cgt-armllvm_4.0.4.LTS\lib\armv6m-ti-none-eabi\c\</path>
         <kind>archive</kind>
         <file>libc.a</file>
         <name>fclose.c.obj</name>
      </input_file>
      <input_file id="fl-10c">
         <path>D:\TI\ccs2041\ccs\tools\compiler\ti-cgt-armllvm_4.0.4.LTS\lib\armv6m-ti-none-eabi\c\</path>
         <kind>archive</kind>
         <file>libsysbm.a</file>
         <name>hostexit.c.obj</name>
      </input_file>
      <input_file id="fl-10d">
         <path>D:\TI\ccs2041\ccs\tools\compiler\ti-cgt-armllvm_4.0.4.LTS\lib\armv6m-ti-none-eabi\c\</path>
         <kind>archive</kind>
         <file>libsysbm.a</file>
         <name>write.c.obj</name>
      </input_file>
      <input_file id="fl-10e">
         <path>D:\TI\ccs2041\ccs\tools\compiler\ti-cgt-armllvm_4.0.4.LTS\lib\armv6m-ti-none-eabi\c\</path>
         <kind>archive</kind>
         <file>libsysbm.a</file>
         <name>host_device.c.obj</name>
      </input_file>
      <input_file id="fl-10f">
         <path>D:\TI\ccs2041\ccs\tools\compiler\ti-cgt-armllvm_4.0.4.LTS\lib\armv6m-ti-none-eabi\c\</path>
         <kind>archive</kind>
         <file>libsysbm.a</file>
         <name>remove.c.obj</name>
      </input_file>
      <input_file id="fl-110">
         <path>D:\TI\ccs2041\ccs\tools\compiler\ti-cgt-armllvm_4.0.4.LTS\lib\armv6m-ti-none-eabi\c\</path>
         <kind>archive</kind>
         <file>libsysbm.a</file>
         <name>open.c.obj</name>
      </input_file>
      <input_file id="fl-111">
         <path>D:\TI\ccs2041\ccs\tools\compiler\ti-cgt-armllvm_4.0.4.LTS\lib\armv6m-ti-none-eabi\c\</path>
         <kind>archive</kind>
         <file>libsysbm.a</file>
         <name>lseek.c.obj</name>
      </input_file>
      <input_file id="fl-112">
         <path>D:\TI\ccs2041\ccs\tools\compiler\ti-cgt-armllvm_4.0.4.LTS\lib\armv6m-ti-none-eabi\c\</path>
         <kind>archive</kind>
         <file>libsysbm.a</file>
         <name>close.c.obj</name>
      </input_file>
      <input_file id="fl-113">
         <path>D:\TI\ccs2041\ccs\tools\compiler\ti-cgt-armllvm_4.0.4.LTS\lib\armv6m-ti-none-eabi\c\</path>
         <kind>archive</kind>
         <file>libsysbm.a</file>
         <name>unlink.c.obj</name>
      </input_file>
      <input_file id="fl-114">
         <path>D:\TI\ccs2041\ccs\tools\compiler\ti-cgt-armllvm_4.0.4.LTS\lib\armv6m-ti-none-eabi\c\</path>
         <kind>archive</kind>
         <file>libsysbm.a</file>
         <name>hostclose.c.obj</name>
      </input_file>
      <input_file id="fl-115">
         <path>D:\TI\ccs2041\ccs\tools\compiler\ti-cgt-armllvm_4.0.4.LTS\lib\armv6m-ti-none-eabi\c\</path>
         <kind>archive</kind>
         <file>libsysbm.a</file>
         <name>hostlseek.c.obj</name>
      </input_file>
      <input_file id="fl-116">
         <path>D:\TI\ccs2041\ccs\tools\compiler\ti-cgt-armllvm_4.0.4.LTS\lib\armv6m-ti-none-eabi\c\</path>
         <kind>archive</kind>
         <file>libsysbm.a</file>
         <name>hostopen.c.obj</name>
      </input_file>
      <input_file id="fl-117">
         <path>D:\TI\ccs2041\ccs\tools\compiler\ti-cgt-armllvm_4.0.4.LTS\lib\armv6m-ti-none-eabi\c\</path>
         <kind>archive</kind>
         <file>libsysbm.a</file>
         <name>hostread.c.obj</name>
      </input_file>
      <input_file id="fl-118">
         <path>D:\TI\ccs2041\ccs\tools\compiler\ti-cgt-armllvm_4.0.4.LTS\lib\armv6m-ti-none-eabi\c\</path>
         <kind>archive</kind>
         <file>libsysbm.a</file>
         <name>hostrename.c.obj</name>
      </input_file>
      <input_file id="fl-119">
         <path>D:\TI\ccs2041\ccs\tools\compiler\ti-cgt-armllvm_4.0.4.LTS\lib\armv6m-ti-none-eabi\c\</path>
         <kind>archive</kind>
         <file>libsysbm.a</file>
         <name>hostunlink.c.obj</name>
      </input_file>
      <input_file id="fl-11a">
         <path>D:\TI\ccs2041\ccs\tools\compiler\ti-cgt-armllvm_4.0.4.LTS\lib\armv6m-ti-none-eabi\c\</path>
         <kind>archive</kind>
         <file>libsysbm.a</file>
         <name>hostwrite.c.obj</name>
      </input_file>
      <input_file id="fl-11b">
         <path>D:\TI\ccs2041\ccs\tools\compiler\ti-cgt-armllvm_4.0.4.LTS\lib\armv6m-ti-none-eabi\c\</path>
         <kind>archive</kind>
         <file>libsysbm.a</file>
         <name>trgmsg.c.obj</name>
      </input_file>
      <input_file id="fl-11c">
         <path>D:\TI\ccs2041\ccs\tools\compiler\ti-cgt-armllvm_4.0.4.LTS\lib\armv6m-ti-none-eabi\</path>
         <kind>archive</kind>
         <file>libclang_rt.builtins.a</file>
         <name>addsf3.S.obj</name>
      </input_file>
      <input_file id="fl-11d">
         <path>D:\TI\ccs2041\ccs\tools\compiler\ti-cgt-armllvm_4.0.4.LTS\lib\armv6m-ti-none-eabi\</path>
         <kind>archive</kind>
         <file>libclang_rt.builtins.a</file>
         <name>adddf3.S.obj</name>
      </input_file>
      <input_file id="fl-11e">
         <path>D:\TI\ccs2041\ccs\tools\compiler\ti-cgt-armllvm_4.0.4.LTS\lib\armv6m-ti-none-eabi\</path>
         <kind>archive</kind>
         <file>libclang_rt.builtins.a</file>
         <name>muldf3.S.obj</name>
      </input_file>
      <input_file id="fl-11f">
         <path>D:\TI\ccs2041\ccs\tools\compiler\ti-cgt-armllvm_4.0.4.LTS\lib\armv6m-ti-none-eabi\</path>
         <kind>archive</kind>
         <file>libclang_rt.builtins.a</file>
         <name>muldsi3.S.obj</name>
      </input_file>
      <input_file id="fl-120">
         <path>D:\TI\ccs2041\ccs\tools\compiler\ti-cgt-armllvm_4.0.4.LTS\lib\armv6m-ti-none-eabi\</path>
         <kind>archive</kind>
         <file>libclang_rt.builtins.a</file>
         <name>mulsf3.S.obj</name>
      </input_file>
      <input_file id="fl-121">
         <path>D:\TI\ccs2041\ccs\tools\compiler\ti-cgt-armllvm_4.0.4.LTS\lib\armv6m-ti-none-eabi\</path>
         <kind>archive</kind>
         <file>libclang_rt.builtins.a</file>
         <name>divsf3.S.obj</name>
      </input_file>
      <input_file id="fl-122">
         <path>D:\TI\ccs2041\ccs\tools\compiler\ti-cgt-armllvm_4.0.4.LTS\lib\armv6m-ti-none-eabi\</path>
         <kind>archive</kind>
         <file>libclang_rt.builtins.a</file>
         <name>divdf3.S.obj</name>
      </input_file>
      <input_file id="fl-123">
         <path>D:\TI\ccs2041\ccs\tools\compiler\ti-cgt-armllvm_4.0.4.LTS\lib\armv6m-ti-none-eabi\</path>
         <kind>archive</kind>
         <file>libclang_rt.builtins.a</file>
         <name>extendsfdf2.S.obj</name>
      </input_file>
      <input_file id="fl-124">
         <path>D:\TI\ccs2041\ccs\tools\compiler\ti-cgt-armllvm_4.0.4.LTS\lib\armv6m-ti-none-eabi\</path>
         <kind>archive</kind>
         <file>libclang_rt.builtins.a</file>
         <name>fixdfsi.S.obj</name>
      </input_file>
      <input_file id="fl-125">
         <path>D:\TI\ccs2041\ccs\tools\compiler\ti-cgt-armllvm_4.0.4.LTS\lib\armv6m-ti-none-eabi\</path>
         <kind>archive</kind>
         <file>libclang_rt.builtins.a</file>
         <name>fixsfsi.S.obj</name>
      </input_file>
      <input_file id="fl-126">
         <path>D:\TI\ccs2041\ccs\tools\compiler\ti-cgt-armllvm_4.0.4.LTS\lib\armv6m-ti-none-eabi\</path>
         <kind>archive</kind>
         <file>libclang_rt.builtins.a</file>
         <name>fixunssfsi.S.obj</name>
      </input_file>
      <input_file id="fl-127">
         <path>D:\TI\ccs2041\ccs\tools\compiler\ti-cgt-armllvm_4.0.4.LTS\lib\armv6m-ti-none-eabi\</path>
         <kind>archive</kind>
         <file>libclang_rt.builtins.a</file>
         <name>floatsidf.S.obj</name>
      </input_file>
      <input_file id="fl-128">
         <path>D:\TI\ccs2041\ccs\tools\compiler\ti-cgt-armllvm_4.0.4.LTS\lib\armv6m-ti-none-eabi\</path>
         <kind>archive</kind>
         <file>libclang_rt.builtins.a</file>
         <name>floatsisf.S.obj</name>
      </input_file>
      <input_file id="fl-129">
         <path>D:\TI\ccs2041\ccs\tools\compiler\ti-cgt-armllvm_4.0.4.LTS\lib\armv6m-ti-none-eabi\</path>
         <kind>archive</kind>
         <file>libclang_rt.builtins.a</file>
         <name>floatunsidf.S.obj</name>
      </input_file>
      <input_file id="fl-12a">
         <path>D:\TI\ccs2041\ccs\tools\compiler\ti-cgt-armllvm_4.0.4.LTS\lib\armv6m-ti-none-eabi\</path>
         <kind>archive</kind>
         <file>libclang_rt.builtins.a</file>
         <name>floatunsisf.S.obj</name>
      </input_file>
      <input_file id="fl-12b">
         <path>D:\TI\ccs2041\ccs\tools\compiler\ti-cgt-armllvm_4.0.4.LTS\lib\armv6m-ti-none-eabi\</path>
         <kind>archive</kind>
         <file>libclang_rt.builtins.a</file>
         <name>muldi3.S.obj</name>
      </input_file>
      <input_file id="fl-12c">
         <path>D:\TI\ccs2041\ccs\tools\compiler\ti-cgt-armllvm_4.0.4.LTS\lib\armv6m-ti-none-eabi\</path>
         <kind>archive</kind>
         <file>libclang_rt.builtins.a</file>
         <name>aeabi_dcmp.S.obj</name>
      </input_file>
      <input_file id="fl-12d">
         <path>D:\TI\ccs2041\ccs\tools\compiler\ti-cgt-armllvm_4.0.4.LTS\lib\armv6m-ti-none-eabi\</path>
         <kind>archive</kind>
         <file>libclang_rt.builtins.a</file>
         <name>aeabi_fcmp.S.obj</name>
      </input_file>
      <input_file id="fl-12e">
         <path>D:\TI\ccs2041\ccs\tools\compiler\ti-cgt-armllvm_4.0.4.LTS\lib\armv6m-ti-none-eabi\</path>
         <kind>archive</kind>
         <file>libclang_rt.builtins.a</file>
         <name>aeabi_idivmod.S.obj</name>
      </input_file>
      <input_file id="fl-12f">
         <path>D:\TI\ccs2041\ccs\tools\compiler\ti-cgt-armllvm_4.0.4.LTS\lib\armv6m-ti-none-eabi\</path>
         <kind>archive</kind>
         <file>libclang_rt.builtins.a</file>
         <name>aeabi_memcpy.S.obj</name>
      </input_file>
      <input_file id="fl-130">
         <path>D:\TI\ccs2041\ccs\tools\compiler\ti-cgt-armllvm_4.0.4.LTS\lib\armv6m-ti-none-eabi\</path>
         <kind>archive</kind>
         <file>libclang_rt.builtins.a</file>
         <name>aeabi_memset.S.obj</name>
      </input_file>
      <input_file id="fl-131">
         <path>D:\TI\ccs2041\ccs\tools\compiler\ti-cgt-armllvm_4.0.4.LTS\lib\armv6m-ti-none-eabi\</path>
         <kind>archive</kind>
         <file>libclang_rt.builtins.a</file>
         <name>aeabi_uidivmod.S.obj</name>
      </input_file>
      <input_file id="fl-132">
         <path>D:\TI\ccs2041\ccs\tools\compiler\ti-cgt-armllvm_4.0.4.LTS\lib\armv6m-ti-none-eabi\</path>
         <kind>archive</kind>
         <file>libclang_rt.builtins.a</file>
         <name>aeabi_uldivmod.S.obj</name>
      </input_file>
      <input_file id="fl-133">
         <path>D:\TI\ccs2041\ccs\tools\compiler\ti-cgt-armllvm_4.0.4.LTS\lib\armv6m-ti-none-eabi\</path>
         <kind>archive</kind>
         <file>libclang_rt.builtins.a</file>
         <name>comparesf2.S.obj</name>
      </input_file>
      <input_file id="fl-134">
         <path>D:\TI\ccs2041\ccs\tools\compiler\ti-cgt-armllvm_4.0.4.LTS\lib\armv6m-ti-none-eabi\</path>
         <kind>archive</kind>
         <file>libclang_rt.builtins.a</file>
         <name>udivmoddi4.S.obj</name>
      </input_file>
      <input_file id="fl-135">
         <path>D:\TI\ccs2041\ccs\tools\compiler\ti-cgt-armllvm_4.0.4.LTS\lib\armv6m-ti-none-eabi\</path>
         <kind>archive</kind>
         <file>libclang_rt.builtins.a</file>
         <name>ashldi3.S.obj</name>
      </input_file>
      <input_file id="fl-136">
         <path>D:\TI\ccs2041\ccs\tools\compiler\ti-cgt-armllvm_4.0.4.LTS\lib\armv6m-ti-none-eabi\</path>
         <kind>archive</kind>
         <file>libclang_rt.builtins.a</file>
         <name>comparedf2.c.obj</name>
      </input_file>
      <input_file id="fl-137">
         <path>D:\TI\ccs2041\ccs\tools\compiler\ti-cgt-armllvm_4.0.4.LTS\lib\armv6m-ti-none-eabi\</path>
         <kind>archive</kind>
         <file>libclang_rt.builtins.a</file>
         <name>aeabi_div0.c.obj</name>
      </input_file>
      <input_file id="fl-138">
         <path>D:\TI\ccs2041\ccs\tools\compiler\ti-cgt-armllvm_4.0.4.LTS\lib\armv6m-ti-none-eabi\c\</path>
         <kind>archive</kind>
         <file>libc.a</file>
         <name>getdevice.c.obj</name>
      </input_file>
      <input_file id="fl-139">
         <path>D:\TI\ccs2041\ccs\tools\compiler\ti-cgt-armllvm_4.0.4.LTS\lib\armv6m-ti-none-eabi\c\</path>
         <kind>archive</kind>
         <file>libc.a</file>
         <name>memcpy16.S.obj</name>
      </input_file>
      <input_file id="fl-13a">
         <path>D:\TI\ccs2041\ccs\tools\compiler\ti-cgt-armllvm_4.0.4.LTS\lib\armv6m-ti-none-eabi\c\</path>
         <kind>archive</kind>
         <file>libc.a</file>
         <name>memset16.S.obj</name>
      </input_file>
      <input_file id="fl-13b">
         <path>D:\TI\ccs2041\ccs\tools\compiler\ti-cgt-armllvm_4.0.4.LTS\lib\armv6m-ti-none-eabi\c\</path>
         <kind>archive</kind>
         <file>libc.a</file>
         <name>strcmp-armv6m.S.obj</name>
      </input_file>
   </input_file_list>
   <object_component_list>
      <object_component id="oc-18">
         <name>.intvecs</name>
         <load_address>0x0</load_address>
         <readonly>true</readonly>
         <run_address>0x0</run_address>
         <size>0xc0</size>
         <alignment>0x4</alignment>
         <input_file_ref idref="fl-3"/>
      </object_component>
      <object_component id="oc-2cc">
         <name>.text:__TI_printfi</name>
         <load_address>0xc0</load_address>
         <readonly>true</readonly>
         <executable>true</executable>
         <run_address>0xc0</run_address>
         <size>0x9d0</size>
         <alignment>0x4</alignment>
         <input_file_ref idref="fl-57"/>
      </object_component>
      <object_component id="oc-cf">
         <name>.text.button_handler</name>
         <load_address>0xa90</load_address>
         <readonly>true</readonly>
         <executable>true</executable>
         <run_address>0xa90</run_address>
         <size>0x3f8</size>
         <alignment>0x4</alignment>
         <input_file_ref idref="fl-f"/>
      </object_component>
      <object_component id="oc-289">
         <name>.text.UartParser_ProcessByte</name>
         <load_address>0xe88</load_address>
         <readonly>true</readonly>
         <executable>true</executable>
         <run_address>0xe88</run_address>
         <size>0x26c</size>
         <alignment>0x4</alignment>
         <input_file_ref idref="fl-d"/>
      </object_component>
      <object_component id="oc-1c4">
         <name>.text.Menu2_ResetGimbal</name>
         <load_address>0x10f4</load_address>
         <readonly>true</readonly>
         <executable>true</executable>
         <run_address>0x10f4</run_address>
         <size>0x240</size>
         <alignment>0x4</alignment>
         <input_file_ref idref="fl-4"/>
      </object_component>
      <object_component id="oc-12a">
         <name>.text.Menu1</name>
         <load_address>0x1334</load_address>
         <readonly>true</readonly>
         <executable>true</executable>
         <run_address>0x1334</run_address>
         <size>0x220</size>
         <alignment>0x4</alignment>
         <input_file_ref idref="fl-4"/>
      </object_component>
      <object_component id="oc-313">
         <name>.text._pconv_a</name>
         <load_address>0x1554</load_address>
         <readonly>true</readonly>
         <executable>true</executable>
         <run_address>0x1554</run_address>
         <size>0x220</size>
         <alignment>0x4</alignment>
         <input_file_ref idref="fl-57"/>
      </object_component>
      <object_component id="oc-1c3">
         <name>.text.Menu2_SelectTask</name>
         <load_address>0x1774</load_address>
         <readonly>true</readonly>
         <executable>true</executable>
         <run_address>0x1774</run_address>
         <size>0x20c</size>
         <alignment>0x4</alignment>
         <input_file_ref idref="fl-4"/>
      </object_component>
      <object_component id="oc-314">
         <name>.text._pconv_g</name>
         <load_address>0x1980</load_address>
         <readonly>true</readonly>
         <executable>true</executable>
         <run_address>0x1980</run_address>
         <size>0x1dc</size>
         <alignment>0x4</alignment>
         <input_file_ref idref="fl-57"/>
      </object_component>
      <object_component id="oc-271">
         <name>.text.OLED_ShowChar</name>
         <load_address>0x1b5c</load_address>
         <readonly>true</readonly>
         <executable>true</executable>
         <run_address>0x1b5c</run_address>
         <size>0x1d0</size>
         <alignment>0x4</alignment>
         <input_file_ref idref="fl-15"/>
      </object_component>
      <object_component id="oc-17b">
         <name>.text.SYSCFG_DL_GPIO_init</name>
         <load_address>0x1d2c</load_address>
         <readonly>true</readonly>
         <executable>true</executable>
         <run_address>0x1d2c</run_address>
         <size>0x1a4</size>
         <alignment>0x4</alignment>
         <input_file_ref idref="fl-2"/>
      </object_component>
      <object_component id="oc-35c">
         <name>.text.adddf3_subdf3</name>
         <load_address>0x1ed0</load_address>
         <readonly>true</readonly>
         <executable>true</executable>
         <run_address>0x1ed0</run_address>
         <size>0x192</size>
         <alignment>0x4</alignment>
         <input_file_ref idref="fl-11d"/>
      </object_component>
      <object_component id="oc-2e1">
         <name>.text.__aeabi_idiv0</name>
         <load_address>0x2062</load_address>
         <readonly>true</readonly>
         <executable>true</executable>
         <run_address>0x2062</run_address>
         <size>0x2</size>
         <alignment>0x2</alignment>
         <input_file_ref idref="fl-137"/>
      </object_component>
      <object_component id="oc-fc">
         <name>.text.PID_AngleCompute</name>
         <load_address>0x2064</load_address>
         <readonly>true</readonly>
         <executable>true</executable>
         <run_address>0x2064</run_address>
         <size>0x190</size>
         <alignment>0x4</alignment>
         <input_file_ref idref="fl-a"/>
      </object_component>
      <object_component id="oc-9c">
         <name>.text.StepMotor_Angle_Proc</name>
         <load_address>0x21f4</load_address>
         <readonly>true</readonly>
         <executable>true</executable>
         <run_address>0x21f4</run_address>
         <size>0x144</size>
         <alignment>0x4</alignment>
         <input_file_ref idref="fl-13"/>
      </object_component>
      <object_component id="oc-360">
         <name>.text.fcvt</name>
         <load_address>0x2338</load_address>
         <readonly>true</readonly>
         <executable>true</executable>
         <run_address>0x2338</run_address>
         <size>0x13c</size>
         <alignment>0x4</alignment>
         <input_file_ref idref="fl-57"/>
      </object_component>
      <object_component id="oc-316">
         <name>.text._pconv_e</name>
         <load_address>0x2474</load_address>
         <readonly>true</readonly>
         <executable>true</executable>
         <run_address>0x2474</run_address>
         <size>0x120</size>
         <alignment>0x4</alignment>
         <input_file_ref idref="fl-57"/>
      </object_component>
      <object_component id="oc-17a">
         <name>.text.SYSCFG_DL_initPower</name>
         <load_address>0x2594</load_address>
         <readonly>true</readonly>
         <executable>true</executable>
         <run_address>0x2594</run_address>
         <size>0x11c</size>
         <alignment>0x4</alignment>
         <input_file_ref idref="fl-2"/>
      </object_component>
      <object_component id="oc-319">
         <name>.text.Transfer_Protocol</name>
         <load_address>0x26b0</load_address>
         <readonly>true</readonly>
         <executable>true</executable>
         <run_address>0x26b0</run_address>
         <size>0x11c</size>
         <alignment>0x4</alignment>
         <input_file_ref idref="fl-6"/>
      </object_component>
      <object_component id="oc-11b">
         <name>.text.OLED_Init</name>
         <load_address>0x27cc</load_address>
         <readonly>true</readonly>
         <executable>true</executable>
         <run_address>0x27cc</run_address>
         <size>0x114</size>
         <alignment>0x4</alignment>
         <input_file_ref idref="fl-15"/>
      </object_component>
      <object_component id="oc-b5">
         <name>.text.main</name>
         <load_address>0x28e0</load_address>
         <readonly>true</readonly>
         <executable>true</executable>
         <run_address>0x28e0</run_address>
         <size>0x114</size>
         <alignment>0x4</alignment>
         <input_file_ref idref="fl-1"/>
      </object_component>
      <object_component id="oc-358">
         <name>.text.__divdf3</name>
         <load_address>0x29f4</load_address>
         <readonly>true</readonly>
         <executable>true</executable>
         <run_address>0x29f4</run_address>
         <size>0x10c</size>
         <alignment>0x4</alignment>
         <input_file_ref idref="fl-122"/>
      </object_component>
      <object_component id="oc-226">
         <name>.text.DL_Timer_initFourCCPWMMode</name>
         <load_address>0x2b00</load_address>
         <readonly>true</readonly>
         <executable>true</executable>
         <run_address>0x2b00</run_address>
         <size>0x104</size>
         <alignment>0x4</alignment>
         <input_file_ref idref="fl-34"/>
      </object_component>
      <object_component id="oc-23b">
         <name>.text.DL_Timer_initTimerMode</name>
         <load_address>0x2c04</load_address>
         <readonly>true</readonly>
         <executable>true</executable>
         <run_address>0x2c04</run_address>
         <size>0xfc</size>
         <alignment>0x4</alignment>
         <input_file_ref idref="fl-34"/>
      </object_component>
      <object_component id="oc-280">
         <name>.text.Menu3_Task</name>
         <load_address>0x2d00</load_address>
         <readonly>true</readonly>
         <executable>true</executable>
         <run_address>0x2d00</run_address>
         <size>0xfc</size>
         <alignment>0x4</alignment>
         <input_file_ref idref="fl-4"/>
      </object_component>
      <object_component id="oc-21f">
         <name>.text.SYSCFG_DL_SYSCTL_SYSPLL_init</name>
         <load_address>0x2dfc</load_address>
         <readonly>true</readonly>
         <executable>true</executable>
         <run_address>0x2dfc</run_address>
         <size>0xe8</size>
         <alignment>0x4</alignment>
         <input_file_ref idref="fl-2"/>
      </object_component>
      <object_component id="oc-12f">
         <name>.text.Uart0_ReadCommand</name>
         <load_address>0x2ee4</load_address>
         <readonly>true</readonly>
         <executable>true</executable>
         <run_address>0x2ee4</run_address>
         <size>0xe4</size>
         <alignment>0x4</alignment>
         <input_file_ref idref="fl-d"/>
      </object_component>
      <object_component id="oc-350">
         <name>.text.__muldf3</name>
         <load_address>0x2fc8</load_address>
         <readonly>true</readonly>
         <executable>true</executable>
         <run_address>0x2fc8</run_address>
         <size>0xe4</size>
         <alignment>0x4</alignment>
         <input_file_ref idref="fl-11e"/>
      </object_component>
      <object_component id="oc-233">
         <name>.text.DL_Timer_initCaptureCombinedMode</name>
         <load_address>0x30ac</load_address>
         <readonly>true</readonly>
         <executable>true</executable>
         <run_address>0x30ac</run_address>
         <size>0xe0</size>
         <alignment>0x4</alignment>
         <input_file_ref idref="fl-34"/>
      </object_component>
      <object_component id="oc-21e">
         <name>.text.DL_SYSCTL_configSYSPLL</name>
         <load_address>0x318c</load_address>
         <readonly>true</readonly>
         <executable>true</executable>
         <run_address>0x318c</run_address>
         <size>0xdc</size>
         <alignment>0x4</alignment>
         <input_file_ref idref="fl-36"/>
      </object_component>
      <object_component id="oc-33f">
         <name>.text.scalbn</name>
         <load_address>0x3268</load_address>
         <readonly>true</readonly>
         <executable>true</executable>
         <run_address>0x3268</run_address>
         <size>0xd8</size>
         <alignment>0x4</alignment>
         <input_file_ref idref="fl-63"/>
      </object_component>
      <object_component id="oc-132">
         <name>.text</name>
         <load_address>0x3340</load_address>
         <readonly>true</readonly>
         <executable>true</executable>
         <run_address>0x3340</run_address>
         <size>0xd8</size>
         <alignment>0x4</alignment>
         <input_file_ref idref="fl-11c"/>
      </object_component>
      <object_component id="oc-2d5">
         <name>.text.Gimbal_Receive_Task</name>
         <load_address>0x3418</load_address>
         <readonly>true</readonly>
         <executable>true</executable>
         <run_address>0x3418</run_address>
         <size>0xb8</size>
         <alignment>0x4</alignment>
         <input_file_ref idref="fl-6"/>
      </object_component>
      <object_component id="oc-336">
         <name>.text</name>
         <load_address>0x34d0</load_address>
         <readonly>true</readonly>
         <executable>true</executable>
         <run_address>0x34d0</run_address>
         <size>0xa2</size>
         <alignment>0x4</alignment>
         <input_file_ref idref="fl-134"/>
      </object_component>
      <object_component id="oc-1b1">
         <name>.text.OLED_ShowString</name>
         <load_address>0x3572</load_address>
         <readonly>true</readonly>
         <executable>true</executable>
         <run_address>0x3572</run_address>
         <size>0x9a</size>
         <alignment>0x2</alignment>
         <input_file_ref idref="fl-15"/>
      </object_component>
      <object_component id="oc-1a4">
         <name>.text.PID_Init</name>
         <load_address>0x360c</load_address>
         <readonly>true</readonly>
         <executable>true</executable>
         <run_address>0x360c</run_address>
         <size>0x98</size>
         <alignment>0x4</alignment>
         <input_file_ref idref="fl-a"/>
      </object_component>
      <object_component id="oc-119">
         <name>.text.Uart_Init</name>
         <load_address>0x36a4</load_address>
         <readonly>true</readonly>
         <executable>true</executable>
         <run_address>0x36a4</run_address>
         <size>0x94</size>
         <alignment>0x4</alignment>
         <input_file_ref idref="fl-d"/>
      </object_component>
      <object_component id="oc-2b7">
         <name>.text.OLED_DrawPoint</name>
         <load_address>0x3738</load_address>
         <readonly>true</readonly>
         <executable>true</executable>
         <run_address>0x3738</run_address>
         <size>0x90</size>
         <alignment>0x4</alignment>
         <input_file_ref idref="fl-15"/>
      </object_component>
      <object_component id="oc-1ad">
         <name>.text.read_key_level</name>
         <load_address>0x37c8</load_address>
         <readonly>true</readonly>
         <executable>true</executable>
         <run_address>0x37c8</run_address>
         <size>0x90</size>
         <alignment>0x4</alignment>
         <input_file_ref idref="fl-11"/>
      </object_component>
      <object_component id="oc-1a0">
         <name>.text.OLED_WR_Byte</name>
         <load_address>0x3858</load_address>
         <readonly>true</readonly>
         <executable>true</executable>
         <run_address>0x3858</run_address>
         <size>0x8c</size>
         <alignment>0x4</alignment>
         <input_file_ref idref="fl-15"/>
      </object_component>
      <object_component id="oc-120">
         <name>.text.Step_Angle_Turn_Init</name>
         <load_address>0x38e4</load_address>
         <readonly>true</readonly>
         <executable>true</executable>
         <run_address>0x38e4</run_address>
         <size>0x8c</size>
         <alignment>0x4</alignment>
         <input_file_ref idref="fl-5"/>
      </object_component>
      <object_component id="oc-15f">
         <name>.text.__mulsf3</name>
         <load_address>0x3970</load_address>
         <readonly>true</readonly>
         <executable>true</executable>
         <run_address>0x3970</run_address>
         <size>0x8c</size>
         <alignment>0x4</alignment>
         <input_file_ref idref="fl-120"/>
      </object_component>
      <object_component id="oc-1a9">
         <name>.text.button_init</name>
         <load_address>0x39fc</load_address>
         <readonly>true</readonly>
         <executable>true</executable>
         <run_address>0x39fc</run_address>
         <size>0x88</size>
         <alignment>0x4</alignment>
         <input_file_ref idref="fl-f"/>
      </object_component>
      <object_component id="oc-2da">
         <name>.text.W25Q128_write</name>
         <load_address>0x3a84</load_address>
         <readonly>true</readonly>
         <executable>true</executable>
         <run_address>0x3a84</run_address>
         <size>0x84</size>
         <alignment>0x4</alignment>
         <input_file_ref idref="fl-e"/>
      </object_component>
      <object_component id="oc-248">
         <name>.text.__NVIC_SetPriority</name>
         <load_address>0x3b08</load_address>
         <readonly>true</readonly>
         <executable>true</executable>
         <run_address>0x3b08</run_address>
         <size>0x84</size>
         <alignment>0x4</alignment>
         <input_file_ref idref="fl-2"/>
      </object_component>
      <object_component id="oc-16d">
         <name>.text.__divsf3</name>
         <load_address>0x3b8c</load_address>
         <readonly>true</readonly>
         <executable>true</executable>
         <run_address>0x3b8c</run_address>
         <size>0x82</size>
         <alignment>0x4</alignment>
         <input_file_ref idref="fl-121"/>
      </object_component>
      <object_component id="oc-36f">
         <name>.text.__aeabi_ldiv0</name>
         <load_address>0x3c0e</load_address>
         <readonly>true</readonly>
         <executable>true</executable>
         <run_address>0x3c0e</run_address>
         <size>0x2</size>
         <alignment>0x2</alignment>
         <input_file_ref idref="fl-137"/>
      </object_component>
      <object_component id="oc-11a">
         <name>.text.InputCapture_Init</name>
         <load_address>0x3c10</load_address>
         <readonly>true</readonly>
         <executable>true</executable>
         <run_address>0x3c10</run_address>
         <size>0x80</size>
         <alignment>0x4</alignment>
         <input_file_ref idref="fl-8"/>
      </object_component>
      <object_component id="oc-1c1">
         <name>.text.OLED_Refresh</name>
         <load_address>0x3c90</load_address>
         <readonly>true</readonly>
         <executable>true</executable>
         <run_address>0x3c90</run_address>
         <size>0x7c</size>
         <alignment>0x4</alignment>
         <input_file_ref idref="fl-15"/>
      </object_component>
      <object_component id="oc-2d9">
         <name>.text.float_to_uint16</name>
         <load_address>0x3d0c</load_address>
         <readonly>true</readonly>
         <executable>true</executable>
         <run_address>0x3d0c</run_address>
         <size>0x7c</size>
         <alignment>0x4</alignment>
         <input_file_ref idref="fl-14"/>
      </object_component>
      <object_component id="oc-1c">
         <name>.text:decompress:lzss</name>
         <load_address>0x3d88</load_address>
         <readonly>true</readonly>
         <executable>true</executable>
         <run_address>0x3d88</run_address>
         <size>0x7c</size>
         <alignment>0x4</alignment>
         <input_file_ref idref="fl-56"/>
      </object_component>
      <object_component id="oc-e7">
         <name>.text.CircularLpf</name>
         <load_address>0x3e04</load_address>
         <readonly>true</readonly>
         <executable>true</executable>
         <run_address>0x3e04</run_address>
         <size>0x78</size>
         <alignment>0x4</alignment>
         <input_file_ref idref="fl-13"/>
      </object_component>
      <object_component id="oc-114">
         <name>.text.SYSCFG_DL_init</name>
         <load_address>0x3e7c</load_address>
         <readonly>true</readonly>
         <executable>true</executable>
         <run_address>0x3e7c</run_address>
         <size>0x78</size>
         <alignment>0x4</alignment>
         <input_file_ref idref="fl-2"/>
      </object_component>
      <object_component id="oc-44">
         <name>.text.TIMG0_IRQHandler</name>
         <load_address>0x3ef4</load_address>
         <readonly>true</readonly>
         <executable>true</executable>
         <run_address>0x3ef4</run_address>
         <size>0x78</size>
         <alignment>0x4</alignment>
         <input_file_ref idref="fl-8"/>
      </object_component>
      <object_component id="oc-39">
         <name>.text.TIMG8_IRQHandler</name>
         <load_address>0x3f6c</load_address>
         <readonly>true</readonly>
         <executable>true</executable>
         <run_address>0x3f6c</run_address>
         <size>0x78</size>
         <alignment>0x4</alignment>
         <input_file_ref idref="fl-8"/>
      </object_component>
      <object_component id="oc-17e">
         <name>.text.SYSCFG_DL_PWM_Under_init</name>
         <load_address>0x3fe4</load_address>
         <readonly>true</readonly>
         <executable>true</executable>
         <run_address>0x3fe4</run_address>
         <size>0x74</size>
         <alignment>0x4</alignment>
         <input_file_ref idref="fl-2"/>
      </object_component>
      <object_component id="oc-17d">
         <name>.text.SYSCFG_DL_PWM_Up_init</name>
         <load_address>0x4058</load_address>
         <readonly>true</readonly>
         <executable>true</executable>
         <run_address>0x4058</run_address>
         <size>0x74</size>
         <alignment>0x4</alignment>
         <input_file_ref idref="fl-2"/>
      </object_component>
      <object_component id="oc-17c">
         <name>.text.SYSCFG_DL_SYSCTL_init</name>
         <load_address>0x40cc</load_address>
         <readonly>true</readonly>
         <executable>true</executable>
         <run_address>0x40cc</run_address>
         <size>0x74</size>
         <alignment>0x4</alignment>
         <input_file_ref idref="fl-2"/>
      </object_component>
      <object_component id="oc-101">
         <name>.text.StepMotor_Up_Set_Speed</name>
         <load_address>0x4140</load_address>
         <readonly>true</readonly>
         <executable>true</executable>
         <run_address>0x4140</run_address>
         <size>0x74</size>
         <alignment>0x4</alignment>
         <input_file_ref idref="fl-13"/>
      </object_component>
      <object_component id="oc-1ce">
         <name>.text.Uart0_RecoverIfStalled</name>
         <load_address>0x41b4</load_address>
         <readonly>true</readonly>
         <executable>true</executable>
         <run_address>0x41b4</run_address>
         <size>0x74</size>
         <alignment>0x4</alignment>
         <input_file_ref idref="fl-d"/>
      </object_component>
      <object_component id="oc-272">
         <name>.text.W25Q128_read</name>
         <load_address>0x4228</load_address>
         <readonly>true</readonly>
         <executable>true</executable>
         <run_address>0x4228</run_address>
         <size>0x74</size>
         <alignment>0x4</alignment>
         <input_file_ref idref="fl-e"/>
      </object_component>
      <object_component id="oc-2ee">
         <name>.text.__gedf2</name>
         <load_address>0x429c</load_address>
         <readonly>true</readonly>
         <executable>true</executable>
         <run_address>0x429c</run_address>
         <size>0x74</size>
         <alignment>0x4</alignment>
         <input_file_ref idref="fl-136"/>
      </object_component>
      <object_component id="oc-103">
         <name>.text.StepMotor_Down_Set_Speed</name>
         <load_address>0x4310</load_address>
         <readonly>true</readonly>
         <executable>true</executable>
         <run_address>0x4310</run_address>
         <size>0x70</size>
         <alignment>0x4</alignment>
         <input_file_ref idref="fl-13"/>
      </object_component>
      <object_component id="oc-a1">
         <name>.text.Step_Angle_Callback</name>
         <load_address>0x4380</load_address>
         <readonly>true</readonly>
         <executable>true</executable>
         <run_address>0x4380</run_address>
         <size>0x6c</size>
         <alignment>0x4</alignment>
         <input_file_ref idref="fl-5"/>
      </object_component>
      <object_component id="oc-125">
         <name>.text.Key_Init</name>
         <load_address>0x43ec</load_address>
         <readonly>true</readonly>
         <executable>true</executable>
         <run_address>0x43ec</run_address>
         <size>0x68</size>
         <alignment>0x4</alignment>
         <input_file_ref idref="fl-11"/>
      </object_component>
      <object_component id="oc-17f">
         <name>.text.SYSCFG_DL_Buzzer_init</name>
         <load_address>0x4454</load_address>
         <readonly>true</readonly>
         <executable>true</executable>
         <run_address>0x4454</run_address>
         <size>0x68</size>
         <alignment>0x4</alignment>
         <input_file_ref idref="fl-2"/>
      </object_component>
      <object_component id="oc-2e8">
         <name>.text.__ledf2</name>
         <load_address>0x44bc</load_address>
         <readonly>true</readonly>
         <executable>true</executable>
         <run_address>0x44bc</run_address>
         <size>0x68</size>
         <alignment>0x4</alignment>
         <input_file_ref idref="fl-136"/>
      </object_component>
      <object_component id="oc-357">
         <name>.text._mcpy</name>
         <load_address>0x4524</load_address>
         <readonly>true</readonly>
         <executable>true</executable>
         <run_address>0x4524</run_address>
         <size>0x66</size>
         <alignment>0x2</alignment>
         <input_file_ref idref="fl-57"/>
      </object_component>
      <object_component id="oc-218">
         <name>.text.DL_SYSCTL_setHFCLKSourceHFXTParams</name>
         <load_address>0x458c</load_address>
         <readonly>true</readonly>
         <executable>true</executable>
         <run_address>0x458c</run_address>
         <size>0x64</size>
         <alignment>0x4</alignment>
         <input_file_ref idref="fl-36"/>
      </object_component>
      <object_component id="oc-172">
         <name>.text.PWM_Under_Set_Frequency</name>
         <load_address>0x45f0</load_address>
         <readonly>true</readonly>
         <executable>true</executable>
         <run_address>0x45f0</run_address>
         <size>0x64</size>
         <alignment>0x4</alignment>
         <input_file_ref idref="fl-b"/>
      </object_component>
      <object_component id="oc-171">
         <name>.text.PWM_Up_Set_Frequency</name>
         <load_address>0x4654</load_address>
         <readonly>true</readonly>
         <executable>true</executable>
         <run_address>0x4654</run_address>
         <size>0x64</size>
         <alignment>0x4</alignment>
         <input_file_ref idref="fl-b"/>
      </object_component>
      <object_component id="oc-2ab">
         <name>.text.__aeabi_dcmp</name>
         <load_address>0x46b8</load_address>
         <readonly>true</readonly>
         <executable>true</executable>
         <run_address>0x46b8</run_address>
         <size>0x62</size>
         <alignment>0x4</alignment>
         <input_file_ref idref="fl-12c"/>
      </object_component>
      <object_component id="oc-136">
         <name>.text.__aeabi_fcmp</name>
         <load_address>0x471c</load_address>
         <readonly>true</readonly>
         <executable>true</executable>
         <run_address>0x471c</run_address>
         <size>0x62</size>
         <alignment>0x4</alignment>
         <input_file_ref idref="fl-12d"/>
      </object_component>
      <object_component id="oc-80">
         <name>.text.UartRxRing_Push</name>
         <load_address>0x477e</load_address>
         <readonly>true</readonly>
         <executable>true</executable>
         <run_address>0x477e</run_address>
         <size>0x60</size>
         <alignment>0x2</alignment>
         <input_file_ref idref="fl-d"/>
      </object_component>
      <object_component id="oc-92">
         <name>.text.LED_Tick</name>
         <load_address>0x47e0</load_address>
         <readonly>true</readonly>
         <executable>true</executable>
         <run_address>0x47e0</run_address>
         <size>0x5c</size>
         <alignment>0x4</alignment>
         <input_file_ref idref="fl-12"/>
      </object_component>
      <object_component id="oc-183">
         <name>.text.SYSCFG_DL_UART_0_init</name>
         <load_address>0x483c</load_address>
         <readonly>true</readonly>
         <executable>true</executable>
         <run_address>0x483c</run_address>
         <size>0x5c</size>
         <alignment>0x4</alignment>
         <input_file_ref idref="fl-2"/>
      </object_component>
      <object_component id="oc-184">
         <name>.text.SYSCFG_DL_UART_K230_init</name>
         <load_address>0x4898</load_address>
         <readonly>true</readonly>
         <executable>true</executable>
         <run_address>0x4898</run_address>
         <size>0x5c</size>
         <alignment>0x4</alignment>
         <input_file_ref idref="fl-2"/>
      </object_component>
      <object_component id="oc-1ab">
         <name>.text.button_start</name>
         <load_address>0x48f4</load_address>
         <readonly>true</readonly>
         <executable>true</executable>
         <run_address>0x48f4</run_address>
         <size>0x5c</size>
         <alignment>0x4</alignment>
         <input_file_ref idref="fl-f"/>
      </object_component>
      <object_component id="oc-33b">
         <name>.text.frexp</name>
         <load_address>0x4950</load_address>
         <readonly>true</readonly>
         <executable>true</executable>
         <run_address>0x4950</run_address>
         <size>0x5c</size>
         <alignment>0x4</alignment>
         <input_file_ref idref="fl-62"/>
      </object_component>
      <object_component id="oc-1a1">
         <name>.text.OLED_Clear</name>
         <load_address>0x49ac</load_address>
         <readonly>true</readonly>
         <executable>true</executable>
         <run_address>0x49ac</run_address>
         <size>0x58</size>
         <alignment>0x4</alignment>
         <input_file_ref idref="fl-15"/>
      </object_component>
      <object_component id="oc-192">
         <name>.text.UartParser_Reset</name>
         <load_address>0x4a04</load_address>
         <readonly>true</readonly>
         <executable>true</executable>
         <run_address>0x4a04</run_address>
         <size>0x58</size>
         <alignment>0x2</alignment>
         <input_file_ref idref="fl-d"/>
      </object_component>
      <object_component id="oc-347">
         <name>.text.__TI_ltoa</name>
         <load_address>0x4a5c</load_address>
         <readonly>true</readonly>
         <executable>true</executable>
         <run_address>0x4a5c</run_address>
         <size>0x58</size>
         <alignment>0x2</alignment>
         <input_file_ref idref="fl-5b"/>
      </object_component>
      <object_component id="oc-315">
         <name>.text._pconv_f</name>
         <load_address>0x4ab4</load_address>
         <readonly>true</readonly>
         <executable>true</executable>
         <run_address>0x4ab4</run_address>
         <size>0x58</size>
         <alignment>0x2</alignment>
         <input_file_ref idref="fl-57"/>
      </object_component>
      <object_component id="oc-37c">
         <name>.text.__aeabi_idivmod</name>
         <load_address>0x4b0c</load_address>
         <readonly>true</readonly>
         <executable>true</executable>
         <run_address>0x4b0c</run_address>
         <size>0x56</size>
         <alignment>0x4</alignment>
         <input_file_ref idref="fl-12e"/>
      </object_component>
      <object_component id="oc-2d2">
         <name>.text.Send_Task</name>
         <load_address>0x4b64</load_address>
         <readonly>true</readonly>
         <executable>true</executable>
         <run_address>0x4b64</run_address>
         <size>0x54</size>
         <alignment>0x4</alignment>
         <input_file_ref idref="fl-6"/>
      </object_component>
      <object_component id="oc-288">
         <name>.text.UartRxRing_Pop</name>
         <load_address>0x4bb8</load_address>
         <readonly>true</readonly>
         <executable>true</executable>
         <run_address>0x4bb8</run_address>
         <size>0x54</size>
         <alignment>0x2</alignment>
         <input_file_ref idref="fl-d"/>
      </object_component>
      <object_component id="oc-1cf">
         <name>.text.Uart_ProcessRx</name>
         <load_address>0x4c0c</load_address>
         <readonly>true</readonly>
         <executable>true</executable>
         <run_address>0x4c0c</run_address>
         <size>0x54</size>
         <alignment>0x2</alignment>
         <input_file_ref idref="fl-d"/>
      </object_component>
      <object_component id="oc-31e">
         <name>.text.W25Q128_erase_sector</name>
         <load_address>0x4c60</load_address>
         <readonly>true</readonly>
         <executable>true</executable>
         <run_address>0x4c60</run_address>
         <size>0x54</size>
         <alignment>0x4</alignment>
         <input_file_ref idref="fl-e"/>
      </object_component>
      <object_component id="oc-e6">
         <name>.text.WrapAngle180</name>
         <load_address>0x4cb4</load_address>
         <readonly>true</readonly>
         <executable>true</executable>
         <run_address>0x4cb4</run_address>
         <size>0x54</size>
         <alignment>0x4</alignment>
         <input_file_ref idref="fl-13"/>
      </object_component>
      <object_component id="oc-355">
         <name>.text._ecpy</name>
         <load_address>0x4d08</load_address>
         <readonly>true</readonly>
         <executable>true</executable>
         <run_address>0x4d08</run_address>
         <size>0x52</size>
         <alignment>0x2</alignment>
         <input_file_ref idref="fl-57"/>
      </object_component>
      <object_component id="oc-36c">
         <name>.text.PWM_Buzzer_Set_Frequency</name>
         <load_address>0x4d5c</load_address>
         <readonly>true</readonly>
         <executable>true</executable>
         <run_address>0x4d5c</run_address>
         <size>0x50</size>
         <alignment>0x4</alignment>
         <input_file_ref idref="fl-b"/>
      </object_component>
      <object_component id="oc-268">
         <name>.text.SysTick_Config</name>
         <load_address>0x4dac</load_address>
         <readonly>true</readonly>
         <executable>true</executable>
         <run_address>0x4dac</run_address>
         <size>0x50</size>
         <alignment>0x4</alignment>
         <input_file_ref idref="fl-2"/>
      </object_component>
      <object_component id="oc-2bd">
         <name>.text.spi_read_write_byte</name>
         <load_address>0x4dfc</load_address>
         <readonly>true</readonly>
         <executable>true</executable>
         <run_address>0x4dfc</run_address>
         <size>0x50</size>
         <alignment>0x4</alignment>
         <input_file_ref idref="fl-e"/>
      </object_component>
      <object_component id="oc-277">
         <name>.text.uint16_to_float</name>
         <load_address>0x4e4c</load_address>
         <readonly>true</readonly>
         <executable>true</executable>
         <run_address>0x4e4c</run_address>
         <size>0x50</size>
         <alignment>0x4</alignment>
         <input_file_ref idref="fl-14"/>
      </object_component>
      <object_component id="oc-210">
         <name>.text.DL_GPIO_initDigitalInputFeatures</name>
         <load_address>0x4e9c</load_address>
         <readonly>true</readonly>
         <executable>true</executable>
         <run_address>0x4e9c</run_address>
         <size>0x4c</size>
         <alignment>0x4</alignment>
         <input_file_ref idref="fl-2"/>
      </object_component>
      <object_component id="oc-246">
         <name>.text.DL_UART_setBaudRateDivisor</name>
         <load_address>0x4ee8</load_address>
         <readonly>true</readonly>
         <executable>true</executable>
         <run_address>0x4ee8</run_address>
         <size>0x4c</size>
         <alignment>0x4</alignment>
         <input_file_ref idref="fl-2"/>
      </object_component>
      <object_component id="oc-181">
         <name>.text.SYSCFG_DL_CAPTURE_Down_init</name>
         <load_address>0x4f34</load_address>
         <readonly>true</readonly>
         <executable>true</executable>
         <run_address>0x4f34</run_address>
         <size>0x4c</size>
         <alignment>0x4</alignment>
         <input_file_ref idref="fl-2"/>
      </object_component>
      <object_component id="oc-180">
         <name>.text.SYSCFG_DL_CAPTURE_Up_init</name>
         <load_address>0x4f80</load_address>
         <readonly>true</readonly>
         <executable>true</executable>
         <run_address>0x4f80</run_address>
         <size>0x4c</size>
         <alignment>0x4</alignment>
         <input_file_ref idref="fl-2"/>
      </object_component>
      <object_component id="oc-265">
         <name>.text.DL_ADC12_configConversionMem</name>
         <load_address>0x4fcc</load_address>
         <readonly>true</readonly>
         <executable>true</executable>
         <run_address>0x4fcc</run_address>
         <size>0x4a</size>
         <alignment>0x2</alignment>
         <input_file_ref idref="fl-2"/>
      </object_component>
      <object_component id="oc-343">
         <name>.text.__fixdfsi</name>
         <load_address>0x5018</load_address>
         <readonly>true</readonly>
         <executable>true</executable>
         <run_address>0x5018</run_address>
         <size>0x4a</size>
         <alignment>0x4</alignment>
         <input_file_ref idref="fl-124"/>
      </object_component>
      <object_component id="oc-244">
         <name>.text.DL_UART_init</name>
         <load_address>0x5064</load_address>
         <readonly>true</readonly>
         <executable>true</executable>
         <run_address>0x5064</run_address>
         <size>0x48</size>
         <alignment>0x4</alignment>
         <input_file_ref idref="fl-35"/>
      </object_component>
      <object_component id="oc-320">
         <name>.text.W25Q128_wait_busy</name>
         <load_address>0x50ac</load_address>
         <readonly>true</readonly>
         <executable>true</executable>
         <run_address>0x50ac</run_address>
         <size>0x48</size>
         <alignment>0x4</alignment>
         <input_file_ref idref="fl-e"/>
      </object_component>
      <object_component id="oc-259">
         <name>.text.DL_SPI_init</name>
         <load_address>0x50f4</load_address>
         <readonly>true</readonly>
         <executable>true</executable>
         <run_address>0x50f4</run_address>
         <size>0x44</size>
         <alignment>0x4</alignment>
         <input_file_ref idref="fl-33"/>
      </object_component>
      <object_component id="oc-223">
         <name>.text.DL_SYSCTL_switchMCLKfromSYSOSCtoHSCLK</name>
         <load_address>0x5138</load_address>
         <readonly>true</readonly>
         <executable>true</executable>
         <run_address>0x5138</run_address>
         <size>0x44</size>
         <alignment>0x4</alignment>
         <input_file_ref idref="fl-36"/>
      </object_component>
      <object_component id="oc-38b">
         <name>.text.Uart0_Send_Char</name>
         <load_address>0x517c</load_address>
         <readonly>true</readonly>
         <executable>true</executable>
         <run_address>0x517c</run_address>
         <size>0x44</size>
         <alignment>0x4</alignment>
         <input_file_ref idref="fl-d"/>
      </object_component>
      <object_component id="oc-25f">
         <name>.text.DL_ADC12_setClockConfig</name>
         <load_address>0x51c0</load_address>
         <readonly>true</readonly>
         <executable>true</executable>
         <run_address>0x51c0</run_address>
         <size>0x40</size>
         <alignment>0x4</alignment>
         <input_file_ref idref="fl-31"/>
      </object_component>
      <object_component id="oc-31d">
         <name>.text.LED_On_Time</name>
         <load_address>0x5200</load_address>
         <readonly>true</readonly>
         <executable>true</executable>
         <run_address>0x5200</run_address>
         <size>0x40</size>
         <alignment>0x4</alignment>
         <input_file_ref idref="fl-12"/>
      </object_component>
      <object_component id="oc-187">
         <name>.text.SYSCFG_DL_SPI1_init</name>
         <load_address>0x5240</load_address>
         <readonly>true</readonly>
         <executable>true</executable>
         <run_address>0x5240</run_address>
         <size>0x40</size>
         <alignment>0x4</alignment>
         <input_file_ref idref="fl-2"/>
      </object_component>
      <object_component id="oc-185">
         <name>.text.SYSCFG_DL_UART_1_init</name>
         <load_address>0x5280</load_address>
         <readonly>true</readonly>
         <executable>true</executable>
         <run_address>0x5280</run_address>
         <size>0x40</size>
         <alignment>0x4</alignment>
         <input_file_ref idref="fl-2"/>
      </object_component>
      <object_component id="oc-186">
         <name>.text.SYSCFG_DL_UART_3_init</name>
         <load_address>0x52c0</load_address>
         <readonly>true</readonly>
         <executable>true</executable>
         <run_address>0x52c0</run_address>
         <size>0x40</size>
         <alignment>0x4</alignment>
         <input_file_ref idref="fl-2"/>
      </object_component>
      <object_component id="oc-43">
         <name>.text.UART0_IRQHandler</name>
         <load_address>0x5300</load_address>
         <readonly>true</readonly>
         <executable>true</executable>
         <run_address>0x5300</run_address>
         <size>0x40</size>
         <alignment>0x4</alignment>
         <input_file_ref idref="fl-d"/>
      </object_component>
      <object_component id="oc-3e">
         <name>.text.UART2_IRQHandler</name>
         <load_address>0x5340</load_address>
         <readonly>true</readonly>
         <executable>true</executable>
         <run_address>0x5340</run_address>
         <size>0x40</size>
         <alignment>0x4</alignment>
         <input_file_ref idref="fl-d"/>
      </object_component>
      <object_component id="oc-2a3">
         <name>.text.__aeabi_uidivmod</name>
         <load_address>0x5380</load_address>
         <readonly>true</readonly>
         <executable>true</executable>
         <run_address>0x5380</run_address>
         <size>0x40</size>
         <alignment>0x4</alignment>
         <input_file_ref idref="fl-131"/>
      </object_component>
      <object_component id="oc-1b7">
         <name>.text.__extendsfdf2</name>
         <load_address>0x53c0</load_address>
         <readonly>true</readonly>
         <executable>true</executable>
         <run_address>0x53c0</run_address>
         <size>0x40</size>
         <alignment>0x4</alignment>
         <input_file_ref idref="fl-123"/>
      </object_component>
      <object_component id="oc-2fd">
         <name>.text.atoi</name>
         <load_address>0x5400</load_address>
         <readonly>true</readonly>
         <executable>true</executable>
         <run_address>0x5400</run_address>
         <size>0x40</size>
         <alignment>0x4</alignment>
         <input_file_ref idref="fl-5e"/>
      </object_component>
      <object_component id="oc-365">
         <name>.text.vsnprintf</name>
         <load_address>0x5440</load_address>
         <readonly>true</readonly>
         <executable>true</executable>
         <run_address>0x5440</run_address>
         <size>0x40</size>
         <alignment>0x4</alignment>
         <input_file_ref idref="fl-4e"/>
      </object_component>
      <object_component id="oc-227">
         <name>.text.DL_Timer_setCounterControl</name>
         <load_address>0x5480</load_address>
         <readonly>true</readonly>
         <executable>true</executable>
         <run_address>0x5480</run_address>
         <size>0x3c</size>
         <alignment>0x4</alignment>
         <input_file_ref idref="fl-2"/>
      </object_component>
      <object_component id="oc-36b">
         <name>.text.Uart0_Send_String</name>
         <load_address>0x54bc</load_address>
         <readonly>true</readonly>
         <executable>true</executable>
         <run_address>0x54bc</run_address>
         <size>0x3c</size>
         <alignment>0x2</alignment>
         <input_file_ref idref="fl-d"/>
      </object_component>
      <object_component id="oc-2dd">
         <name>.text.__floatsisf</name>
         <load_address>0x54f8</load_address>
         <readonly>true</readonly>
         <executable>true</executable>
         <run_address>0x54f8</run_address>
         <size>0x3c</size>
         <alignment>0x4</alignment>
         <input_file_ref idref="fl-128"/>
      </object_component>
      <object_component id="oc-1d6">
         <name>.text.__gtsf2</name>
         <load_address>0x5534</load_address>
         <readonly>true</readonly>
         <executable>true</executable>
         <run_address>0x5534</run_address>
         <size>0x3c</size>
         <alignment>0x4</alignment>
         <input_file_ref idref="fl-133"/>
      </object_component>
      <object_component id="oc-1aa">
         <name>.text.button_attach</name>
         <load_address>0x5570</load_address>
         <readonly>true</readonly>
         <executable>true</executable>
         <run_address>0x5570</run_address>
         <size>0x3c</size>
         <alignment>0x2</alignment>
         <input_file_ref idref="fl-f"/>
      </object_component>
      <object_component id="oc-143">
         <name>.text:__TI_auto_init_nobinit_nopinit</name>
         <load_address>0x55ac</load_address>
         <readonly>true</readonly>
         <executable>true</executable>
         <run_address>0x55ac</run_address>
         <size>0x3c</size>
         <alignment>0x4</alignment>
         <input_file_ref idref="fl-51"/>
      </object_component>
      <object_component id="oc-1d1">
         <name>.text.__eqsf2</name>
         <load_address>0x55e8</load_address>
         <readonly>true</readonly>
         <executable>true</executable>
         <run_address>0x55e8</run_address>
         <size>0x3a</size>
         <alignment>0x4</alignment>
         <input_file_ref idref="fl-133"/>
      </object_component>
      <object_component id="oc-1ed">
         <name>.text.__muldsi3</name>
         <load_address>0x5624</load_address>
         <readonly>true</readonly>
         <executable>true</executable>
         <run_address>0x5624</run_address>
         <size>0x3a</size>
         <alignment>0x4</alignment>
         <input_file_ref idref="fl-11f"/>
      </object_component>
      <object_component id="oc-1b2">
         <name>.text.Read_Gimbal_XY</name>
         <load_address>0x565e</load_address>
         <readonly>true</readonly>
         <executable>true</executable>
         <run_address>0x565e</run_address>
         <size>0x38</size>
         <alignment>0x2</alignment>
         <input_file_ref idref="fl-14"/>
      </object_component>
      <object_component id="oc-188">
         <name>.text.SYSCFG_DL_ADC12_0_init</name>
         <load_address>0x5698</load_address>
         <readonly>true</readonly>
         <executable>true</executable>
         <run_address>0x5698</run_address>
         <size>0x38</size>
         <alignment>0x4</alignment>
         <input_file_ref idref="fl-2"/>
      </object_component>
      <object_component id="oc-2dc">
         <name>.text.UartParser_FinishParam</name>
         <load_address>0x56d0</load_address>
         <readonly>true</readonly>
         <executable>true</executable>
         <run_address>0x56d0</run_address>
         <size>0x38</size>
         <alignment>0x2</alignment>
         <input_file_ref idref="fl-d"/>
      </object_component>
      <object_component id="oc-164">
         <name>.text.__fixsfsi</name>
         <load_address>0x5708</load_address>
         <readonly>true</readonly>
         <executable>true</executable>
         <run_address>0x5708</run_address>
         <size>0x38</size>
         <alignment>0x4</alignment>
         <input_file_ref idref="fl-125"/>
      </object_component>
      <object_component id="oc-1bb">
         <name>.text.sprintf</name>
         <load_address>0x5740</load_address>
         <readonly>true</readonly>
         <executable>true</executable>
         <run_address>0x5740</run_address>
         <size>0x38</size>
         <alignment>0x4</alignment>
         <input_file_ref idref="fl-4d"/>
      </object_component>
      <object_component id="oc-182">
         <name>.text.SYSCFG_DL_Timer_Gimbal_init</name>
         <load_address>0x5778</load_address>
         <readonly>true</readonly>
         <executable>true</executable>
         <run_address>0x5778</run_address>
         <size>0x34</size>
[...]
         <value>0x65b9</value>
         <object_component_ref idref="oc-253"/>
      </symbol>
      <symbol id="sm-4e0">
         <name>DL_Timer_setClockConfig</name>
         <value>0x5fc5</value>
         <object_component_ref idref="oc-225"/>
      </symbol>
      <symbol id="sm-4e1">
         <name>DL_Timer_initTimerMode</name>
         <value>0x2c05</value>
         <object_component_ref idref="oc-23b"/>
      </symbol>
      <symbol id="sm-4e2">
         <name>DL_Timer_setCaptureCompareValue</name>
         <value>0x6689</value>
         <object_component_ref idref="oc-1f9"/>
      </symbol>
      <symbol id="sm-4e3">
         <name>DL_Timer_initCaptureCombinedMode</name>
         <value>0x30ad</value>
         <object_component_ref idref="oc-233"/>
      </symbol>
      <symbol id="sm-4e4">
         <name>DL_Timer_getCaptureCompareValue</name>
         <value>0x6679</value>
         <object_component_ref idref="oc-70"/>
      </symbol>
      <symbol id="sm-4e5">
         <name>DL_Timer_setCaptCompUpdateMethod</name>
         <value>0x5f8d</value>
         <object_component_ref idref="oc-229"/>
      </symbol>
      <symbol id="sm-4e6">
         <name>DL_Timer_setCaptureCompareOutCtl</name>
         <value>0x6245</value>
         <object_component_ref idref="oc-228"/>
      </symbol>
      <symbol id="sm-4e7">
         <name>DL_Timer_setCaptureCompareInputFilter</name>
         <value>0x5fa9</value>
         <object_component_ref idref="oc-234"/>
      </symbol>
      <symbol id="sm-4e8">
         <name>DL_Timer_enableCaptureCompareInputFilter</name>
         <value>0x6519</value>
         <object_component_ref idref="oc-235"/>
      </symbol>
      <symbol id="sm-4e9">
         <name>DL_Timer_initFourCCPWMMode</name>
         <value>0x2b01</value>
         <object_component_ref idref="oc-226"/>
      </symbol>
      <symbol id="sm-4f6">
         <name>DL_UART_init</name>
         <value>0x5065</value>
         <object_component_ref idref="oc-244"/>
      </symbol>
      <symbol id="sm-4f7">
         <name>DL_UART_setClockConfig</name>
         <value>0x65ef</value>
         <object_component_ref idref="oc-23e"/>
      </symbol>
      <symbol id="sm-50b">
         <name>DL_SYSCTL_configSYSPLL</name>
         <value>0x318d</value>
         <object_component_ref idref="oc-21e"/>
      </symbol>
      <symbol id="sm-50c">
         <name>DL_SYSCTL_switchMCLKfromSYSOSCtoHSCLK</name>
         <value>0x5139</value>
         <object_component_ref idref="oc-223"/>
      </symbol>
      <symbol id="sm-50d">
         <name>DL_SYSCTL_setHFCLKSourceHFXTParams</name>
         <value>0x458d</value>
         <object_component_ref idref="oc-218"/>
      </symbol>
      <symbol id="sm-50e">
         <name>DL_SYSCTL_configFCC</name>
         <value>0x5f01</value>
         <object_component_ref idref="oc-29f"/>
      </symbol>
      <symbol id="sm-51f">
         <name>sprintf</name>
         <value>0x5741</value>
         <object_component_ref idref="oc-1bb"/>
      </symbol>
      <symbol id="sm-530">
         <name>vsnprintf</name>
         <value>0x5441</value>
         <object_component_ref idref="oc-365"/>
      </symbol>
      <symbol id="sm-53b">
         <name>_c_int00_noargs</name>
         <value>0x5ce5</value>
         <object_component_ref idref="oc-65"/>
      </symbol>
      <symbol id="sm-53c">
         <name>__stack</name>
         <value>0x20207e00</value>
         <object_component_ref idref="oc-1a"/>
      </symbol>
      <symbol id="sm-54b">
         <name>__TI_auto_init_nobinit_nopinit</name>
         <value>0x55ad</value>
         <object_component_ref idref="oc-143"/>
      </symbol>
      <symbol id="sm-553">
         <name>_system_pre_init</name>
         <value>0x682d</value>
         <object_component_ref idref="oc-b1"/>
      </symbol>
      <symbol id="sm-55e">
         <name>__TI_zero_init</name>
         <value>0x6719</value>
         <object_component_ref idref="oc-62"/>
      </symbol>
      <symbol id="sm-567">
         <name>__TI_decompress_none</name>
         <value>0x6625</value>
         <object_component_ref idref="oc-20"/>
      </symbol>
      <symbol id="sm-572">
         <name>__TI_decompress_lzss</name>
         <value>0x3d89</value>
         <object_component_ref idref="oc-1c"/>
      </symbol>
      <symbol id="sm-5bb">
         <name>__TI_printfi</name>
         <value>0xc1</value>
         <object_component_ref idref="oc-2cc"/>
      </symbol>
      <symbol id="sm-5c6">
         <name>__aeabi_errno_addr</name>
         <value>0x67f9</value>
         <object_component_ref idref="oc-305"/>
      </symbol>
      <symbol id="sm-5c7">
         <name>__aeabi_errno</name>
         <value>0x20200ab0</value>
         <object_component_ref idref="oc-331"/>
      </symbol>
      <symbol id="sm-5d1">
         <name>abort</name>
         <value>0x6809</value>
         <object_component_ref idref="oc-13c"/>
      </symbol>
      <symbol id="sm-5db">
         <name>__TI_ltoa</name>
         <value>0x4a5d</value>
         <object_component_ref idref="oc-347"/>
      </symbol>
      <symbol id="sm-5e7">
         <name>atoi</name>
         <value>0x5401</value>
         <object_component_ref idref="oc-2fd"/>
      </symbol>
      <symbol id="sm-5f1">
         <name>memccpy</name>
         <value>0x5e05</value>
         <object_component_ref idref="oc-2f6"/>
      </symbol>
      <symbol id="sm-5fc">
         <name>frexp</name>
         <value>0x4951</value>
         <object_component_ref idref="oc-33b"/>
      </symbol>
      <symbol id="sm-5fd">
         <name>frexpl</name>
         <value>0x4951</value>
         <object_component_ref idref="oc-33b"/>
      </symbol>
      <symbol id="sm-607">
         <name>scalbn</name>
         <value>0x3269</value>
         <object_component_ref idref="oc-33f"/>
      </symbol>
      <symbol id="sm-608">
         <name>ldexp</name>
         <value>0x3269</value>
         <object_component_ref idref="oc-33f"/>
      </symbol>
      <symbol id="sm-609">
         <name>scalbnl</name>
         <value>0x3269</value>
         <object_component_ref idref="oc-33f"/>
      </symbol>
      <symbol id="sm-60a">
         <name>ldexpl</name>
         <value>0x3269</value>
         <object_component_ref idref="oc-33f"/>
      </symbol>
      <symbol id="sm-613">
         <name>wcslen</name>
         <value>0x6709</value>
         <object_component_ref idref="oc-301"/>
      </symbol>
      <symbol id="sm-618">
         <name>__aeabi_ctype_table_</name>
         <value>0x8220</value>
         <object_component_ref idref="oc-32a"/>
      </symbol>
      <symbol id="sm-619">
         <name>__aeabi_ctype_table_C</name>
         <value>0x8220</value>
         <object_component_ref idref="oc-32a"/>
      </symbol>
      <symbol id="sm-624">
         <name>HOSTexit</name>
         <value>0x6813</value>
         <object_component_ref idref="oc-1dd"/>
      </symbol>
      <symbol id="sm-625">
         <name>C$$EXIT</name>
         <value>0x6812</value>
         <object_component_ref idref="oc-1dd"/>
      </symbol>
      <symbol id="sm-63a">
         <name>__aeabi_fadd</name>
         <value>0x334b</value>
         <object_component_ref idref="oc-132"/>
      </symbol>
      <symbol id="sm-63b">
         <name>__addsf3</name>
         <value>0x334b</value>
         <object_component_ref idref="oc-132"/>
      </symbol>
      <symbol id="sm-63c">
         <name>__aeabi_fsub</name>
         <value>0x3341</value>
         <object_component_ref idref="oc-132"/>
      </symbol>
      <symbol id="sm-63d">
         <name>__subsf3</name>
         <value>0x3341</value>
         <object_component_ref idref="oc-132"/>
      </symbol>
      <symbol id="sm-643">
         <name>__aeabi_dadd</name>
         <value>0x1edb</value>
         <object_component_ref idref="oc-35c"/>
      </symbol>
      <symbol id="sm-644">
         <name>__adddf3</name>
         <value>0x1edb</value>
         <object_component_ref idref="oc-35c"/>
      </symbol>
      <symbol id="sm-645">
         <name>__aeabi_dsub</name>
         <value>0x1ed1</value>
         <object_component_ref idref="oc-35c"/>
      </symbol>
      <symbol id="sm-646">
         <name>__subdf3</name>
         <value>0x1ed1</value>
         <object_component_ref idref="oc-35c"/>
      </symbol>
      <symbol id="sm-64f">
         <name>__aeabi_dmul</name>
         <value>0x2fc9</value>
         <object_component_ref idref="oc-350"/>
      </symbol>
      <symbol id="sm-650">
         <name>__muldf3</name>
         <value>0x2fc9</value>
         <object_component_ref idref="oc-350"/>
      </symbol>
      <symbol id="sm-656">
         <name>__muldsi3</name>
         <value>0x5625</value>
         <object_component_ref idref="oc-1ed"/>
      </symbol>
      <symbol id="sm-65c">
         <name>__aeabi_fmul</name>
         <value>0x3971</value>
         <object_component_ref idref="oc-15f"/>
      </symbol>
      <symbol id="sm-65d">
         <name>__mulsf3</name>
         <value>0x3971</value>
         <object_component_ref idref="oc-15f"/>
      </symbol>
      <symbol id="sm-663">
         <name>__aeabi_fdiv</name>
         <value>0x3b8d</value>
         <object_component_ref idref="oc-16d"/>
      </symbol>
      <symbol id="sm-664">
         <name>__divsf3</name>
         <value>0x3b8d</value>
         <object_component_ref idref="oc-16d"/>
      </symbol>
      <symbol id="sm-66a">
         <name>__aeabi_ddiv</name>
         <value>0x29f5</value>
         <object_component_ref idref="oc-358"/>
      </symbol>
      <symbol id="sm-66b">
         <name>__divdf3</name>
         <value>0x29f5</value>
         <object_component_ref idref="oc-358"/>
      </symbol>
      <symbol id="sm-671">
         <name>__aeabi_f2d</name>
         <value>0x53c1</value>
         <object_component_ref idref="oc-1b7"/>
      </symbol>
      <symbol id="sm-672">
         <name>__extendsfdf2</name>
         <value>0x53c1</value>
         <object_component_ref idref="oc-1b7"/>
      </symbol>
      <symbol id="sm-678">
         <name>__aeabi_d2iz</name>
         <value>0x5019</value>
         <object_component_ref idref="oc-343"/>
      </symbol>
      <symbol id="sm-679">
         <name>__fixdfsi</name>
         <value>0x5019</value>
         <object_component_ref idref="oc-343"/>
      </symbol>
      <symbol id="sm-67f">
         <name>__aeabi_f2iz</name>
         <value>0x5709</value>
         <object_component_ref idref="oc-164"/>
      </symbol>
      <symbol id="sm-680">
         <name>__fixsfsi</name>
         <value>0x5709</value>
         <object_component_ref idref="oc-164"/>
      </symbol>
      <symbol id="sm-686">
         <name>__aeabi_f2uiz</name>
         <value>0x58b1</value>
         <object_component_ref idref="oc-1f4"/>
      </symbol>
      <symbol id="sm-687">
         <name>__fixunssfsi</name>
         <value>0x58b1</value>
         <object_component_ref idref="oc-1f4"/>
      </symbol>
      <symbol id="sm-68d">
         <name>__aeabi_i2d</name>
         <value>0x5b9d</value>
         <object_component_ref idref="oc-34b"/>
      </symbol>
      <symbol id="sm-68e">
         <name>__floatsidf</name>
         <value>0x5b9d</value>
         <object_component_ref idref="oc-34b"/>
      </symbol>
      <symbol id="sm-694">
         <name>__aeabi_i2f</name>
         <value>0x54f9</value>
         <object_component_ref idref="oc-2dd"/>
      </symbol>
      <symbol id="sm-695">
         <name>__floatsisf</name>
         <value>0x54f9</value>
         <object_component_ref idref="oc-2dd"/>
      </symbol>
      <symbol id="sm-69b">
         <name>__aeabi_ui2d</name>
         <value>0x5d79</value>
         <object_component_ref idref="oc-2a7"/>
      </symbol>
      <symbol id="sm-69c">
         <name>__floatunsidf</name>
         <value>0x5d79</value>
         <object_component_ref idref="oc-2a7"/>
      </symbol>
      <symbol id="sm-6a2">
         <name>__aeabi_ui2f</name>
         <value>0x5cbd</value>
         <object_component_ref idref="oc-2c1"/>
      </symbol>
      <symbol id="sm-6a3">
         <name>__floatunsisf</name>
         <value>0x5cbd</value>
         <object_component_ref idref="oc-2c1"/>
      </symbol>
      <symbol id="sm-6a9">
         <name>__aeabi_lmul</name>
         <value>0x5d9d</value>
         <object_component_ref idref="oc-30a"/>
      </symbol>
      <symbol id="sm-6aa">
         <name>__muldi3</name>
         <value>0x5d9d</value>
         <object_component_ref idref="oc-30a"/>
      </symbol>
      <symbol id="sm-6b0">
         <name>__aeabi_dcmpeq</name>
         <value>0x46b9</value>
         <object_component_ref idref="oc-2ab"/>
      </symbol>
      <symbol id="sm-6b1">
         <name>__aeabi_dcmplt</name>
         <value>0x46cd</value>
         <object_component_ref idref="oc-2ab"/>
      </symbol>
      <symbol id="sm-6b2">
         <name>__aeabi_dcmple</name>
         <value>0x46e1</value>
         <object_component_ref idref="oc-2ab"/>
      </symbol>
      <symbol id="sm-6b3">
         <name>__aeabi_dcmpge</name>
         <value>0x46f5</value>
         <object_component_ref idref="oc-2ab"/>
      </symbol>
      <symbol id="sm-6b4">
         <name>__aeabi_dcmpgt</name>
         <value>0x4709</value>
         <object_component_ref idref="oc-2ab"/>
      </symbol>
      <symbol id="sm-6ba">
         <name>__aeabi_fcmpeq</name>
         <value>0x471d</value>
         <object_component_ref idref="oc-136"/>
      </symbol>
      <symbol id="sm-6bb">
         <name>__aeabi_fcmplt</name>
         <value>0x4731</value>
         <object_component_ref idref="oc-136"/>
      </symbol>
      <symbol id="sm-6bc">
         <name>__aeabi_fcmple</name>
         <value>0x4745</value>
         <object_component_ref idref="oc-136"/>
      </symbol>
      <symbol id="sm-6bd">
         <name>__aeabi_fcmpge</name>
         <value>0x4759</value>
         <object_component_ref idref="oc-136"/>
      </symbol>
      <symbol id="sm-6be">
         <name>__aeabi_fcmpgt</name>
         <value>0x476d</value>
         <object_component_ref idref="oc-136"/>
      </symbol>
      <symbol id="sm-6c4">
         <name>__aeabi_idiv</name>
         <value>0x4b0d</value>
         <object_component_ref idref="oc-37c"/>
      </symbol>
      <symbol id="sm-6c5">
         <name>__aeabi_idivmod</name>
         <value>0x4b0d</value>
         <object_component_ref idref="oc-37c"/>
      </symbol>
      <symbol id="sm-6cb">
         <name>__aeabi_memcpy</name>
         <value>0x6801</value>
         <object_component_ref idref="oc-55"/>
      </symbol>
      <symbol id="sm-6cc">
         <name>__aeabi_memcpy4</name>
         <value>0x6801</value>
         <object_component_ref idref="oc-55"/>
      </symbol>
      <symbol id="sm-6cd">
         <name>__aeabi_memcpy8</name>
         <value>0x6801</value>
         <object_component_ref idref="oc-55"/>
      </symbol>
      <symbol id="sm-6d6">
         <name>__aeabi_memset</name>
         <value>0x6729</value>
         <object_component_ref idref="oc-2f5"/>
      </symbol>
      <symbol id="sm-6d7">
         <name>__aeabi_memset4</name>
         <value>0x6729</value>
         <object_component_ref idref="oc-2f5"/>
      </symbol>
      <symbol id="sm-6d8">
         <name>__aeabi_memset8</name>
         <value>0x6729</value>
         <object_component_ref idref="oc-2f5"/>
      </symbol>
      <symbol id="sm-6d9">
         <name>__aeabi_memclr</name>
         <value>0x67b5</value>
         <object_component_ref idref="oc-ac"/>
      </symbol>
      <symbol id="sm-6da">
         <name>__aeabi_memclr4</name>
         <value>0x67b5</value>
         <object_component_ref idref="oc-ac"/>
      </symbol>
      <symbol id="sm-6db">
         <name>__aeabi_memclr8</name>
         <value>0x67b5</value>
         <object_component_ref idref="oc-ac"/>
      </symbol>
      <symbol id="sm-6e1">
         <name>__aeabi_uidiv</name>
         <value>0x5381</value>
         <object_component_ref idref="oc-2a3"/>
      </symbol>
      <symbol id="sm-6e2">
         <name>__aeabi_uidivmod</name>
         <value>0x5381</value>
         <object_component_ref idref="oc-2a3"/>
      </symbol>
      <symbol id="sm-6e8">
         <name>__aeabi_uldivmod</name>
         <value>0x6591</value>
         <object_component_ref idref="oc-30f"/>
      </symbol>
      <symbol id="sm-6f1">
         <name>__eqsf2</name>
         <value>0x55e9</value>
         <object_component_ref idref="oc-1d1"/>
      </symbol>
      <symbol id="sm-6f2">
         <name>__lesf2</name>
         <value>0x55e9</value>
         <object_component_ref idref="oc-1d1"/>
      </symbol>
      <symbol id="sm-6f3">
         <name>__ltsf2</name>
         <value>0x55e9</value>
         <object_component_ref idref="oc-1d1"/>
      </symbol>
      <symbol id="sm-6f4">
         <name>__nesf2</name>
         <value>0x55e9</value>
         <object_component_ref idref="oc-1d1"/>
      </symbol>
      <symbol id="sm-6f5">
         <name>__cmpsf2</name>
         <value>0x55e9</value>
         <object_component_ref idref="oc-1d1"/>
      </symbol>
      <symbol id="sm-6f6">
         <name>__gtsf2</name>
         <value>0x5535</value>
         <object_component_ref idref="oc-1d6"/>
      </symbol>
      <symbol id="sm-6f7">
         <name>__gesf2</name>
         <value>0x5535</value>
         <object_component_ref idref="oc-1d6"/>
      </symbol>
      <symbol id="sm-6fd">
         <name>__udivmoddi4</name>
         <value>0x34d1</value>
         <object_component_ref idref="oc-336"/>
      </symbol>
      <symbol id="sm-703">
         <name>__aeabi_llsl</name>
         <value>0x5ec5</value>
         <object_component_ref idref="oc-370"/>
      </symbol>
      <symbol id="sm-704">
         <name>__ashldi3</name>
         <value>0x5ec5</value>
         <object_component_ref idref="oc-370"/>
      </symbol>
      <symbol id="sm-712">
         <name>__ledf2</name>
         <value>0x44bd</value>
         <object_component_ref idref="oc-2e8"/>
      </symbol>
      <symbol id="sm-713">
         <name>__gedf2</name>
         <value>0x429d</value>
         <object_component_ref idref="oc-2ee"/>
      </symbol>
      <symbol id="sm-714">
         <name>__cmpdf2</name>
         <value>0x44bd</value>
         <object_component_ref idref="oc-2e8"/>
      </symbol>
      <symbol id="sm-715">
         <name>__eqdf2</name>
         <value>0x44bd</value>
         <object_component_ref idref="oc-2e8"/>
      </symbol>
      <symbol id="sm-716">
         <name>__ltdf2</name>
         <value>0x44bd</value>
         <object_component_ref idref="oc-2e8"/>
      </symbol>
      <symbol id="sm-717">
         <name>__nedf2</name>
         <value>0x44bd</value>
         <object_component_ref idref="oc-2e8"/>
      </symbol>
      <symbol id="sm-718">
         <name>__gtdf2</name>
         <value>0x429d</value>
         <object_component_ref idref="oc-2ee"/>
      </symbol>
      <symbol id="sm-724">
         <name>__aeabi_idiv0</name>
         <value>0x2063</value>
         <object_component_ref idref="oc-2e1"/>
      </symbol>
      <symbol id="sm-725">
         <name>__aeabi_ldiv0</name>
         <value>0x3c0f</value>
         <object_component_ref idref="oc-36f"/>
      </symbol>
      <symbol id="sm-72f">
         <name>TI_memcpy_small</name>
         <value>0x6613</value>
         <object_component_ref idref="oc-10a"/>
      </symbol>
      <symbol id="sm-738">
         <name>TI_memset_small</name>
         <value>0x6745</value>
         <object_component_ref idref="oc-174"/>
      </symbol>
      <symbol id="sm-739">
         <name>__TI_static_base__</name>
         <value>0x0</value>
      </symbol>
      <symbol id="sm-73d">
         <name>__mpu_init</name>
         <value>0x0</value>
      </symbol>
      <symbol id="sm-73e">
         <name>_system_post_cinit</name>
         <value>0x0</value>
      </symbol>
   </symbol_table>
   <title>Link successful</title>
</link_info>
