<?xml version="1.0" encoding="ISO-8859-1" ?>
<link_info>
   <banner>TI ARM Clang Linker PC v4.0.4.LTS</banner>
   <copyright>Copyright (c) 1996-2018 Texas Instruments Incorporated</copyright>
   <command_line>D:\TI\ccs2041\ccs\tools\compiler\ti-cgt-armllvm_4.0.4.LTS\bin\tiarmlnk -ID:\TI\ccs2041\ccs\tools\compiler\ti-cgt-armllvm_4.0.4.LTS\lib -o empty.out -mempty.map -iC:/TI/mspm0_sdk_2_10_00_04/source -iC:/Users/Qh/Desktop/Gimbal -iC:/Users/Qh/Desktop/Gimbal/Debug/syscfg -iD:/TI/ccs2041/ccs/tools/compiler/ti-cgt-armllvm_4.0.4.LTS/lib --diag_wrap=off --display_error_number --warn_sections --xml_link_info=empty_linkInfo.xml --rom_model ./main.o ./ti_msp_dl_config.o ./startup_mspm0g350x_ticlang.o ./App/Menu.o ./App/Step_Motor_Turn_Angle.o ./App/task.o ./HardWare/Delay.o ./HardWare/InputCapture.o ./HardWare/Interrupt.o ./HardWare/PID.o ./HardWare/PWM.o ./HardWare/Qmath.o ./HardWare/Usart.o ./HardWare/W25Q128.o ./HardWare/multi_button.o ./Middle/Buzzer.o ./Middle/Key.o ./Middle/LED.o ./Middle/Step_Motor.o ./Middle/flash_use.o ./Middle/oled.o ./Test/Buzzer_Test.o ./Test/Key_Test.o ./Test/LED_Test.o ./Test/Step_Motor_Test.o ./Test/W25Q128_Test.o -l./device_linker.cmd -ldevice.cmd.genlibs -llibc.a --start-group -llibc++.a -llibc++abi.a -llibc.a -llibsys.a -llibsysbm.a -llibclang_rt.builtins.a -llibclang_rt.profile.a --end-group --cg_opt_level=0</command_line>
   <link_time>0x69f0cbf2</link_time>
   <link_errors>0x0</link_errors>
   <output_file>C:\Users\Qh\Desktop\Gimbal\Debug\empty.out</output_file>
   <entry_point>
      <name>_c_int00_noargs</name>
      <address>0x5c65</address>
   </entry_point>
   <input_file_list>
      <input_file id="fl-1">
         <path>C:\Users\Qh\Desktop\Gimbal\Debug\.\</path>
         <kind>object</kind>
         <file>main.o</file>
         <name>main.o</name>
      </input_file>
      <input_file id="fl-2">
         <path>C:\Users\Qh\Desktop\Gimbal\Debug\.\</path>
         <kind>object</kind>
         <file>ti_msp_dl_config.o</file>
         <name>ti_msp_dl_config.o</name>
      </input_file>
      <input_file id="fl-3">
         <path>C:\Users\Qh\Desktop\Gimbal\Debug\.\</path>
         <kind>object</kind>
         <file>startup_mspm0g350x_ticlang.o</file>
         <name>startup_mspm0g350x_ticlang.o</name>
      </input_file>
      <input_file id="fl-4">
         <path>C:\Users\Qh\Desktop\Gimbal\Debug\.\App\</path>
         <kind>object</kind>
         <file>Menu.o</file>
         <name>Menu.o</name>
      </input_file>
      <input_file id="fl-5">
         <path>C:\Users\Qh\Desktop\Gimbal\Debug\.\App\</path>
         <kind>object</kind>
         <file>Step_Motor_Turn_Angle.o</file>
         <name>Step_Motor_Turn_Angle.o</name>
      </input_file>
      <input_file id="fl-6">
         <path>C:\Users\Qh\Desktop\Gimbal\Debug\.\App\</path>
         <kind>object</kind>
         <file>task.o</file>
         <name>task.o</name>
      </input_file>
      <input_file id="fl-7">
         <path>C:\Users\Qh\Desktop\Gimbal\Debug\.\HardWare\</path>
         <kind>object</kind>
         <file>Delay.o</file>
         <name>Delay.o</name>
      </input_file>
      <input_file id="fl-8">
         <path>C:\Users\Qh\Desktop\Gimbal\Debug\.\HardWare\</path>
         <kind>object</kind>
         <file>InputCapture.o</file>
         <name>InputCapture.o</name>
      </input_file>
      <input_file id="fl-9">
         <path>C:\Users\Qh\Desktop\Gimbal\Debug\.\HardWare\</path>
         <kind>object</kind>
         <file>Interrupt.o</file>
         <name>Interrupt.o</name>
      </input_file>
      <input_file id="fl-a">
         <path>C:\Users\Qh\Desktop\Gimbal\Debug\.\HardWare\</path>
         <kind>object</kind>
         <file>PID.o</file>
         <name>PID.o</name>
      </input_file>
      <input_file id="fl-b">
         <path>C:\Users\Qh\Desktop\Gimbal\Debug\.\HardWare\</path>
         <kind>object</kind>
         <file>PWM.o</file>
         <name>PWM.o</name>
      </input_file>
      <input_file id="fl-c">
         <path>C:\Users\Qh\Desktop\Gimbal\Debug\.\HardWare\</path>
         <kind>object</kind>
         <file>Qmath.o</file>
         <name>Qmath.o</name>
      </input_file>
      <input_file id="fl-d">
         <path>C:\Users\Qh\Desktop\Gimbal\Debug\.\HardWare\</path>
         <kind>object</kind>
         <file>Usart.o</file>
         <name>Usart.o</name>
      </input_file>
      <input_file id="fl-e">
         <path>C:\Users\Qh\Desktop\Gimbal\Debug\.\HardWare\</path>
         <kind>object</kind>
         <file>W25Q128.o</file>
         <name>W25Q128.o</name>
      </input_file>
      <input_file id="fl-f">
         <path>C:\Users\Qh\Desktop\Gimbal\Debug\.\HardWare\</path>
         <kind>object</kind>
         <file>multi_button.o</file>
         <name>multi_button.o</name>
      </input_file>
      <input_file id="fl-10">
         <path>C:\Users\Qh\Desktop\Gimbal\Debug\.\Middle\</path>
         <kind>object</kind>
         <file>Buzzer.o</file>
         <name>Buzzer.o</name>
      </input_file>
      <input_file id="fl-11">
         <path>C:\Users\Qh\Desktop\Gimbal\Debug\.\Middle\</path>
         <kind>object</kind>
         <file>Key.o</file>
         <name>Key.o</name>
      </input_file>
      <input_file id="fl-12">
         <path>C:\Users\Qh\Desktop\Gimbal\Debug\.\Middle\</path>
         <kind>object</kind>
         <file>LED.o</file>
         <name>LED.o</name>
      </input_file>
      <input_file id="fl-13">
         <path>C:\Users\Qh\Desktop\Gimbal\Debug\.\Middle\</path>
         <kind>object</kind>
         <file>Step_Motor.o</file>
         <name>Step_Motor.o</name>
      </input_file>
      <input_file id="fl-14">
         <path>C:\Users\Qh\Desktop\Gimbal\Debug\.\Middle\</path>
         <kind>object</kind>
         <file>flash_use.o</file>
         <name>flash_use.o</name>
      </input_file>
      <input_file id="fl-15">
         <path>C:\Users\Qh\Desktop\Gimbal\Debug\.\Middle\</path>
         <kind>object</kind>
         <file>oled.o</file>
         <name>oled.o</name>
      </input_file>
      <input_file id="fl-16">
         <path>C:\Users\Qh\Desktop\Gimbal\Debug\.\Test\</path>
         <kind>object</kind>
         <file>Buzzer_Test.o</file>
         <name>Buzzer_Test.o</name>
      </input_file>
      <input_file id="fl-17">
         <path>C:\Users\Qh\Desktop\Gimbal\Debug\.\Test\</path>
         <kind>object</kind>
         <file>Key_Test.o</file>
         <name>Key_Test.o</name>
      </input_file>
      <input_file id="fl-18">
         <path>C:\Users\Qh\Desktop\Gimbal\Debug\.\Test\</path>
         <kind>object</kind>
         <file>LED_Test.o</file>
         <name>LED_Test.o</name>
      </input_file>
      <input_file id="fl-19">
         <path>C:\Users\Qh\Desktop\Gimbal\Debug\.\Test\</path>
         <kind>object</kind>
         <file>Step_Motor_Test.o</file>
         <name>Step_Motor_Test.o</name>
      </input_file>
      <input_file id="fl-1a">
         <path>C:\Users\Qh\Desktop\Gimbal\Debug\.\Test\</path>
         <kind>object</kind>
         <file>W25Q128_Test.o</file>
         <name>W25Q128_Test.o</name>
      </input_file>
      <input_file id="fl-28">
         <path>C:\Users\Qh\Desktop\Gimbal\Debug\</path>
         <kind>object</kind>
         <file>&lt;internal&gt;</file>
         <name>&lt;internal&gt;</name>
      </input_file>
      <input_file id="fl-29">
         <path>C:\TI\mspm0_sdk_2_10_00_04\source\ti\iqmath\lib\ticlang\m0p\mathacl\mspm0g1x0x_g3x0x\</path>
         <kind>archive</kind>
         <file>iqmath.a</file>
         <name>_IQNasin_acos.o</name>
      </input_file>
      <input_file id="fl-2a">
         <path>C:\TI\mspm0_sdk_2_10_00_04\source\ti\iqmath\lib\ticlang\m0p\mathacl\mspm0g1x0x_g3x0x\</path>
         <kind>archive</kind>
         <file>iqmath.a</file>
         <name>_IQNatan2.o</name>
      </input_file>
      <input_file id="fl-2b">
         <path>C:\TI\mspm0_sdk_2_10_00_04\source\ti\iqmath\lib\ticlang\m0p\mathacl\mspm0g1x0x_g3x0x\</path>
         <kind>archive</kind>
         <file>iqmath.a</file>
         <name>_IQNdiv.o</name>
      </input_file>
      <input_file id="fl-2c">
         <path>C:\TI\mspm0_sdk_2_10_00_04\source\ti\iqmath\lib\ticlang\m0p\mathacl\mspm0g1x0x_g3x0x\</path>
         <kind>archive</kind>
         <file>iqmath.a</file>
         <name>_IQNmpy.o</name>
      </input_file>
      <input_file id="fl-2d">
         <path>C:\TI\mspm0_sdk_2_10_00_04\source\ti\iqmath\lib\ticlang\m0p\mathacl\mspm0g1x0x_g3x0x\</path>
         <kind>archive</kind>
         <file>iqmath.a</file>
         <name>_IQNsin_cos.o</name>
      </input_file>
      <input_file id="fl-2e">
         <path>C:\TI\mspm0_sdk_2_10_00_04\source\ti\iqmath\lib\ticlang\m0p\mathacl\mspm0g1x0x_g3x0x\</path>
         <kind>archive</kind>
         <file>iqmath.a</file>
         <name>_IQNsqrt.o</name>
      </input_file>
      <input_file id="fl-2f">
         <path>C:\TI\mspm0_sdk_2_10_00_04\source\ti\iqmath\lib\ticlang\m0p\mathacl\mspm0g1x0x_g3x0x\</path>
         <kind>archive</kind>
         <file>iqmath.a</file>
         <name>_IQNtables.o</name>
      </input_file>
      <input_file id="fl-30">
         <path>C:\TI\mspm0_sdk_2_10_00_04\source\ti\iqmath\lib\ticlang\m0p\mathacl\mspm0g1x0x_g3x0x\</path>
         <kind>archive</kind>
         <file>iqmath.a</file>
         <name>_IQNtoF.o</name>
      </input_file>
      <input_file id="fl-31">
         <path>C:\TI\mspm0_sdk_2_10_00_04\source\ti\driverlib\lib\ticlang\m0p\mspm0g1x0x_g3x0x\</path>
         <kind>archive</kind>
         <file>driverlib.a</file>
         <name>dl_adc12.o</name>
      </input_file>
      <input_file id="fl-32">
         <path>C:\TI\mspm0_sdk_2_10_00_04\source\ti\driverlib\lib\ticlang\m0p\mspm0g1x0x_g3x0x\</path>
         <kind>archive</kind>
         <file>driverlib.a</file>
         <name>dl_common.o</name>
      </input_file>
      <input_file id="fl-33">
         <path>C:\TI\mspm0_sdk_2_10_00_04\source\ti\driverlib\lib\ticlang\m0p\mspm0g1x0x_g3x0x\</path>
         <kind>archive</kind>
         <file>driverlib.a</file>
         <name>dl_spi.o</name>
      </input_file>
      <input_file id="fl-34">
         <path>C:\TI\mspm0_sdk_2_10_00_04\source\ti\driverlib\lib\ticlang\m0p\mspm0g1x0x_g3x0x\</path>
         <kind>archive</kind>
         <file>driverlib.a</file>
         <name>dl_timer.o</name>
      </input_file>
      <input_file id="fl-35">
         <path>C:\TI\mspm0_sdk_2_10_00_04\source\ti\driverlib\lib\ticlang\m0p\mspm0g1x0x_g3x0x\</path>
         <kind>archive</kind>
         <file>driverlib.a</file>
         <name>dl_uart.o</name>
      </input_file>
      <input_file id="fl-36">
         <path>C:\TI\mspm0_sdk_2_10_00_04\source\ti\driverlib\lib\ticlang\m0p\mspm0g1x0x_g3x0x\</path>
         <kind>archive</kind>
         <file>driverlib.a</file>
         <name>dl_sysctl_mspm0g1x0x_g3x0x.o</name>
      </input_file>
      <input_file id="fl-4d">
         <path>D:\TI\ccs2041\ccs\tools\compiler\ti-cgt-armllvm_4.0.4.LTS\lib\armv6m-ti-none-eabi\c\</path>
         <kind>archive</kind>
         <file>libc.a</file>
         <name>sprintf.c.obj</name>
      </input_file>
      <input_file id="fl-4e">
         <path>D:\TI\ccs2041\ccs\tools\compiler\ti-cgt-armllvm_4.0.4.LTS\lib\armv6m-ti-none-eabi\c\</path>
         <kind>archive</kind>
         <file>libc.a</file>
         <name>vsnprintf.c.obj</name>
      </input_file>
      <input_file id="fl-4f">
         <path>D:\TI\ccs2041\ccs\tools\compiler\ti-cgt-armllvm_4.0.4.LTS\lib\armv6m-ti-none-eabi\c\</path>
         <kind>archive</kind>
         <file>libc.a</file>
         <name>boot_cortex_m.c.obj</name>
      </input_file>
      <input_file id="fl-50">
         <path>D:\TI\ccs2041\ccs\tools\compiler\ti-cgt-armllvm_4.0.4.LTS\lib\armv6m-ti-none-eabi\c\</path>
         <kind>archive</kind>
         <file>libc.a</file>
         <name>mathacl_init.c.obj</name>
      </input_file>
      <input_file id="fl-51">
         <path>D:\TI\ccs2041\ccs\tools\compiler\ti-cgt-armllvm_4.0.4.LTS\lib\armv6m-ti-none-eabi\c\</path>
         <kind>archive</kind>
         <file>libc.a</file>
         <name>autoinit.c.obj</name>
      </input_file>
      <input_file id="fl-52">
         <path>D:\TI\ccs2041\ccs\tools\compiler\ti-cgt-armllvm_4.0.4.LTS\lib\armv6m-ti-none-eabi\c\</path>
         <kind>archive</kind>
         <file>libc.a</file>
         <name>pre_init.c.obj</name>
      </input_file>
      <input_file id="fl-53">
         <path>D:\TI\ccs2041\ccs\tools\compiler\ti-cgt-armllvm_4.0.4.LTS\lib\armv6m-ti-none-eabi\c\</path>
         <kind>archive</kind>
         <file>libc.a</file>
         <name>cpy_tbl.c.obj</name>
      </input_file>
      <input_file id="fl-54">
         <path>D:\TI\ccs2041\ccs\tools\compiler\ti-cgt-armllvm_4.0.4.LTS\lib\armv6m-ti-none-eabi\c\</path>
         <kind>archive</kind>
         <file>libc.a</file>
         <name>copy_zero_init.c.obj</name>
      </input_file>
      <input_file id="fl-55">
         <path>D:\TI\ccs2041\ccs\tools\compiler\ti-cgt-armllvm_4.0.4.LTS\lib\armv6m-ti-none-eabi\c\</path>
         <kind>archive</kind>
         <file>libc.a</file>
         <name>copy_decompress_none.c.obj</name>
      </input_file>
      <input_file id="fl-56">
         <path>D:\TI\ccs2041\ccs\tools\compiler\ti-cgt-armllvm_4.0.4.LTS\lib\armv6m-ti-none-eabi\c\</path>
         <kind>archive</kind>
         <file>libc.a</file>
         <name>copy_decompress_lzss.c.obj</name>
      </input_file>
      <input_file id="fl-57">
         <path>D:\TI\ccs2041\ccs\tools\compiler\ti-cgt-armllvm_4.0.4.LTS\lib\armv6m-ti-none-eabi\c\</path>
         <kind>archive</kind>
         <file>libc.a</file>
         <name>_printfi.c.obj</name>
      </input_file>
      <input_file id="fl-58">
         <path>D:\TI\ccs2041\ccs\tools\compiler\ti-cgt-armllvm_4.0.4.LTS\lib\armv6m-ti-none-eabi\c\</path>
         <kind>archive</kind>
         <file>libc.a</file>
         <name>aeabi_portable.c.obj</name>
      </input_file>
      <input_file id="fl-59">
         <path>D:\TI\ccs2041\ccs\tools\compiler\ti-cgt-armllvm_4.0.4.LTS\lib\armv6m-ti-none-eabi\c\</path>
         <kind>archive</kind>
         <file>libc.a</file>
         <name>exit.c.obj</name>
      </input_file>
      <input_file id="fl-5a">
         <path>D:\TI\ccs2041\ccs\tools\compiler\ti-cgt-armllvm_4.0.4.LTS\lib\armv6m-ti-none-eabi\c\</path>
         <kind>archive</kind>
         <file>libc.a</file>
         <name>_lock.c.obj</name>
      </input_file>
      <input_file id="fl-5b">
         <path>D:\TI\ccs2041\ccs\tools\compiler\ti-cgt-armllvm_4.0.4.LTS\lib\armv6m-ti-none-eabi\c\</path>
         <kind>archive</kind>
         <file>libc.a</file>
         <name>_ltoa.c.obj</name>
      </input_file>
      <input_file id="fl-5c">
         <path>D:\TI\ccs2041\ccs\tools\compiler\ti-cgt-armllvm_4.0.4.LTS\lib\armv6m-ti-none-eabi\c\</path>
         <kind>archive</kind>
         <file>libc.a</file>
         <name>args_main.c.obj</name>
      </input_file>
      <input_file id="fl-5d">
         <path>D:\TI\ccs2041\ccs\tools\compiler\ti-cgt-armllvm_4.0.4.LTS\lib\armv6m-ti-none-eabi\c\</path>
         <kind>archive</kind>
         <file>libc.a</file>
         <name>assert.c.obj</name>
      </input_file>
      <input_file id="fl-5e">
         <path>D:\TI\ccs2041\ccs\tools\compiler\ti-cgt-armllvm_4.0.4.LTS\lib\armv6m-ti-none-eabi\c\</path>
         <kind>archive</kind>
         <file>libc.a</file>
         <name>atoi.c.obj</name>
      </input_file>
      <input_file id="fl-5f">
         <path>D:\TI\ccs2041\ccs\tools\compiler\ti-cgt-armllvm_4.0.4.LTS\lib\armv6m-ti-none-eabi\c\</path>
         <kind>archive</kind>
         <file>libc.a</file>
         <name>defs.c.obj</name>
      </input_file>
      <input_file id="fl-60">
         <path>D:\TI\ccs2041\ccs\tools\compiler\ti-cgt-armllvm_4.0.4.LTS\lib\armv6m-ti-none-eabi\c\</path>
         <kind>archive</kind>
         <file>libc.a</file>
         <name>memccpy.c.obj</name>
      </input_file>
      <input_file id="fl-61">
         <path>D:\TI\ccs2041\ccs\tools\compiler\ti-cgt-armllvm_4.0.4.LTS\lib\armv6m-ti-none-eabi\c\</path>
         <kind>archive</kind>
         <file>libc.a</file>
         <name>memory.c.obj</name>
      </input_file>
      <input_file id="fl-62">
         <path>D:\TI\ccs2041\ccs\tools\compiler\ti-cgt-armllvm_4.0.4.LTS\lib\armv6m-ti-none-eabi\c\</path>
         <kind>archive</kind>
         <file>libc.a</file>
         <name>s_frexp.c.obj</name>
      </input_file>
      <input_file id="fl-63">
         <path>D:\TI\ccs2041\ccs\tools\compiler\ti-cgt-armllvm_4.0.4.LTS\lib\armv6m-ti-none-eabi\c\</path>
         <kind>archive</kind>
         <file>libc.a</file>
         <name>s_scalbn.c.obj</name>
      </input_file>
      <input_file id="fl-64">
         <path>D:\TI\ccs2041\ccs\tools\compiler\ti-cgt-armllvm_4.0.4.LTS\lib\armv6m-ti-none-eabi\c\</path>
         <kind>archive</kind>
         <file>libc.a</file>
         <name>wcslen.c.obj</name>
      </input_file>
      <input_file id="fl-65">
         <path>D:\TI\ccs2041\ccs\tools\compiler\ti-cgt-armllvm_4.0.4.LTS\lib\armv6m-ti-none-eabi\c\</path>
         <kind>archive</kind>
         <file>libc.a</file>
         <name>fflush.c.obj</name>
      </input_file>
      <input_file id="fl-66">
         <path>D:\TI\ccs2041\ccs\tools\compiler\ti-cgt-armllvm_4.0.4.LTS\lib\armv6m-ti-none-eabi\c\</path>
         <kind>archive</kind>
         <file>libc.a</file>
         <name>fputs.c.obj</name>
      </input_file>
      <input_file id="fl-67">
         <path>D:\TI\ccs2041\ccs\tools\compiler\ti-cgt-armllvm_4.0.4.LTS\lib\armv6m-ti-none-eabi\c\</path>
         <kind>archive</kind>
         <file>libc.a</file>
         <name>_io_perm.c.obj</name>
      </input_file>
      <input_file id="fl-68">
         <path>D:\TI\ccs2041\ccs\tools\compiler\ti-cgt-armllvm_4.0.4.LTS\lib\armv6m-ti-none-eabi\c\</path>
         <kind>archive</kind>
         <file>libc.a</file>
         <name>setvbuf.c.obj</name>
      </input_file>
      <input_file id="fl-69">
         <path>D:\TI\ccs2041\ccs\tools\compiler\ti-cgt-armllvm_4.0.4.LTS\lib\armv6m-ti-none-eabi\c\</path>
         <kind>archive</kind>
         <file>libc.a</file>
         <name>aeabi_ctype.S.obj</name>
      </input_file>
      <input_file id="fl-6a">
         <path>D:\TI\ccs2041\ccs\tools\compiler\ti-cgt-armllvm_4.0.4.LTS\lib\armv6m-ti-none-eabi\c\</path>
         <kind>archive</kind>
         <file>libc.a</file>
         <name>fopen.c.obj</name>
      </input_file>
      <input_file id="fl-6b">
         <path>D:\TI\ccs2041\ccs\tools\compiler\ti-cgt-armllvm_4.0.4.LTS\lib\armv6m-ti-none-eabi\c\</path>
         <kind>archive</kind>
         <file>libc.a</file>
         <name>fseek.c.obj</name>
      </input_file>
      <input_file id="fl-6c">
         <path>D:\TI\ccs2041\ccs\tools\compiler\ti-cgt-armllvm_4.0.4.LTS\lib\armv6m-ti-none-eabi\c\</path>
         <kind>archive</kind>
         <file>libc.a</file>
         <name>fclose.c.obj</name>
      </input_file>
      <input_file id="fl-10c">
         <path>D:\TI\ccs2041\ccs\tools\compiler\ti-cgt-armllvm_4.0.4.LTS\lib\armv6m-ti-none-eabi\c\</path>
         <kind>archive</kind>
         <file>libsysbm.a</file>
         <name>hostexit.c.obj</name>
      </input_file>
      <input_file id="fl-10d">
         <path>D:\TI\ccs2041\ccs\tools\compiler\ti-cgt-armllvm_4.0.4.LTS\lib\armv6m-ti-none-eabi\c\</path>
         <kind>archive</kind>
         <file>libsysbm.a</file>
         <name>write.c.obj</name>
      </input_file>
      <input_file id="fl-10e">
         <path>D:\TI\ccs2041\ccs\tools\compiler\ti-cgt-armllvm_4.0.4.LTS\lib\armv6m-ti-none-eabi\c\</path>
         <kind>archive</kind>
         <file>libsysbm.a</file>
         <name>host_device.c.obj</name>
      </input_file>
      <input_file id="fl-10f">
         <path>D:\TI\ccs2041\ccs\tools\compiler\ti-cgt-armllvm_4.0.4.LTS\lib\armv6m-ti-none-eabi\c\</path>
         <kind>archive</kind>
         <file>libsysbm.a</file>
         <name>remove.c.obj</name>
      </input_file>
      <input_file id="fl-110">
         <path>D:\TI\ccs2041\ccs\tools\compiler\ti-cgt-armllvm_4.0.4.LTS\lib\armv6m-ti-none-eabi\c\</path>
         <kind>archive</kind>
         <file>libsysbm.a</file>
         <name>open.c.obj</name>
      </input_file>
      <input_file id="fl-111">
         <path>D:\TI\ccs2041\ccs\tools\compiler\ti-cgt-armllvm_4.0.4.LTS\lib\armv6m-ti-none-eabi\c\</path>
         <kind>archive</kind>
         <file>libsysbm.a</file>
         <name>lseek.c.obj</name>
      </input_file>
      <input_file id="fl-112">
         <path>D:\TI\ccs2041\ccs\tools\compiler\ti-cgt-armllvm_4.0.4.LTS\lib\armv6m-ti-none-eabi\c\</path>
         <kind>archive</kind>
         <file>libsysbm.a</file>
         <name>close.c.obj</name>
      </input_file>
      <input_file id="fl-113">
         <path>D:\TI\ccs2041\ccs\tools\compiler\ti-cgt-armllvm_4.0.4.LTS\lib\armv6m-ti-none-eabi\c\</path>
         <kind>archive</kind>
         <file>libsysbm.a</file>
         <name>unlink.c.obj</name>
      </input_file>
      <input_file id="fl-114">
         <path>D:\TI\ccs2041\ccs\tools\compiler\ti-cgt-armllvm_4.0.4.LTS\lib\armv6m-ti-none-eabi\c\</path>
         <kind>archive</kind>
         <file>libsysbm.a</file>
         <name>hostclose.c.obj</name>
      </input_file>
      <input_file id="fl-115">
         <path>D:\TI\ccs2041\ccs\tools\compiler\ti-cgt-armllvm_4.0.4.LTS\lib\armv6m-ti-none-eabi\c\</path>
         <kind>archive</kind>
         <file>libsysbm.a</file>
         <name>hostlseek.c.obj</name>
      </input_file>
      <input_file id="fl-116">
         <path>D:\TI\ccs2041\ccs\tools\compiler\ti-cgt-armllvm_4.0.4.LTS\lib\armv6m-ti-none-eabi\c\</path>
         <kind>archive</kind>
         <file>libsysbm.a</file>
         <name>hostopen.c.obj</name>
      </input_file>
      <input_file id="fl-117">
         <path>D:\TI\ccs2041\ccs\tools\compiler\ti-cgt-armllvm_4.0.4.LTS\lib\armv6m-ti-none-eabi\c\</path>
         <kind>archive</kind>
         <file>libsysbm.a</file>
         <name>hostread.c.obj</name>
      </input_file>
      <input_file id="fl-118">
         <path>D:\TI\ccs2041\ccs\tools\compiler\ti-cgt-armllvm_4.0.4.LTS\lib\armv6m-ti-none-eabi\c\</path>
         <kind>archive</kind>
         <file>libsysbm.a</file>
         <name>hostrename.c.obj</name>
      </input_file>
      <input_file id="fl-119">
         <path>D:\TI\ccs2041\ccs\tools\compiler\ti-cgt-armllvm_4.0.4.LTS\lib\armv6m-ti-none-eabi\c\</path>
         <kind>archive</kind>
         <file>libsysbm.a</file>
         <name>hostunlink.c.obj</name>
      </input_file>
      <input_file id="fl-11a">
         <path>D:\TI\ccs2041\ccs\tools\compiler\ti-cgt-armllvm_4.0.4.LTS\lib\armv6m-ti-none-eabi\c\</path>
         <kind>archive</kind>
         <file>libsysbm.a</file>
         <name>hostwrite.c.obj</name>
      </input_file>
      <input_file id="fl-11b">
         <path>D:\TI\ccs2041\ccs\tools\compiler\ti-cgt-armllvm_4.0.4.LTS\lib\armv6m-ti-none-eabi\c\</path>
         <kind>archive</kind>
         <file>libsysbm.a</file>
         <name>trgmsg.c.obj</name>
      </input_file>
      <input_file id="fl-11c">
         <path>D:\TI\ccs2041\ccs\tools\compiler\ti-cgt-armllvm_4.0.4.LTS\lib\armv6m-ti-none-eabi\</path>
         <kind>archive</kind>
         <file>libclang_rt.builtins.a</file>
         <name>addsf3.S.obj</name>
      </input_file>
      <input_file id="fl-11d">
         <path>D:\TI\ccs2041\ccs\tools\compiler\ti-cgt-armllvm_4.0.4.LTS\lib\armv6m-ti-none-eabi\</path>
         <kind>archive</kind>
         <file>libclang_rt.builtins.a</file>
         <name>adddf3.S.obj</name>
      </input_file>
      <input_file id="fl-11e">
         <path>D:\TI\ccs2041\ccs\tools\compiler\ti-cgt-armllvm_4.0.4.LTS\lib\armv6m-ti-none-eabi\</path>
         <kind>archive</kind>
         <file>libclang_rt.builtins.a</file>
         <name>muldf3.S.obj</name>
      </input_file>
      <input_file id="fl-11f">
         <path>D:\TI\ccs2041\ccs\tools\compiler\ti-cgt-armllvm_4.0.4.LTS\lib\armv6m-ti-none-eabi\</path>
         <kind>archive</kind>
         <file>libclang_rt.builtins.a</file>
         <name>muldsi3.S.obj</name>
      </input_file>
      <input_file id="fl-120">
         <path>D:\TI\ccs2041\ccs\tools\compiler\ti-cgt-armllvm_4.0.4.LTS\lib\armv6m-ti-none-eabi\</path>
         <kind>archive</kind>
         <file>libclang_rt.builtins.a</file>
         <name>mulsf3.S.obj</name>
      </input_file>
      <input_file id="fl-121">
         <path>D:\TI\ccs2041\ccs\tools\compiler\ti-cgt-armllvm_4.0.4.LTS\lib\armv6m-ti-none-eabi\</path>
         <kind>archive</kind>
         <file>libclang_rt.builtins.a</file>
         <name>divsf3.S.obj</name>
      </input_file>
      <input_file id="fl-122">
         <path>D:\TI\ccs2041\ccs\tools\compiler\ti-cgt-armllvm_4.0.4.LTS\lib\armv6m-ti-none-eabi\</path>
         <kind>archive</kind>
         <file>libclang_rt.builtins.a</file>
         <name>divdf3.S.obj</name>
      </input_file>
      <input_file id="fl-123">
         <path>D:\TI\ccs2041\ccs\tools\compiler\ti-cgt-armllvm_4.0.4.LTS\lib\armv6m-ti-none-eabi\</path>
         <kind>archive</kind>
         <file>libclang_rt.builtins.a</file>
         <name>extendsfdf2.S.obj</name>
      </input_file>
      <input_file id="fl-124">
         <path>D:\TI\ccs2041\ccs\tools\compiler\ti-cgt-armllvm_4.0.4.LTS\lib\armv6m-ti-none-eabi\</path>
         <kind>archive</kind>
         <file>libclang_rt.builtins.a</file>
         <name>fixdfsi.S.obj</name>
      </input_file>
      <input_file id="fl-125">
         <path>D:\TI\ccs2041\ccs\tools\compiler\ti-cgt-armllvm_4.0.4.LTS\lib\armv6m-ti-none-eabi\</path>
         <kind>archive</kind>
         <file>libclang_rt.builtins.a</file>
         <name>fixsfsi.S.obj</name>
      </input_file>
      <input_file id="fl-126">
         <path>D:\TI\ccs2041\ccs\tools\compiler\ti-cgt-armllvm_4.0.4.LTS\lib\armv6m-ti-none-eabi\</path>
         <kind>archive</kind>
         <file>libclang_rt.builtins.a</file>
         <name>fixunssfsi.S.obj</name>
      </input_file>
      <input_file id="fl-127">
         <path>D:\TI\ccs2041\ccs\tools\compiler\ti-cgt-armllvm_4.0.4.LTS\lib\armv6m-ti-none-eabi\</path>
         <kind>archive</kind>
         <file>libclang_rt.builtins.a</file>
         <name>floatsidf.S.obj</name>
      </input_file>
      <input_file id="fl-128">
         <path>D:\TI\ccs2041\ccs\tools\compiler\ti-cgt-armllvm_4.0.4.LTS\lib\armv6m-ti-none-eabi\</path>
         <kind>archive</kind>
         <file>libclang_rt.builtins.a</file>
         <name>floatsisf.S.obj</name>
      </input_file>
      <input_file id="fl-129">
         <path>D:\TI\ccs2041\ccs\tools\compiler\ti-cgt-armllvm_4.0.4.LTS\lib\armv6m-ti-none-eabi\</path>
         <kind>archive</kind>
         <file>libclang_rt.builtins.a</file>
         <name>floatunsidf.S.obj</name>
      </input_file>
      <input_file id="fl-12a">
         <path>D:\TI\ccs2041\ccs\tools\compiler\ti-cgt-armllvm_4.0.4.LTS\lib\armv6m-ti-none-eabi\</path>
         <kind>archive</kind>
         <file>libclang_rt.builtins.a</file>
         <name>floatunsisf.S.obj</name>
      </input_file>
      <input_file id="fl-12b">
         <path>D:\TI\ccs2041\ccs\tools\compiler\ti-cgt-armllvm_4.0.4.LTS\lib\armv6m-ti-none-eabi\</path>
         <kind>archive</kind>
         <file>libclang_rt.builtins.a</file>
         <name>muldi3.S.obj</name>
      </input_file>
      <input_file id="fl-12c">
         <path>D:\TI\ccs2041\ccs\tools\compiler\ti-cgt-armllvm_4.0.4.LTS\lib\armv6m-ti-none-eabi\</path>
         <kind>archive</kind>
         <file>libclang_rt.builtins.a</file>
         <name>aeabi_dcmp.S.obj</name>
      </input_file>
      <input_file id="fl-12d">
         <path>D:\TI\ccs2041\ccs\tools\compiler\ti-cgt-armllvm_4.0.4.LTS\lib\armv6m-ti-none-eabi\</path>
         <kind>archive</kind>
         <file>libclang_rt.builtins.a</file>
         <name>aeabi_fcmp.S.obj</name>
      </input_file>
      <input_file id="fl-12e">
         <path>D:\TI\ccs2041\ccs\tools\compiler\ti-cgt-armllvm_4.0.4.LTS\lib\armv6m-ti-none-eabi\</path>
         <kind>archive</kind>
         <file>libclang_rt.builtins.a</file>
         <name>aeabi_idivmod.S.obj</name>
      </input_file>
      <input_file id="fl-12f">
         <path>D:\TI\ccs2041\ccs\tools\compiler\ti-cgt-armllvm_4.0.4.LTS\lib\armv6m-ti-none-eabi\</path>
         <kind>archive</kind>
         <file>libclang_rt.builtins.a</file>
         <name>aeabi_memcpy.S.obj</name>
      </input_file>
      <input_file id="fl-130">
         <path>D:\TI\ccs2041\ccs\tools\compiler\ti-cgt-armllvm_4.0.4.LTS\lib\armv6m-ti-none-eabi\</path>
         <kind>archive</kind>
         <file>libclang_rt.builtins.a</file>
         <name>aeabi_memset.S.obj</name>
      </input_file>
      <input_file id="fl-131">
         <path>D:\TI\ccs2041\ccs\tools\compiler\ti-cgt-armllvm_4.0.4.LTS\lib\armv6m-ti-none-eabi\</path>
         <kind>archive</kind>
         <file>libclang_rt.builtins.a</file>
         <name>aeabi_uidivmod.S.obj</name>
      </input_file>
      <input_file id="fl-132">
         <path>D:\TI\ccs2041\ccs\tools\compiler\ti-cgt-armllvm_4.0.4.LTS\lib\armv6m-ti-none-eabi\</path>
         <kind>archive</kind>
         <file>libclang_rt.builtins.a</file>
         <name>aeabi_uldivmod.S.obj</name>
      </input_file>
      <input_file id="fl-133">
         <path>D:\TI\ccs2041\ccs\tools\compiler\ti-cgt-armllvm_4.0.4.LTS\lib\armv6m-ti-none-eabi\</path>
         <kind>archive</kind>
         <file>libclang_rt.builtins.a</file>
         <name>comparesf2.S.obj</name>
      </input_file>
      <input_file id="fl-134">
         <path>D:\TI\ccs2041\ccs\tools\compiler\ti-cgt-armllvm_4.0.4.LTS\lib\armv6m-ti-none-eabi\</path>
         <kind>archive</kind>
         <file>libclang_rt.builtins.a</file>
         <name>udivmoddi4.S.obj</name>
      </input_file>
      <input_file id="fl-135">
         <path>D:\TI\ccs2041\ccs\tools\compiler\ti-cgt-armllvm_4.0.4.LTS\lib\armv6m-ti-none-eabi\</path>
         <kind>archive</kind>
         <file>libclang_rt.builtins.a</file>
         <name>ashldi3.S.obj</name>
      </input_file>
      <input_file id="fl-136">
         <path>D:\TI\ccs2041\ccs\tools\compiler\ti-cgt-armllvm_4.0.4.LTS\lib\armv6m-ti-none-eabi\</path>
         <kind>archive</kind>
         <file>libclang_rt.builtins.a</file>
         <name>comparedf2.c.obj</name>
      </input_file>
      <input_file id="fl-137">
         <path>D:\TI\ccs2041\ccs\tools\compiler\ti-cgt-armllvm_4.0.4.LTS\lib\armv6m-ti-none-eabi\</path>
         <kind>archive</kind>
         <file>libclang_rt.builtins.a</file>
         <name>aeabi_div0.c.obj</name>
      </input_file>
      <input_file id="fl-138">
         <path>D:\TI\ccs2041\ccs\tools\compiler\ti-cgt-armllvm_4.0.4.LTS\lib\armv6m-ti-none-eabi\c\</path>
         <kind>archive</kind>
         <file>libc.a</file>
         <name>getdevice.c.obj</name>
      </input_file>
      <input_file id="fl-139">
         <path>D:\TI\ccs2041\ccs\tools\compiler\ti-cgt-armllvm_4.0.4.LTS\lib\armv6m-ti-none-eabi\c\</path>
         <kind>archive</kind>
         <file>libc.a</file>
         <name>memcpy16.S.obj</name>
      </input_file>
      <input_file id="fl-13a">
         <path>D:\TI\ccs2041\ccs\tools\compiler\ti-cgt-armllvm_4.0.4.LTS\lib\armv6m-ti-none-eabi\c\</path>
         <kind>archive</kind>
         <file>libc.a</file>
         <name>memset16.S.obj</name>
      </input_file>
      <input_file id="fl-13b">
         <path>D:\TI\ccs2041\ccs\tools\compiler\ti-cgt-armllvm_4.0.4.LTS\lib\armv6m-ti-none-eabi\c\</path>
         <kind>archive</kind>
         <file>libc.a</file>
         <name>strcmp-armv6m.S.obj</name>
      </input_file>
   </input_file_list>
   <object_component_list>
      <object_component id="oc-18">
         <name>.intvecs</name>
         <load_address>0x0</load_address>
         <readonly>true</readonly>
         <run_address>0x0</run_address>
         <size>0xc0</size>
         <alignment>0x4</alignment>
         <input_file_ref idref="fl-3"/>
      </object_component>
      <object_component id="oc-2bc">
         <name>.text:__TI_printfi</name>
         <load_address>0xc0</load_address>
         <readonly>true</readonly>
         <executable>true</executable>
         <run_address>0xc0</run_address>
         <size>0x9d0</size>
         <alignment>0x4</alignment>
         <input_file_ref idref="fl-57"/>
      </object_component>
      <object_component id="oc-cf">
         <name>.text.button_handler</name>
         <load_address>0xa90</load_address>
         <readonly>true</readonly>
         <executable>true</executable>
         <run_address>0xa90</run_address>
         <size>0x3f8</size>
         <alignment>0x4</alignment>
         <input_file_ref idref="fl-f"/>
      </object_component>
      <object_component id="oc-369">
         <name>.text.UartParser_ProcessByte</name>
         <load_address>0xe88</load_address>
         <readonly>true</readonly>
         <executable>true</executable>
         <run_address>0xe88</run_address>
         <size>0x26c</size>
         <alignment>0x4</alignment>
         <input_file_ref idref="fl-d"/>
      </object_component>
      <object_component id="oc-1bf">
         <name>.text.Menu2_ResetGimbal</name>
         <load_address>0x10f4</load_address>
         <readonly>true</readonly>
         <executable>true</executable>
         <run_address>0x10f4</run_address>
         <size>0x240</size>
         <alignment>0x4</alignment>
         <input_file_ref idref="fl-4"/>
      </object_component>
      <object_component id="oc-12a">
         <name>.text.Menu1</name>
         <load_address>0x1334</load_address>
         <readonly>true</readonly>
         <executable>true</executable>
         <run_address>0x1334</run_address>
         <size>0x220</size>
         <alignment>0x4</alignment>
         <input_file_ref idref="fl-4"/>
      </object_component>
      <object_component id="oc-301">
         <name>.text._pconv_a</name>
         <load_address>0x1554</load_address>
         <readonly>true</readonly>
         <executable>true</executable>
         <run_address>0x1554</run_address>
         <size>0x220</size>
         <alignment>0x4</alignment>
         <input_file_ref idref="fl-57"/>
      </object_component>
      <object_component id="oc-1be">
         <name>.text.Menu2_SelectTask</name>
         <load_address>0x1774</load_address>
         <readonly>true</readonly>
         <executable>true</executable>
         <run_address>0x1774</run_address>
         <size>0x20c</size>
         <alignment>0x4</alignment>
         <input_file_ref idref="fl-4"/>
      </object_component>
      <object_component id="oc-302">
         <name>.text._pconv_g</name>
         <load_address>0x1980</load_address>
         <readonly>true</readonly>
         <executable>true</executable>
         <run_address>0x1980</run_address>
         <size>0x1dc</size>
         <alignment>0x4</alignment>
         <input_file_ref idref="fl-57"/>
      </object_component>
      <object_component id="oc-265">
         <name>.text.OLED_ShowChar</name>
         <load_address>0x1b5c</load_address>
         <readonly>true</readonly>
         <executable>true</executable>
         <run_address>0x1b5c</run_address>
         <size>0x1d0</size>
         <alignment>0x4</alignment>
         <input_file_ref idref="fl-15"/>
      </object_component>
      <object_component id="oc-176">
         <name>.text.SYSCFG_DL_GPIO_init</name>
         <load_address>0x1d2c</load_address>
         <readonly>true</readonly>
         <executable>true</executable>
         <run_address>0x1d2c</run_address>
         <size>0x1a4</size>
         <alignment>0x4</alignment>
         <input_file_ref idref="fl-2"/>
      </object_component>
      <object_component id="oc-351">
         <name>.text.adddf3_subdf3</name>
         <load_address>0x1ed0</load_address>
         <readonly>true</readonly>
         <executable>true</executable>
         <run_address>0x1ed0</run_address>
         <size>0x192</size>
         <alignment>0x4</alignment>
         <input_file_ref idref="fl-11d"/>
      </object_component>
      <object_component id="oc-2cf">
         <name>.text.__aeabi_idiv0</name>
         <load_address>0x2062</load_address>
         <readonly>true</readonly>
         <executable>true</executable>
         <run_address>0x2062</run_address>
         <size>0x2</size>
         <alignment>0x2</alignment>
         <input_file_ref idref="fl-137"/>
      </object_component>
      <object_component id="oc-fc">
         <name>.text.PID_AngleCompute</name>
         <load_address>0x2064</load_address>
         <readonly>true</readonly>
         <executable>true</executable>
         <run_address>0x2064</run_address>
         <size>0x190</size>
         <alignment>0x4</alignment>
         <input_file_ref idref="fl-a"/>
      </object_component>
      <object_component id="oc-9c">
         <name>.text.StepMotor_Angle_Proc</name>
         <load_address>0x21f4</load_address>
         <readonly>true</readonly>
         <executable>true</executable>
         <run_address>0x21f4</run_address>
         <size>0x144</size>
         <alignment>0x4</alignment>
         <input_file_ref idref="fl-13"/>
      </object_component>
      <object_component id="oc-355">
         <name>.text.fcvt</name>
         <load_address>0x2338</load_address>
         <readonly>true</readonly>
         <executable>true</executable>
         <run_address>0x2338</run_address>
         <size>0x13c</size>
         <alignment>0x4</alignment>
         <input_file_ref idref="fl-57"/>
      </object_component>
      <object_component id="oc-304">
         <name>.text._pconv_e</name>
         <load_address>0x2474</load_address>
         <readonly>true</readonly>
         <executable>true</executable>
         <run_address>0x2474</run_address>
         <size>0x120</size>
         <alignment>0x4</alignment>
         <input_file_ref idref="fl-57"/>
      </object_component>
      <object_component id="oc-175">
         <name>.text.SYSCFG_DL_initPower</name>
         <load_address>0x2594</load_address>
         <readonly>true</readonly>
         <executable>true</executable>
         <run_address>0x2594</run_address>
         <size>0x11c</size>
         <alignment>0x4</alignment>
         <input_file_ref idref="fl-2"/>
      </object_component>
      <object_component id="oc-309">
         <name>.text.Transfer_Protocol</name>
         <load_address>0x26b0</load_address>
         <readonly>true</readonly>
         <executable>true</executable>
         <run_address>0x26b0</run_address>
         <size>0x11c</size>
         <alignment>0x4</alignment>
         <input_file_ref idref="fl-6"/>
      </object_component>
      <object_component id="oc-274">
         <name>.text.Menu3_Task</name>
         <load_address>0x27cc</load_address>
         <readonly>true</readonly>
         <executable>true</executable>
         <run_address>0x27cc</run_address>
         <size>0x114</size>
         <alignment>0x4</alignment>
         <input_file_ref idref="fl-4"/>
      </object_component>
      <object_component id="oc-11b">
         <name>.text.OLED_Init</name>
         <load_address>0x28e0</load_address>
         <readonly>true</readonly>
         <executable>true</executable>
         <run_address>0x28e0</run_address>
         <size>0x114</size>
         <alignment>0x4</alignment>
         <input_file_ref idref="fl-15"/>
      </object_component>
      <object_component id="oc-34d">
         <name>.text.__divdf3</name>
         <load_address>0x29f4</load_address>
         <readonly>true</readonly>
         <executable>true</executable>
         <run_address>0x29f4</run_address>
         <size>0x10c</size>
         <alignment>0x4</alignment>
         <input_file_ref idref="fl-122"/>
      </object_component>
      <object_component id="oc-21a">
         <name>.text.DL_Timer_initFourCCPWMMode</name>
         <load_address>0x2b00</load_address>
         <readonly>true</readonly>
         <executable>true</executable>
         <run_address>0x2b00</run_address>
         <size>0x104</size>
         <alignment>0x4</alignment>
         <input_file_ref idref="fl-34"/>
      </object_component>
      <object_component id="oc-22f">
         <name>.text.DL_Timer_initTimerMode</name>
         <load_address>0x2c04</load_address>
         <readonly>true</readonly>
         <executable>true</executable>
         <run_address>0x2c04</run_address>
         <size>0xfc</size>
         <alignment>0x4</alignment>
         <input_file_ref idref="fl-34"/>
      </object_component>
      <object_component id="oc-213">
         <name>.text.SYSCFG_DL_SYSCTL_SYSPLL_init</name>
         <load_address>0x2d00</load_address>
         <readonly>true</readonly>
         <executable>true</executable>
         <run_address>0x2d00</run_address>
         <size>0xe8</size>
         <alignment>0x4</alignment>
         <input_file_ref idref="fl-2"/>
      </object_component>
      <object_component id="oc-2c6">
         <name>.text.Uart0_ReadCommand</name>
         <load_address>0x2de8</load_address>
         <readonly>true</readonly>
         <executable>true</executable>
         <run_address>0x2de8</run_address>
         <size>0xe4</size>
         <alignment>0x4</alignment>
         <input_file_ref idref="fl-d"/>
      </object_component>
      <object_component id="oc-345">
         <name>.text.__muldf3</name>
         <load_address>0x2ecc</load_address>
         <readonly>true</readonly>
         <executable>true</executable>
         <run_address>0x2ecc</run_address>
         <size>0xe4</size>
         <alignment>0x4</alignment>
         <input_file_ref idref="fl-11e"/>
      </object_component>
      <object_component id="oc-227">
         <name>.text.DL_Timer_initCaptureCombinedMode</name>
         <load_address>0x2fb0</load_address>
         <readonly>true</readonly>
         <executable>true</executable>
         <run_address>0x2fb0</run_address>
         <size>0xe0</size>
         <alignment>0x4</alignment>
         <input_file_ref idref="fl-34"/>
      </object_component>
      <object_component id="oc-212">
         <name>.text.DL_SYSCTL_configSYSPLL</name>
         <load_address>0x3090</load_address>
         <readonly>true</readonly>
         <executable>true</executable>
         <run_address>0x3090</run_address>
         <size>0xdc</size>
         <alignment>0x4</alignment>
         <input_file_ref idref="fl-36"/>
      </object_component>
      <object_component id="oc-334">
         <name>.text.scalbn</name>
         <load_address>0x316c</load_address>
         <readonly>true</readonly>
         <executable>true</executable>
         <run_address>0x316c</run_address>
         <size>0xd8</size>
         <alignment>0x4</alignment>
         <input_file_ref idref="fl-63"/>
      </object_component>
      <object_component id="oc-156">
         <name>.text</name>
         <load_address>0x3244</load_address>
         <readonly>true</readonly>
         <executable>true</executable>
         <run_address>0x3244</run_address>
         <size>0xd8</size>
         <alignment>0x4</alignment>
         <input_file_ref idref="fl-11c"/>
      </object_component>
      <object_component id="oc-2c9">
         <name>.text.Gimbal_Receive_Task</name>
         <load_address>0x331c</load_address>
         <readonly>true</readonly>
         <executable>true</executable>
         <run_address>0x331c</run_address>
         <size>0xb8</size>
         <alignment>0x4</alignment>
         <input_file_ref idref="fl-6"/>
      </object_component>
      <object_component id="oc-32b">
         <name>.text</name>
         <load_address>0x33d4</load_address>
         <readonly>true</readonly>
         <executable>true</executable>
         <run_address>0x33d4</run_address>
         <size>0xa2</size>
         <alignment>0x4</alignment>
         <input_file_ref idref="fl-134"/>
      </object_component>
      <object_component id="oc-1ac">
         <name>.text.OLED_ShowString</name>
         <load_address>0x3476</load_address>
         <readonly>true</readonly>
         <executable>true</executable>
         <run_address>0x3476</run_address>
         <size>0x9a</size>
         <alignment>0x2</alignment>
         <input_file_ref idref="fl-15"/>
      </object_component>
      <object_component id="oc-19f">
         <name>.text.PID_Init</name>
         <load_address>0x3510</load_address>
         <readonly>true</readonly>
         <executable>true</executable>
         <run_address>0x3510</run_address>
         <size>0x98</size>
         <alignment>0x4</alignment>
         <input_file_ref idref="fl-a"/>
      </object_component>
      <object_component id="oc-119">
         <name>.text.Uart_Init</name>
         <load_address>0x35a8</load_address>
         <readonly>true</readonly>
         <executable>true</executable>
         <run_address>0x35a8</run_address>
         <size>0x94</size>
         <alignment>0x4</alignment>
         <input_file_ref idref="fl-d"/>
      </object_component>
      <object_component id="oc-2a7">
         <name>.text.OLED_DrawPoint</name>
         <load_address>0x363c</load_address>
         <readonly>true</readonly>
         <executable>true</executable>
         <run_address>0x363c</run_address>
         <size>0x90</size>
         <alignment>0x4</alignment>
         <input_file_ref idref="fl-15"/>
      </object_component>
      <object_component id="oc-1a8">
         <name>.text.read_key_level</name>
         <load_address>0x36cc</load_address>
         <readonly>true</readonly>
         <executable>true</executable>
         <run_address>0x36cc</run_address>
         <size>0x90</size>
         <alignment>0x4</alignment>
         <input_file_ref idref="fl-11"/>
      </object_component>
      <object_component id="oc-19b">
         <name>.text.OLED_WR_Byte</name>
         <load_address>0x375c</load_address>
         <readonly>true</readonly>
         <executable>true</executable>
         <run_address>0x375c</run_address>
         <size>0x8c</size>
         <alignment>0x4</alignment>
         <input_file_ref idref="fl-15"/>
      </object_component>
      <object_component id="oc-120">
         <name>.text.Step_Angle_Turn_Init</name>
         <load_address>0x37e8</load_address>
         <readonly>true</readonly>
         <executable>true</executable>
         <run_address>0x37e8</run_address>
         <size>0x8c</size>
         <alignment>0x4</alignment>
         <input_file_ref idref="fl-5"/>
      </object_component>
      <object_component id="oc-15a">
         <name>.text.__mulsf3</name>
         <load_address>0x3874</load_address>
         <readonly>true</readonly>
         <executable>true</executable>
         <run_address>0x3874</run_address>
         <size>0x8c</size>
         <alignment>0x4</alignment>
         <input_file_ref idref="fl-120"/>
      </object_component>
      <object_component id="oc-1a4">
         <name>.text.button_init</name>
         <load_address>0x3900</load_address>
         <readonly>true</readonly>
         <executable>true</executable>
         <run_address>0x3900</run_address>
         <size>0x88</size>
         <alignment>0x4</alignment>
         <input_file_ref idref="fl-f"/>
      </object_component>
      <object_component id="oc-2ce">
         <name>.text.W25Q128_write</name>
         <load_address>0x3988</load_address>
         <readonly>true</readonly>
         <executable>true</executable>
         <run_address>0x3988</run_address>
         <size>0x84</size>
         <alignment>0x4</alignment>
         <input_file_ref idref="fl-e"/>
      </object_component>
      <object_component id="oc-23c">
         <name>.text.__NVIC_SetPriority</name>
         <load_address>0x3a0c</load_address>
         <readonly>true</readonly>
         <executable>true</executable>
         <run_address>0x3a0c</run_address>
         <size>0x84</size>
         <alignment>0x4</alignment>
         <input_file_ref idref="fl-2"/>
      </object_component>
      <object_component id="oc-168">
         <name>.text.__divsf3</name>
         <load_address>0x3a90</load_address>
         <readonly>true</readonly>
         <executable>true</executable>
         <run_address>0x3a90</run_address>
         <size>0x82</size>
         <alignment>0x4</alignment>
         <input_file_ref idref="fl-121"/>
      </object_component>
      <object_component id="oc-36d">
         <name>.text.__aeabi_ldiv0</name>
         <load_address>0x3b12</load_address>
         <readonly>true</readonly>
         <executable>true</executable>
         <run_address>0x3b12</run_address>
         <size>0x2</size>
         <alignment>0x2</alignment>
         <input_file_ref idref="fl-137"/>
      </object_component>
      <object_component id="oc-11a">
         <name>.text.InputCapture_Init</name>
         <load_address>0x3b14</load_address>
         <readonly>true</readonly>
         <executable>true</executable>
         <run_address>0x3b14</run_address>
         <size>0x80</size>
         <alignment>0x4</alignment>
         <input_file_ref idref="fl-8"/>
      </object_component>
      <object_component id="oc-1bc">
         <name>.text.OLED_Refresh</name>
         <load_address>0x3b94</load_address>
         <readonly>true</readonly>
         <executable>true</executable>
         <run_address>0x3b94</run_address>
         <size>0x7c</size>
         <alignment>0x4</alignment>
         <input_file_ref idref="fl-15"/>
      </object_component>
      <object_component id="oc-2cd">
         <name>.text.float_to_uint16</name>
         <load_address>0x3c10</load_address>
         <readonly>true</readonly>
         <executable>true</executable>
         <run_address>0x3c10</run_address>
         <size>0x7c</size>
         <alignment>0x4</alignment>
         <input_file_ref idref="fl-14"/>
      </object_component>
      <object_component id="oc-1c">
         <name>.text:decompress:lzss</name>
         <load_address>0x3c8c</load_address>
         <readonly>true</readonly>
         <executable>true</executable>
         <run_address>0x3c8c</run_address>
         <size>0x7c</size>
         <alignment>0x4</alignment>
         <input_file_ref idref="fl-56"/>
      </object_component>
      <object_component id="oc-e7">
         <name>.text.CircularLpf</name>
         <load_address>0x3d08</load_address>
         <readonly>true</readonly>
         <executable>true</executable>
         <run_address>0x3d08</run_address>
         <size>0x78</size>
         <alignment>0x4</alignment>
         <input_file_ref idref="fl-13"/>
      </object_component>
      <object_component id="oc-114">
         <name>.text.SYSCFG_DL_init</name>
         <load_address>0x3d80</load_address>
         <readonly>true</readonly>
         <executable>true</executable>
         <run_address>0x3d80</run_address>
         <size>0x78</size>
         <alignment>0x4</alignment>
         <input_file_ref idref="fl-2"/>
      </object_component>
      <object_component id="oc-44">
         <name>.text.TIMG0_IRQHandler</name>
         <load_address>0x3df8</load_address>
         <readonly>true</readonly>
         <executable>true</executable>
         <run_address>0x3df8</run_address>
         <size>0x78</size>
         <alignment>0x4</alignment>
         <input_file_ref idref="fl-8"/>
      </object_component>
      <object_component id="oc-39">
         <name>.text.TIMG8_IRQHandler</name>
         <load_address>0x3e70</load_address>
         <readonly>true</readonly>
         <executable>true</executable>
         <run_address>0x3e70</run_address>
         <size>0x78</size>
         <alignment>0x4</alignment>
         <input_file_ref idref="fl-8"/>
      </object_component>
      <object_component id="oc-179">
         <name>.text.SYSCFG_DL_PWM_Under_init</name>
         <load_address>0x3ee8</load_address>
         <readonly>true</readonly>
         <executable>true</executable>
         <run_address>0x3ee8</run_address>
         <size>0x74</size>
         <alignment>0x4</alignment>
         <input_file_ref idref="fl-2"/>
      </object_component>
      <object_component id="oc-178">
         <name>.text.SYSCFG_DL_PWM_Up_init</name>
         <load_address>0x3f5c</load_address>
         <readonly>true</readonly>
         <executable>true</executable>
         <run_address>0x3f5c</run_address>
         <size>0x74</size>
         <alignment>0x4</alignment>
         <input_file_ref idref="fl-2"/>
      </object_component>
      <object_component id="oc-177">
         <name>.text.SYSCFG_DL_SYSCTL_init</name>
         <load_address>0x3fd0</load_address>
         <readonly>true</readonly>
         <executable>true</executable>
         <run_address>0x3fd0</run_address>
         <size>0x74</size>
         <alignment>0x4</alignment>
         <input_file_ref idref="fl-2"/>
      </object_component>
      <object_component id="oc-101">
         <name>.text.StepMotor_Up_Set_Speed</name>
         <load_address>0x4044</load_address>
         <readonly>true</readonly>
         <executable>true</executable>
         <run_address>0x4044</run_address>
         <size>0x74</size>
         <alignment>0x4</alignment>
         <input_file_ref idref="fl-13"/>
      </object_component>
      <object_component id="oc-30e">
         <name>.text.Uart0_RecoverIfStalled</name>
         <load_address>0x40b8</load_address>
         <readonly>true</readonly>
         <executable>true</executable>
         <run_address>0x40b8</run_address>
         <size>0x74</size>
         <alignment>0x4</alignment>
         <input_file_ref idref="fl-d"/>
      </object_component>
      <object_component id="oc-266">
         <name>.text.W25Q128_read</name>
         <load_address>0x412c</load_address>
         <readonly>true</readonly>
         <executable>true</executable>
         <run_address>0x412c</run_address>
         <size>0x74</size>
         <alignment>0x4</alignment>
         <input_file_ref idref="fl-e"/>
      </object_component>
      <object_component id="oc-2dc">
         <name>.text.__gedf2</name>
         <load_address>0x41a0</load_address>
         <readonly>true</readonly>
         <executable>true</executable>
         <run_address>0x41a0</run_address>
         <size>0x74</size>
         <alignment>0x4</alignment>
         <input_file_ref idref="fl-136"/>
      </object_component>
      <object_component id="oc-103">
         <name>.text.StepMotor_Down_Set_Speed</name>
         <load_address>0x4214</load_address>
         <readonly>true</readonly>
         <executable>true</executable>
         <run_address>0x4214</run_address>
         <size>0x70</size>
         <alignment>0x4</alignment>
         <input_file_ref idref="fl-13"/>
      </object_component>
      <object_component id="oc-a1">
         <name>.text.Step_Angle_Callback</name>
         <load_address>0x4284</load_address>
         <readonly>true</readonly>
         <executable>true</executable>
         <run_address>0x4284</run_address>
         <size>0x6c</size>
         <alignment>0x4</alignment>
         <input_file_ref idref="fl-5"/>
      </object_component>
      <object_component id="oc-125">
         <name>.text.Key_Init</name>
         <load_address>0x42f0</load_address>
         <readonly>true</readonly>
         <executable>true</executable>
         <run_address>0x42f0</run_address>
         <size>0x68</size>
         <alignment>0x4</alignment>
         <input_file_ref idref="fl-11"/>
      </object_component>
      <object_component id="oc-17a">
         <name>.text.SYSCFG_DL_Buzzer_init</name>
         <load_address>0x4358</load_address>
         <readonly>true</readonly>
         <executable>true</executable>
         <run_address>0x4358</run_address>
         <size>0x68</size>
         <alignment>0x4</alignment>
         <input_file_ref idref="fl-2"/>
      </object_component>
      <object_component id="oc-2d6">
         <name>.text.__ledf2</name>
         <load_address>0x43c0</load_address>
         <readonly>true</readonly>
         <executable>true</executable>
         <run_address>0x43c0</run_address>
         <size>0x68</size>
         <alignment>0x4</alignment>
         <input_file_ref idref="fl-136"/>
      </object_component>
      <object_component id="oc-34c">
         <name>.text._mcpy</name>
         <load_address>0x4428</load_address>
         <readonly>true</readonly>
         <executable>true</executable>
         <run_address>0x4428</run_address>
         <size>0x66</size>
         <alignment>0x2</alignment>
         <input_file_ref idref="fl-57"/>
      </object_component>
      <object_component id="oc-20c">
         <name>.text.DL_SYSCTL_setHFCLKSourceHFXTParams</name>
         <load_address>0x4490</load_address>
         <readonly>true</readonly>
         <executable>true</executable>
         <run_address>0x4490</run_address>
         <size>0x64</size>
         <alignment>0x4</alignment>
         <input_file_ref idref="fl-36"/>
      </object_component>
      <object_component id="oc-16d">
         <name>.text.PWM_Under_Set_Frequency</name>
         <load_address>0x44f4</load_address>
         <readonly>true</readonly>
         <executable>true</executable>
         <run_address>0x44f4</run_address>
         <size>0x64</size>
         <alignment>0x4</alignment>
         <input_file_ref idref="fl-b"/>
      </object_component>
      <object_component id="oc-16c">
         <name>.text.PWM_Up_Set_Frequency</name>
         <load_address>0x4558</load_address>
         <readonly>true</readonly>
         <executable>true</executable>
         <run_address>0x4558</run_address>
         <size>0x64</size>
         <alignment>0x4</alignment>
         <input_file_ref idref="fl-b"/>
      </object_component>
      <object_component id="oc-29b">
         <name>.text.__aeabi_dcmp</name>
         <load_address>0x45bc</load_address>
         <readonly>true</readonly>
         <executable>true</executable>
         <run_address>0x45bc</run_address>
         <size>0x62</size>
         <alignment>0x4</alignment>
         <input_file_ref idref="fl-12c"/>
      </object_component>
      <object_component id="oc-152">
         <name>.text.__aeabi_fcmp</name>
         <load_address>0x4620</load_address>
         <readonly>true</readonly>
         <executable>true</executable>
         <run_address>0x4620</run_address>
         <size>0x62</size>
         <alignment>0x4</alignment>
         <input_file_ref idref="fl-12d"/>
      </object_component>
      <object_component id="oc-80">
         <name>.text.UartRxRing_Push</name>
         <load_address>0x4682</load_address>
         <readonly>true</readonly>
         <executable>true</executable>
         <run_address>0x4682</run_address>
         <size>0x60</size>
         <alignment>0x2</alignment>
         <input_file_ref idref="fl-d"/>
      </object_component>
      <object_component id="oc-92">
         <name>.text.LED_Tick</name>
         <load_address>0x46e4</load_address>
         <readonly>true</readonly>
         <executable>true</executable>
         <run_address>0x46e4</run_address>
         <size>0x5c</size>
         <alignment>0x4</alignment>
         <input_file_ref idref="fl-12"/>
      </object_component>
      <object_component id="oc-17e">
         <name>.text.SYSCFG_DL_UART_0_init</name>
         <load_address>0x4740</load_address>
         <readonly>true</readonly>
         <executable>true</executable>
         <run_address>0x4740</run_address>
         <size>0x5c</size>
         <alignment>0x4</alignment>
         <input_file_ref idref="fl-2"/>
      </object_component>
      <object_component id="oc-17f">
         <name>.text.SYSCFG_DL_UART_K230_init</name>
         <load_address>0x479c</load_address>
         <readonly>true</readonly>
         <executable>true</executable>
         <run_address>0x479c</run_address>
         <size>0x5c</size>
         <alignment>0x4</alignment>
         <input_file_ref idref="fl-2"/>
      </object_component>
      <object_component id="oc-1a6">
         <name>.text.button_start</name>
         <load_address>0x47f8</load_address>
         <readonly>true</readonly>
         <executable>true</executable>
         <run_address>0x47f8</run_address>
         <size>0x5c</size>
         <alignment>0x4</alignment>
         <input_file_ref idref="fl-f"/>
      </object_component>
      <object_component id="oc-330">
         <name>.text.frexp</name>
         <load_address>0x4854</load_address>
         <readonly>true</readonly>
         <executable>true</executable>
         <run_address>0x4854</run_address>
         <size>0x5c</size>
         <alignment>0x4</alignment>
         <input_file_ref idref="fl-62"/>
      </object_component>
      <object_component id="oc-19c">
         <name>.text.OLED_Clear</name>
         <load_address>0x48b0</load_address>
         <readonly>true</readonly>
         <executable>true</executable>
         <run_address>0x48b0</run_address>
         <size>0x58</size>
         <alignment>0x4</alignment>
         <input_file_ref idref="fl-15"/>
      </object_component>
      <object_component id="oc-18d">
         <name>.text.UartParser_Reset</name>
         <load_address>0x4908</load_address>
         <readonly>true</readonly>
         <executable>true</executable>
         <run_address>0x4908</run_address>
         <size>0x58</size>
         <alignment>0x2</alignment>
         <input_file_ref idref="fl-d"/>
      </object_component>
      <object_component id="oc-33c">
         <name>.text.__TI_ltoa</name>
         <load_address>0x4960</load_address>
         <readonly>true</readonly>
         <executable>true</executable>
         <run_address>0x4960</run_address>
         <size>0x58</size>
         <alignment>0x2</alignment>
         <input_file_ref idref="fl-5b"/>
      </object_component>
      <object_component id="oc-303">
         <name>.text._pconv_f</name>
         <load_address>0x49b8</load_address>
         <readonly>true</readonly>
         <executable>true</executable>
         <run_address>0x49b8</run_address>
         <size>0x58</size>
         <alignment>0x2</alignment>
         <input_file_ref idref="fl-57"/>
      </object_component>
      <object_component id="oc-37a">
         <name>.text.__aeabi_idivmod</name>
         <load_address>0x4a10</load_address>
         <readonly>true</readonly>
         <executable>true</executable>
         <run_address>0x4a10</run_address>
         <size>0x56</size>
         <alignment>0x4</alignment>
         <input_file_ref idref="fl-12e"/>
      </object_component>
      <object_component id="oc-2c2">
         <name>.text.Send_Task</name>
         <load_address>0x4a68</load_address>
         <readonly>true</readonly>
         <executable>true</executable>
         <run_address>0x4a68</run_address>
         <size>0x54</size>
         <alignment>0x4</alignment>
         <input_file_ref idref="fl-6"/>
      </object_component>
      <object_component id="oc-368">
         <name>.text.UartRxRing_Pop</name>
         <load_address>0x4abc</load_address>
         <readonly>true</readonly>
         <executable>true</executable>
         <run_address>0x4abc</run_address>
         <size>0x54</size>
         <alignment>0x2</alignment>
         <input_file_ref idref="fl-d"/>
      </object_component>
      <object_component id="oc-30f">
         <name>.text.Uart_ProcessRx</name>
         <load_address>0x4b10</load_address>
         <readonly>true</readonly>
         <executable>true</executable>
         <run_address>0x4b10</run_address>
         <size>0x54</size>
         <alignment>0x2</alignment>
         <input_file_ref idref="fl-d"/>
      </object_component>
      <object_component id="oc-314">
         <name>.text.W25Q128_erase_sector</name>
         <load_address>0x4b64</load_address>
         <readonly>true</readonly>
         <executable>true</executable>
         <run_address>0x4b64</run_address>
         <size>0x54</size>
         <alignment>0x4</alignment>
         <input_file_ref idref="fl-e"/>
      </object_component>
      <object_component id="oc-e6">
         <name>.text.WrapAngle180</name>
         <load_address>0x4bb8</load_address>
         <readonly>true</readonly>
         <executable>true</executable>
         <run_address>0x4bb8</run_address>
         <size>0x54</size>
         <alignment>0x4</alignment>
         <input_file_ref idref="fl-13"/>
      </object_component>
      <object_component id="oc-b5">
         <name>.text.main</name>
         <load_address>0x4c0c</load_address>
         <readonly>true</readonly>
         <executable>true</executable>
         <run_address>0x4c0c</run_address>
         <size>0x54</size>
         <alignment>0x4</alignment>
         <input_file_ref idref="fl-1"/>
      </object_component>
      <object_component id="oc-34a">
         <name>.text._ecpy</name>
         <load_address>0x4c60</load_address>
         <readonly>true</readonly>
         <executable>true</executable>
         <run_address>0x4c60</run_address>
         <size>0x52</size>
         <alignment>0x2</alignment>
         <input_file_ref idref="fl-57"/>
      </object_component>
      <object_component id="oc-36a">
         <name>.text.PWM_Buzzer_Set_Frequency</name>
         <load_address>0x4cb4</load_address>
         <readonly>true</readonly>
         <executable>true</executable>
         <run_address>0x4cb4</run_address>
         <size>0x50</size>
         <alignment>0x4</alignment>
         <input_file_ref idref="fl-b"/>
      </object_component>
      <object_component id="oc-25c">
         <name>.text.SysTick_Config</name>
         <load_address>0x4d04</load_address>
         <readonly>true</readonly>
         <executable>true</executable>
         <run_address>0x4d04</run_address>
         <size>0x50</size>
         <alignment>0x4</alignment>
         <input_file_ref idref="fl-2"/>
      </object_component>
      <object_component id="oc-2ad">
         <name>.text.spi_read_write_byte</name>
         <load_address>0x4d54</load_address>
         <readonly>true</readonly>
         <executable>true</executable>
         <run_address>0x4d54</run_address>
         <size>0x50</size>
         <alignment>0x4</alignment>
         <input_file_ref idref="fl-e"/>
      </object_component>
      <object_component id="oc-26b">
         <name>.text.uint16_to_float</name>
         <load_address>0x4da4</load_address>
         <readonly>true</readonly>
         <executable>true</executable>
         <run_address>0x4da4</run_address>
         <size>0x50</size>
         <alignment>0x4</alignment>
         <input_file_ref idref="fl-14"/>
      </object_component>
      <object_component id="oc-204">
         <name>.text.DL_GPIO_initDigitalInputFeatures</name>
         <load_address>0x4df4</load_address>
         <readonly>true</readonly>
         <executable>true</executable>
         <run_address>0x4df4</run_address>
         <size>0x4c</size>
         <alignment>0x4</alignment>
         <input_file_ref idref="fl-2"/>
      </object_component>
      <object_component id="oc-23a">
         <name>.text.DL_UART_setBaudRateDivisor</name>
         <load_address>0x4e40</load_address>
         <readonly>true</readonly>
         <executable>true</executable>
         <run_address>0x4e40</run_address>
         <size>0x4c</size>
         <alignment>0x4</alignment>
         <input_file_ref idref="fl-2"/>
      </object_component>
      <object_component id="oc-17c">
         <name>.text.SYSCFG_DL_CAPTURE_Down_init</name>
         <load_address>0x4e8c</load_address>
         <readonly>true</readonly>
         <executable>true</executable>
         <run_address>0x4e8c</run_address>
         <size>0x4c</size>
         <alignment>0x4</alignment>
         <input_file_ref idref="fl-2"/>
      </object_component>
      <object_component id="oc-17b">
         <name>.text.SYSCFG_DL_CAPTURE_Up_init</name>
         <load_address>0x4ed8</load_address>
         <readonly>true</readonly>
         <executable>true</executable>
         <run_address>0x4ed8</run_address>
         <size>0x4c</size>
         <alignment>0x4</alignment>
         <input_file_ref idref="fl-2"/>
      </object_component>
      <object_component id="oc-259">
         <name>.text.DL_ADC12_configConversionMem</name>
         <load_address>0x4f24</load_address>
         <readonly>true</readonly>
         <executable>true</executable>
         <run_address>0x4f24</run_address>
         <size>0x4a</size>
         <alignment>0x2</alignment>
         <input_file_ref idref="fl-2"/>
      </object_component>
      <object_component id="oc-338">
         <name>.text.__fixdfsi</name>
         <load_address>0x4f70</load_address>
         <readonly>true</readonly>
         <executable>true</executable>
         <run_address>0x4f70</run_address>
         <size>0x4a</size>
         <alignment>0x4</alignment>
         <input_file_ref idref="fl-124"/>
      </object_component>
      <object_component id="oc-238">
         <name>.text.DL_UART_init</name>
         <load_address>0x4fbc</load_address>
         <readonly>true</readonly>
         <executable>true</executable>
         <run_address>0x4fbc</run_address>
         <size>0x48</size>
         <alignment>0x4</alignment>
         <input_file_ref idref="fl-35"/>
      </object_component>
      <object_component id="oc-316">
         <name>.text.W25Q128_wait_busy</name>
         <load_address>0x5004</load_address>
         <readonly>true</readonly>
         <executable>true</executable>
         <run_address>0x5004</run_address>
         <size>0x48</size>
         <alignment>0x4</alignment>
         <input_file_ref idref="fl-e"/>
      </object_component>
      <object_component id="oc-24d">
         <name>.text.DL_SPI_init</name>
         <load_address>0x504c</load_address>
         <readonly>true</readonly>
         <executable>true</executable>
         <run_address>0x504c</run_address>
         <size>0x44</size>
         <alignment>0x4</alignment>
         <input_file_ref idref="fl-33"/>
      </object_component>
      <object_component id="oc-217">
         <name>.text.DL_SYSCTL_switchMCLKfromSYSOSCtoHSCLK</name>
         <load_address>0x5090</load_address>
         <readonly>true</readonly>
         <executable>true</executable>
         <run_address>0x5090</run_address>
         <size>0x44</size>
         <alignment>0x4</alignment>
         <input_file_ref idref="fl-36"/>
      </object_component>
      <object_component id="oc-389">
         <name>.text.Uart0_Send_Char</name>
         <load_address>0x50d4</load_address>
         <readonly>true</readonly>
         <executable>true</executable>
         <run_address>0x50d4</run_address>
         <size>0x44</size>
         <alignment>0x4</alignment>
         <input_file_ref idref="fl-d"/>
      </object_component>
      <object_component id="oc-253">
         <name>.text.DL_ADC12_setClockConfig</name>
         <load_address>0x5118</load_address>
         <readonly>true</readonly>
         <executable>true</executable>
         <run_address>0x5118</run_address>
         <size>0x40</size>
         <alignment>0x4</alignment>
         <input_file_ref idref="fl-31"/>
      </object_component>
      <object_component id="oc-311">
         <name>.text.LED_On_Time</name>
         <load_address>0x5158</load_address>
         <readonly>true</readonly>
         <executable>true</executable>
         <run_address>0x5158</run_address>
         <size>0x40</size>
         <alignment>0x4</alignment>
         <input_file_ref idref="fl-12"/>
      </object_component>
      <object_component id="oc-182">
         <name>.text.SYSCFG_DL_SPI1_init</name>
         <load_address>0x5198</load_address>
         <readonly>true</readonly>
         <executable>true</executable>
         <run_address>0x5198</run_address>
         <size>0x40</size>
         <alignment>0x4</alignment>
         <input_file_ref idref="fl-2"/>
      </object_component>
      <object_component id="oc-180">
         <name>.text.SYSCFG_DL_UART_1_init</name>
         <load_address>0x51d8</load_address>
         <readonly>true</readonly>
         <executable>true</executable>
         <run_address>0x51d8</run_address>
         <size>0x40</size>
         <alignment>0x4</alignment>
         <input_file_ref idref="fl-2"/>
      </object_component>
      <object_component id="oc-181">
         <name>.text.SYSCFG_DL_UART_3_init</name>
         <load_address>0x5218</load_address>
         <readonly>true</readonly>
         <executable>true</executable>
         <run_address>0x5218</run_address>
         <size>0x40</size>
         <alignment>0x4</alignment>
         <input_file_ref idref="fl-2"/>
      </object_component>
      <object_component id="oc-43">
         <name>.text.UART0_IRQHandler</name>
         <load_address>0x5258</load_address>
         <readonly>true</readonly>
         <executable>true</executable>
         <run_address>0x5258</run_address>
         <size>0x40</size>
         <alignment>0x4</alignment>
         <input_file_ref idref="fl-d"/>
      </object_component>
      <object_component id="oc-3e">
         <name>.text.UART2_IRQHandler</name>
         <load_address>0x5298</load_address>
         <readonly>true</readonly>
         <executable>true</executable>
         <run_address>0x5298</run_address>
         <size>0x40</size>
         <alignment>0x4</alignment>
         <input_file_ref idref="fl-d"/>
      </object_component>
      <object_component id="oc-293">
         <name>.text.__aeabi_uidivmod</name>
         <load_address>0x52d8</load_address>
         <readonly>true</readonly>
         <executable>true</executable>
         <run_address>0x52d8</run_address>
         <size>0x40</size>
         <alignment>0x4</alignment>
         <input_file_ref idref="fl-131"/>
      </object_component>
      <object_component id="oc-1b2">
         <name>.text.__extendsfdf2</name>
         <load_address>0x5318</load_address>
         <readonly>true</readonly>
         <executable>true</executable>
         <run_address>0x5318</run_address>
         <size>0x40</size>
         <alignment>0x4</alignment>
         <input_file_ref idref="fl-123"/>
      </object_component>
      <object_component id="oc-2eb">
         <name>.text.atoi</name>
         <load_address>0x5358</load_address>
         <readonly>true</readonly>
         <executable>true</executable>
         <run_address>0x5358</run_address>
         <size>0x40</size>
         <alignment>0x4</alignment>
         <input_file_ref idref="fl-5e"/>
      </object_component>
      <object_component id="oc-35f">
         <name>.text.vsnprintf</name>
         <load_address>0x5398</load_address>
         <readonly>true</readonly>
         <executable>true</executable>
         <run_address>0x5398</run_address>
         <size>0x40</size>
         <alignment>0x4</alignment>
         <input_file_ref idref="fl-4e"/>
      </object_component>
      <object_component id="oc-21b">
         <name>.text.DL_Timer_setCounterControl</name>
         <load_address>0x53d8</load_address>
         <readonly>true</readonly>
         <executable>true</executable>
         <run_address>0x53d8</run_address>
         <size>0x3c</size>
         <alignment>0x4</alignment>
         <input_file_ref idref="fl-2"/>
      </object_component>
      <object_component id="oc-365">
         <name>.text.Uart0_Send_String</name>
         <load_address>0x5414</load_address>
         <readonly>true</readonly>
         <executable>true</executable>
         <run_address>0x5414</run_address>
         <size>0x3c</size>
         <alignment>0x2</alignment>
         <input_file_ref idref="fl-d"/>
      </object_component>
      <object_component id="oc-38c">
         <name>.text.__floatsisf</name>
         <load_address>0x5450</load_address>
         <readonly>true</readonly>
         <executable>true</executable>
         <run_address>0x5450</run_address>
         <size>0x3c</size>
         <alignment>0x4</alignment>
         <input_file_ref idref="fl-128"/>
      </object_component>
      <object_component id="oc-1de">
         <name>.text.__gtsf2</name>
         <load_address>0x548c</load_address>
         <readonly>true</readonly>
         <executable>true</executable>
         <run_address>0x548c</run_address>
         <size>0x3c</size>
         <alignment>0x4</alignment>
         <input_file_ref idref="fl-133"/>
      </object_component>
      <object_component id="oc-1a5">
         <name>.text.button_attach</name>
         <load_address>0x54c8</load_address>
         <readonly>true</readonly>
         <executable>true</executable>
         <run_address>0x54c8</run_address>
         <size>0x3c</size>
         <alignment>0x2</alignment>
         <input_file_ref idref="fl-f"/>
      </object_component>
      <object_component id="oc-136">
         <name>.text:__TI_auto_init_nobinit_nopinit</name>
         <load_address>0x5504</load_address>
         <readonly>true</readonly>
         <executable>true</executable>
         <run_address>0x5504</run_address>
         <size>0x3c</size>
         <alignment>0x4</alignment>
         <input_file_ref idref="fl-51"/>
      </object_component>
      <object_component id="oc-1d9">
         <name>.text.__eqsf2</name>
         <load_address>0x5540</load_address>
         <readonly>true</readonly>
         <executable>true</executable>
         <run_address>0x5540</run_address>
         <size>0x3a</size>
         <alignment>0x4</alignment>
         <input_file_ref idref="fl-133"/>
      </object_component>
      <object_component id="oc-1e1">
         <name>.text.__muldsi3</name>
         <load_address>0x557c</load_address>
         <readonly>true</readonly>
         <executable>true</executable>
         <run_address>0x557c</run_address>
         <size>0x3a</size>
         <alignment>0x4</alignment>
         <input_file_ref idref="fl-11f"/>
      </object_component>
      <object_component id="oc-1ad">
         <name>.text.Read_Gimbal_XY</name>
         <load_address>0x55b6</load_address>
         <readonly>true</readonly>
         <executable>true</executable>
         <run_address>0x55b6</run_address>
         <size>0x38</size>
         <alignment>0x2</alignment>
         <input_file_ref idref="fl-14"/>
      </object_component>
      <object_component id="oc-183">
         <name>.text.SYSCFG_DL_ADC12_0_init</name>
         <load_address>0x55f0</load_address>
         <readonly>true</readonly>
         <executable>true</executable>
         <run_address>0x55f0</run_address>
         <size>0x38</size>
         <alignment>0x4</alignment>
         <input_file_ref idref="fl-2"/>
      </object_component>
      <object_component id="oc-38b">
         <name>.text.UartParser_FinishParam</name>
         <load_address>0x5628</load_address>
         <readonly>true</readonly>
         <executable>true</executable>
         <run_address>0x5628</run_address>
         <size>0x38</size>
         <alignment>0x2</alignment>
         <input_file_ref idref="fl-d"/>
      </object_component>
      <object_component id="oc-15f">
         <name>.text.__fixsfsi</name>
         <load_address>0x5660</load_address>
         <readonly>true</readonly>
         <executable>true</executable>
         <run_address>0x5660</run_address>
         <size>0x38</size>
         <alignment>0x4</alignment>
         <input_file_ref idref="fl-125"/>
      </object_component>
      <object_component id="oc-1b6">
         <name>.text.sprintf</name>
         <load_address>0x5698</load_address>
         <readonly>true</readonly>
         <executable>true</executable>
         <run_address>0x5698</run_address>
         <size>0x38</size>
         <alignment>0x4</alignment>
         <input_file_ref idref="fl-4d"/>
      </object_component>
      <object_component id="oc-17d">
         <name>.text.SYSCFG_DL_Timer_Gimbal_init</name>
         <load_address>0x56d0</load_address>
         <readonly>true</readonly>
         <executable>true</executable>
         <run_address>0x56d0</run_address>
         <size>0x34</size>
[...]
         <value>0x6569</value>
         <object_component_ref idref="oc-247"/>
      </symbol>
      <symbol id="sm-4f4">
         <name>DL_Timer_setClockConfig</name>
         <value>0x5f45</value>
         <object_component_ref idref="oc-219"/>
      </symbol>
      <symbol id="sm-4f5">
         <name>DL_Timer_initTimerMode</name>
         <value>0x2c05</value>
         <object_component_ref idref="oc-22f"/>
      </symbol>
      <symbol id="sm-4f6">
         <name>DL_Timer_setCaptureCompareValue</name>
         <value>0x6639</value>
         <object_component_ref idref="oc-1ed"/>
      </symbol>
      <symbol id="sm-4f7">
         <name>DL_Timer_initCaptureCombinedMode</name>
         <value>0x2fb1</value>
         <object_component_ref idref="oc-227"/>
      </symbol>
      <symbol id="sm-4f8">
         <name>DL_Timer_getCaptureCompareValue</name>
         <value>0x6629</value>
         <object_component_ref idref="oc-70"/>
      </symbol>
      <symbol id="sm-4f9">
         <name>DL_Timer_setCaptCompUpdateMethod</name>
         <value>0x5f0d</value>
         <object_component_ref idref="oc-21d"/>
      </symbol>
      <symbol id="sm-4fa">
         <name>DL_Timer_setCaptureCompareOutCtl</name>
         <value>0x61c5</value>
         <object_component_ref idref="oc-21c"/>
      </symbol>
      <symbol id="sm-4fb">
         <name>DL_Timer_setCaptureCompareInputFilter</name>
         <value>0x5f29</value>
         <object_component_ref idref="oc-228"/>
      </symbol>
      <symbol id="sm-4fc">
         <name>DL_Timer_enableCaptureCompareInputFilter</name>
         <value>0x64c9</value>
         <object_component_ref idref="oc-229"/>
      </symbol>
      <symbol id="sm-4fd">
         <name>DL_Timer_initFourCCPWMMode</name>
         <value>0x2b01</value>
         <object_component_ref idref="oc-21a"/>
      </symbol>
      <symbol id="sm-50a">
         <name>DL_UART_init</name>
         <value>0x4fbd</value>
         <object_component_ref idref="oc-238"/>
      </symbol>
      <symbol id="sm-50b">
         <name>DL_UART_setClockConfig</name>
         <value>0x659f</value>
         <object_component_ref idref="oc-232"/>
      </symbol>
      <symbol id="sm-51f">
         <name>DL_SYSCTL_configSYSPLL</name>
         <value>0x3091</value>
         <object_component_ref idref="oc-212"/>
      </symbol>
      <symbol id="sm-520">
         <name>DL_SYSCTL_switchMCLKfromSYSOSCtoHSCLK</name>
         <value>0x5091</value>
         <object_component_ref idref="oc-217"/>
      </symbol>
      <symbol id="sm-521">
         <name>DL_SYSCTL_setHFCLKSourceHFXTParams</name>
         <value>0x4491</value>
         <object_component_ref idref="oc-20c"/>
      </symbol>
      <symbol id="sm-522">
         <name>DL_SYSCTL_configFCC</name>
         <value>0x5e81</value>
         <object_component_ref idref="oc-28f"/>
      </symbol>
      <symbol id="sm-533">
         <name>sprintf</name>
         <value>0x5699</value>
         <object_component_ref idref="oc-1b6"/>
      </symbol>
      <symbol id="sm-544">
         <name>vsnprintf</name>
         <value>0x5399</value>
         <object_component_ref idref="oc-35f"/>
      </symbol>
      <symbol id="sm-54f">
         <name>_c_int00_noargs</name>
         <value>0x5c65</value>
         <object_component_ref idref="oc-65"/>
      </symbol>
      <symbol id="sm-550">
         <name>__stack</name>
         <value>0x20207e00</value>
         <object_component_ref idref="oc-1a"/>
      </symbol>
      <symbol id="sm-55f">
         <name>__TI_auto_init_nobinit_nopinit</name>
         <value>0x5505</value>
         <object_component_ref idref="oc-136"/>
      </symbol>
      <symbol id="sm-567">
         <name>_system_pre_init</name>
         <value>0x67fd</value>
         <object_component_ref idref="oc-b1"/>
      </symbol>
      <symbol id="sm-572">
         <name>__TI_zero_init</name>
         <value>0x66e9</value>
         <object_component_ref idref="oc-62"/>
      </symbol>
      <symbol id="sm-57b">
         <name>__TI_decompress_none</name>
         <value>0x65d5</value>
         <object_component_ref idref="oc-20"/>
      </symbol>
      <symbol id="sm-586">
         <name>__TI_decompress_lzss</name>
         <value>0x3c8d</value>
         <object_component_ref idref="oc-1c"/>
      </symbol>
      <symbol id="sm-5cf">
         <name>__TI_printfi</name>
         <value>0xc1</value>
         <object_component_ref idref="oc-2bc"/>
      </symbol>
      <symbol id="sm-5da">
         <name>__aeabi_errno_addr</name>
         <value>0x67c9</value>
         <object_component_ref idref="oc-2f3"/>
      </symbol>
      <symbol id="sm-5db">
         <name>__aeabi_errno</name>
         <value>0x20200ab0</value>
         <object_component_ref idref="oc-326"/>
      </symbol>
      <symbol id="sm-5e5">
         <name>abort</name>
         <value>0x67d9</value>
         <object_component_ref idref="oc-12f"/>
      </symbol>
      <symbol id="sm-5ef">
         <name>__TI_ltoa</name>
         <value>0x4961</value>
         <object_component_ref idref="oc-33c"/>
      </symbol>
      <symbol id="sm-5fb">
         <name>atoi</name>
         <value>0x5359</value>
         <object_component_ref idref="oc-2eb"/>
      </symbol>
      <symbol id="sm-605">
         <name>memccpy</name>
         <value>0x5d85</value>
         <object_component_ref idref="oc-2e4"/>
      </symbol>
      <symbol id="sm-610">
         <name>frexp</name>
         <value>0x4855</value>
         <object_component_ref idref="oc-330"/>
      </symbol>
      <symbol id="sm-611">
         <name>frexpl</name>
         <value>0x4855</value>
         <object_component_ref idref="oc-330"/>
      </symbol>
      <symbol id="sm-61b">
         <name>scalbn</name>
         <value>0x316d</value>
         <object_component_ref idref="oc-334"/>
      </symbol>
      <symbol id="sm-61c">
         <name>ldexp</name>
         <value>0x316d</value>
         <object_component_ref idref="oc-334"/>
      </symbol>
      <symbol id="sm-61d">
         <name>scalbnl</name>
         <value>0x316d</value>
         <object_component_ref idref="oc-334"/>
      </symbol>
      <symbol id="sm-61e">
         <name>ldexpl</name>
         <value>0x316d</value>
         <object_component_ref idref="oc-334"/>
      </symbol>
      <symbol id="sm-627">
         <name>wcslen</name>
         <value>0x66d9</value>
         <object_component_ref idref="oc-2ef"/>
      </symbol>
      <symbol id="sm-62c">
         <name>__aeabi_ctype_table_</name>
         <value>0x81f0</value>
         <object_component_ref idref="oc-31f"/>
      </symbol>
      <symbol id="sm-62d">
         <name>__aeabi_ctype_table_C</name>
         <value>0x81f0</value>
         <object_component_ref idref="oc-31f"/>
      </symbol>
      <symbol id="sm-638">
         <name>HOSTexit</name>
         <value>0x67e3</value>
         <object_component_ref idref="oc-1c9"/>
      </symbol>
      <symbol id="sm-639">
         <name>C$$EXIT</name>
         <value>0x67e2</value>
         <object_component_ref idref="oc-1c9"/>
      </symbol>
      <symbol id="sm-64e">
         <name>__aeabi_fadd</name>
         <value>0x324f</value>
         <object_component_ref idref="oc-156"/>
      </symbol>
      <symbol id="sm-64f">
         <name>__addsf3</name>
         <value>0x324f</value>
         <object_component_ref idref="oc-156"/>
      </symbol>
      <symbol id="sm-650">
         <name>__aeabi_fsub</name>
         <value>0x3245</value>
         <object_component_ref idref="oc-156"/>
      </symbol>
      <symbol id="sm-651">
         <name>__subsf3</name>
         <value>0x3245</value>
         <object_component_ref idref="oc-156"/>
      </symbol>
      <symbol id="sm-657">
         <name>__aeabi_dadd</name>
         <value>0x1edb</value>
         <object_component_ref idref="oc-351"/>
      </symbol>
      <symbol id="sm-658">
         <name>__adddf3</name>
         <value>0x1edb</value>
         <object_component_ref idref="oc-351"/>
      </symbol>
      <symbol id="sm-659">
         <name>__aeabi_dsub</name>
         <value>0x1ed1</value>
         <object_component_ref idref="oc-351"/>
      </symbol>
      <symbol id="sm-65a">
         <name>__subdf3</name>
         <value>0x1ed1</value>
         <object_component_ref idref="oc-351"/>
      </symbol>
      <symbol id="sm-663">
         <name>__aeabi_dmul</name>
         <value>0x2ecd</value>
         <object_component_ref idref="oc-345"/>
      </symbol>
      <symbol id="sm-664">
         <name>__muldf3</name>
         <value>0x2ecd</value>
         <object_component_ref idref="oc-345"/>
      </symbol>
      <symbol id="sm-66a">
         <name>__muldsi3</name>
         <value>0x557d</value>
         <object_component_ref idref="oc-1e1"/>
      </symbol>
      <symbol id="sm-670">
         <name>__aeabi_fmul</name>
         <value>0x3875</value>
         <object_component_ref idref="oc-15a"/>
      </symbol>
      <symbol id="sm-671">
         <name>__mulsf3</name>
         <value>0x3875</value>
         <object_component_ref idref="oc-15a"/>
      </symbol>
      <symbol id="sm-677">
         <name>__aeabi_fdiv</name>
         <value>0x3a91</value>
         <object_component_ref idref="oc-168"/>
      </symbol>
      <symbol id="sm-678">
         <name>__divsf3</name>
         <value>0x3a91</value>
         <object_component_ref idref="oc-168"/>
      </symbol>
      <symbol id="sm-67e">
         <name>__aeabi_ddiv</name>
         <value>0x29f5</value>
         <object_component_ref idref="oc-34d"/>
      </symbol>
      <symbol id="sm-67f">
         <name>__divdf3</name>
         <value>0x29f5</value>
         <object_component_ref idref="oc-34d"/>
      </symbol>
      <symbol id="sm-685">
         <name>__aeabi_f2d</name>
         <value>0x5319</value>
         <object_component_ref idref="oc-1b2"/>
      </symbol>
      <symbol id="sm-686">
         <name>__extendsfdf2</name>
         <value>0x5319</value>
         <object_component_ref idref="oc-1b2"/>
      </symbol>
      <symbol id="sm-68c">
         <name>__aeabi_d2iz</name>
         <value>0x4f71</value>
         <object_component_ref idref="oc-338"/>
      </symbol>
      <symbol id="sm-68d">
         <name>__fixdfsi</name>
         <value>0x4f71</value>
         <object_component_ref idref="oc-338"/>
      </symbol>
      <symbol id="sm-693">
         <name>__aeabi_f2iz</name>
         <value>0x5661</value>
         <object_component_ref idref="oc-15f"/>
      </symbol>
      <symbol id="sm-694">
         <name>__fixsfsi</name>
         <value>0x5661</value>
         <object_component_ref idref="oc-15f"/>
      </symbol>
      <symbol id="sm-69a">
         <name>__aeabi_f2uiz</name>
         <value>0x5809</value>
         <object_component_ref idref="oc-1e8"/>
      </symbol>
      <symbol id="sm-69b">
         <name>__fixunssfsi</name>
         <value>0x5809</value>
         <object_component_ref idref="oc-1e8"/>
      </symbol>
      <symbol id="sm-6a1">
         <name>__aeabi_i2d</name>
         <value>0x5af5</value>
         <object_component_ref idref="oc-340"/>
      </symbol>
      <symbol id="sm-6a2">
         <name>__floatsidf</name>
         <value>0x5af5</value>
         <object_component_ref idref="oc-340"/>
      </symbol>
      <symbol id="sm-6a8">
         <name>__aeabi_i2f</name>
         <value>0x5451</value>
         <object_component_ref idref="oc-38c"/>
      </symbol>
      <symbol id="sm-6a9">
         <name>__floatsisf</name>
         <value>0x5451</value>
         <object_component_ref idref="oc-38c"/>
      </symbol>
      <symbol id="sm-6af">
         <name>__aeabi_ui2d</name>
         <value>0x5cf9</value>
         <object_component_ref idref="oc-297"/>
      </symbol>
      <symbol id="sm-6b0">
         <name>__floatunsidf</name>
         <value>0x5cf9</value>
         <object_component_ref idref="oc-297"/>
      </symbol>
      <symbol id="sm-6b6">
         <name>__aeabi_ui2f</name>
         <value>0x5c3d</value>
         <object_component_ref idref="oc-2b1"/>
      </symbol>
      <symbol id="sm-6b7">
         <name>__floatunsisf</name>
         <value>0x5c3d</value>
         <object_component_ref idref="oc-2b1"/>
      </symbol>
      <symbol id="sm-6bd">
         <name>__aeabi_lmul</name>
         <value>0x5d1d</value>
         <object_component_ref idref="oc-2f8"/>
      </symbol>
      <symbol id="sm-6be">
         <name>__muldi3</name>
         <value>0x5d1d</value>
         <object_component_ref idref="oc-2f8"/>
      </symbol>
      <symbol id="sm-6c4">
         <name>__aeabi_dcmpeq</name>
         <value>0x45bd</value>
         <object_component_ref idref="oc-29b"/>
      </symbol>
      <symbol id="sm-6c5">
         <name>__aeabi_dcmplt</name>
         <value>0x45d1</value>
         <object_component_ref idref="oc-29b"/>
      </symbol>
      <symbol id="sm-6c6">
         <name>__aeabi_dcmple</name>
         <value>0x45e5</value>
         <object_component_ref idref="oc-29b"/>
      </symbol>
      <symbol id="sm-6c7">
         <name>__aeabi_dcmpge</name>
         <value>0x45f9</value>
         <object_component_ref idref="oc-29b"/>
      </symbol>
      <symbol id="sm-6c8">
         <name>__aeabi_dcmpgt</name>
         <value>0x460d</value>
         <object_component_ref idref="oc-29b"/>
      </symbol>
      <symbol id="sm-6ce">
         <name>__aeabi_fcmpeq</name>
         <value>0x4621</value>
         <object_component_ref idref="oc-152"/>
      </symbol>
      <symbol id="sm-6cf">
         <name>__aeabi_fcmplt</name>
         <value>0x4635</value>
         <object_component_ref idref="oc-152"/>
      </symbol>
      <symbol id="sm-6d0">
         <name>__aeabi_fcmple</name>
         <value>0x4649</value>
         <object_component_ref idref="oc-152"/>
      </symbol>
      <symbol id="sm-6d1">
         <name>__aeabi_fcmpge</name>
         <value>0x465d</value>
         <object_component_ref idref="oc-152"/>
      </symbol>
      <symbol id="sm-6d2">
         <name>__aeabi_fcmpgt</name>
         <value>0x4671</value>
         <object_component_ref idref="oc-152"/>
      </symbol>
      <symbol id="sm-6d8">
         <name>__aeabi_idiv</name>
         <value>0x4a11</value>
         <object_component_ref idref="oc-37a"/>
      </symbol>
      <symbol id="sm-6d9">
         <name>__aeabi_idivmod</name>
         <value>0x4a11</value>
         <object_component_ref idref="oc-37a"/>
      </symbol>
      <symbol id="sm-6df">
         <name>__aeabi_memcpy</name>
         <value>0x67d1</value>
         <object_component_ref idref="oc-55"/>
      </symbol>
      <symbol id="sm-6e0">
         <name>__aeabi_memcpy4</name>
         <value>0x67d1</value>
         <object_component_ref idref="oc-55"/>
      </symbol>
      <symbol id="sm-6e1">
         <name>__aeabi_memcpy8</name>
         <value>0x67d1</value>
         <object_component_ref idref="oc-55"/>
      </symbol>
      <symbol id="sm-6ea">
         <name>__aeabi_memset</name>
         <value>0x66f9</value>
         <object_component_ref idref="oc-2e3"/>
      </symbol>
      <symbol id="sm-6eb">
         <name>__aeabi_memset4</name>
         <value>0x66f9</value>
         <object_component_ref idref="oc-2e3"/>
      </symbol>
      <symbol id="sm-6ec">
         <name>__aeabi_memset8</name>
         <value>0x66f9</value>
         <object_component_ref idref="oc-2e3"/>
      </symbol>
      <symbol id="sm-6ed">
         <name>__aeabi_memclr</name>
         <value>0x6785</value>
         <object_component_ref idref="oc-ac"/>
      </symbol>
      <symbol id="sm-6ee">
         <name>__aeabi_memclr4</name>
         <value>0x6785</value>
         <object_component_ref idref="oc-ac"/>
      </symbol>
      <symbol id="sm-6ef">
         <name>__aeabi_memclr8</name>
         <value>0x6785</value>
         <object_component_ref idref="oc-ac"/>
      </symbol>
      <symbol id="sm-6f5">
         <name>__aeabi_uidiv</name>
         <value>0x52d9</value>
         <object_component_ref idref="oc-293"/>
      </symbol>
      <symbol id="sm-6f6">
         <name>__aeabi_uidivmod</name>
         <value>0x52d9</value>
         <object_component_ref idref="oc-293"/>
      </symbol>
      <symbol id="sm-6fc">
         <name>__aeabi_uldivmod</name>
         <value>0x6541</value>
         <object_component_ref idref="oc-2fd"/>
      </symbol>
      <symbol id="sm-705">
         <name>__eqsf2</name>
         <value>0x5541</value>
         <object_component_ref idref="oc-1d9"/>
      </symbol>
      <symbol id="sm-706">
         <name>__lesf2</name>
         <value>0x5541</value>
         <object_component_ref idref="oc-1d9"/>
      </symbol>
      <symbol id="sm-707">
         <name>__ltsf2</name>
         <value>0x5541</value>
         <object_component_ref idref="oc-1d9"/>
      </symbol>
      <symbol id="sm-708">
         <name>__nesf2</name>
         <value>0x5541</value>
         <object_component_ref idref="oc-1d9"/>
      </symbol>
      <symbol id="sm-709">
         <name>__cmpsf2</name>
         <value>0x5541</value>
         <object_component_ref idref="oc-1d9"/>
      </symbol>
      <symbol id="sm-70a">
         <name>__gtsf2</name>
         <value>0x548d</value>
         <object_component_ref idref="oc-1de"/>
      </symbol>
      <symbol id="sm-70b">
         <name>__gesf2</name>
         <value>0x548d</value>
         <object_component_ref idref="oc-1de"/>
      </symbol>
      <symbol id="sm-711">
         <name>__udivmoddi4</name>
         <value>0x33d5</value>
         <object_component_ref idref="oc-32b"/>
      </symbol>
      <symbol id="sm-717">
         <name>__aeabi_llsl</name>
         <value>0x5e45</value>
         <object_component_ref idref="oc-36e"/>
      </symbol>
      <symbol id="sm-718">
         <name>__ashldi3</name>
         <value>0x5e45</value>
         <object_component_ref idref="oc-36e"/>
      </symbol>
      <symbol id="sm-726">
         <name>__ledf2</name>
         <value>0x43c1</value>
         <object_component_ref idref="oc-2d6"/>
      </symbol>
      <symbol id="sm-727">
         <name>__gedf2</name>
         <value>0x41a1</value>
         <object_component_ref idref="oc-2dc"/>
      </symbol>
      <symbol id="sm-728">
         <name>__cmpdf2</name>
         <value>0x43c1</value>
         <object_component_ref idref="oc-2d6"/>
      </symbol>
      <symbol id="sm-729">
         <name>__eqdf2</name>
         <value>0x43c1</value>
         <object_component_ref idref="oc-2d6"/>
      </symbol>
      <symbol id="sm-72a">
         <name>__ltdf2</name>
         <value>0x43c1</value>
         <object_component_ref idref="oc-2d6"/>
      </symbol>
      <symbol id="sm-72b">
         <name>__nedf2</name>
         <value>0x43c1</value>
         <object_component_ref idref="oc-2d6"/>
      </symbol>
      <symbol id="sm-72c">
         <name>__gtdf2</name>
         <value>0x41a1</value>
         <object_component_ref idref="oc-2dc"/>
      </symbol>
      <symbol id="sm-738">
         <name>__aeabi_idiv0</name>
         <value>0x2063</value>
         <object_component_ref idref="oc-2cf"/>
      </symbol>
      <symbol id="sm-739">
         <name>__aeabi_ldiv0</name>
         <value>0x3b13</value>
         <object_component_ref idref="oc-36d"/>
      </symbol>
      <symbol id="sm-743">
         <name>TI_memcpy_small</name>
         <value>0x65c3</value>
         <object_component_ref idref="oc-10a"/>
      </symbol>
      <symbol id="sm-74c">
         <name>TI_memset_small</name>
         <value>0x6715</value>
         <object_component_ref idref="oc-16f"/>
      </symbol>
      <symbol id="sm-74d">
         <name>__TI_static_base__</name>
         <value>0x0</value>
      </symbol>
      <symbol id="sm-751">
         <name>__mpu_init</name>
         <value>0x0</value>
      </symbol>
      <symbol id="sm-752">
         <name>_system_post_cinit</name>
         <value>0x0</value>
      </symbol>
   </symbol_table>
   <title>Link successful</title>
</link_info>
