******************************************************************************
            TI ARM Clang Linker PC v4.0.4                      
******************************************************************************
>> Linked Sun Apr 26 16:18:50 2026

OUTPUT FILE NAME:   <empty.out>
ENTRY POINT SYMBOL: "_c_int00_noargs"  address: 00003431


MEMORY CONFIGURATION

         name            origin    length      used     unused   attr    fill
----------------------  --------  ---------  --------  --------  ----  --------
  FLASH                 00000000   00020000  00005868  0001a798  R  X
  SRAM                  20200000   00008000  00000c24  000073dc  RW X
  BCR_CONFIG            41c00000   000000ff  00000000  000000ff  R   
  BSL_CONFIG            41c00100   00000080  00000000  00000080  R   


SEGMENT ALLOCATION MAP

run origin  load origin   length   init length attrs members
----------  ----------- ---------- ----------- ----- -------
00000000    00000000    00005868   00005868    r-x
  00000000    00000000    000000c0   000000c0    r-- .intvecs
  000000c0    000000c0    00003c68   00003c68    r-x .text
  00003d28    00003d28    00001af0   00001af0    r-- .rodata
  00005818    00005818    00000050   00000050    r-- .cinit
20200000    20200000    00000a24   00000000    rw-
  20200000    20200000    00000768   00000000    rw- .bss
  20200768    20200768    000002bc   00000000    rw- .data
20207e00    20207e00    00000200   00000000    rw-
  20207e00    20207e00    00000200   00000000    rw- .stack


SECTION ALLOCATION MAP

 output                                  attributes/
section   page    origin      length       input sections
--------  ----  ----------  ----------   ----------------
.intvecs   0    00000000    000000c0     
                  00000000    000000c0     startup_mspm0g350x_ticlang.o (.intvecs)

.text      0    000000c0    00003c68     
                  000000c0    000003f8     multi_button.o (.text.button_handler)
                  000004b8    0000026c     Usart.o (.text.UartParser_ProcessByte)
                  00000724    000001d0     oled.o (.text.OLED_ShowChar)
                  000008f4    000001ac     ti_msp_dl_config.o (.text.SYSCFG_DL_GPIO_init)
                  00000aa0    00000190     PID.o (.text.PID_AngleCompute)
                  00000c30    00000144     Step_Motor.o (.text.StepMotor_Angle_Proc)
                  00000d74    00000140     oled.o (.text.OLED_Init)
                  00000eb4    0000011c     ti_msp_dl_config.o (.text.SYSCFG_DL_initPower)
                  00000fd0    00000110     main.o (.text.main)
                  000010e0    00000104     driverlib.a : dl_timer.o (.text.DL_Timer_initFourCCPWMMode)
                  000011e4    000000fc                 : dl_timer.o (.text.DL_Timer_initTimerMode)
                  000012e0    000000e8     ti_msp_dl_config.o (.text.SYSCFG_DL_SYSCTL_SYSPLL_init)
                  000013c8    000000e4     Usart.o (.text.Uart0_ReadCommand)
                  000014ac    000000e0     driverlib.a : dl_timer.o (.text.DL_Timer_initCaptureCombinedMode)
                  0000158c    000000dc                 : dl_sysctl_mspm0g1x0x_g3x0x.o (.text.DL_SYSCTL_configSYSPLL)
                  00001668    000000d8     libclang_rt.builtins.a : addsf3.S.obj (.text)
                  00001740    0000009a     oled.o (.text.OLED_ShowString)
                  000017da    00000002     libclang_rt.builtins.a : aeabi_div0.c.obj (.text.__aeabi_idiv0)
                  000017dc    00000098     PID.o (.text.PID_Init)
                  00001874    00000094     Usart.o (.text.Uart_Init)
                  00001908    00000090     oled.o (.text.OLED_DrawPoint)
                  00001998    0000008c     Step_Motor_Turn_Angle.o (.text.Step_Angle_Turn_Init)
                  00001a24    0000008c     libclang_rt.builtins.a : mulsf3.S.obj (.text.__mulsf3)
                  00001ab0    00000084     ti_msp_dl_config.o (.text.__NVIC_SetPriority)
                  00001b34    00000082     libclang_rt.builtins.a : divsf3.S.obj (.text.__divsf3)
                  00001bb6    00000002     --HOLE-- [fill = 0]
                  00001bb8    00000080     InputCapture.o (.text.InputCapture_Init)
                  00001c38    0000007c     oled.o (.text.OLED_Refresh)
                  00001cb4    0000007c     libc.a : copy_decompress_lzss.c.obj (.text:decompress:lzss)
                  00001d30    00000078     Step_Motor.o (.text.CircularLpf)
                  00001da8    00000078     ti_msp_dl_config.o (.text.SYSCFG_DL_init)
                  00001e20    00000078     InputCapture.o (.text.TIMG0_IRQHandler)
                  00001e98    00000078     InputCapture.o (.text.TIMG8_IRQHandler)
                  00001f10    00000074     ti_msp_dl_config.o (.text.SYSCFG_DL_PWM_Under_init)
                  00001f84    00000074     ti_msp_dl_config.o (.text.SYSCFG_DL_PWM_Up_init)
                  00001ff8    00000074     ti_msp_dl_config.o (.text.SYSCFG_DL_SYSCTL_init)
                  0000206c    00000074     Step_Motor.o (.text.StepMotor_Up_Set_Speed)
                  000020e0    00000074     Usart.o (.text.Uart0_RecoverIfStalled)
                  00002154    00000074     libclang_rt.builtins.a : comparedf2.c.obj (.text.__gedf2)
                  000021c8    00000070     Step_Motor.o (.text.StepMotor_Down_Set_Speed)
                  00002238    0000006c     oled.o (.text.OLED_WR_Byte)
                  000022a4    0000006c     Step_Motor_Turn_Angle.o (.text.Step_Angle_Callback)
                  00002310    00000068     ti_msp_dl_config.o (.text.SYSCFG_DL_Buzzer_init)
                  00002378    00000068     libclang_rt.builtins.a : comparedf2.c.obj (.text.__ledf2)
                  000023e0    00000064     driverlib.a : dl_sysctl_mspm0g1x0x_g3x0x.o (.text.DL_SYSCTL_setHFCLKSourceHFXTParams)
                  00002444    00000064     Menu.o (.text.Menu1)
                  000024a8    00000064     PWM.o (.text.PWM_Under_Set_Frequency)
                  0000250c    00000064     PWM.o (.text.PWM_Up_Set_Frequency)
                  00002570    00000062     libclang_rt.builtins.a : aeabi_dcmp.S.obj (.text.__aeabi_dcmp)
                  000025d2    00000002     --HOLE-- [fill = 0]
                  000025d4    00000062                            : aeabi_fcmp.S.obj (.text.__aeabi_fcmp)
                  00002636    00000002     --HOLE-- [fill = 0]
                  00002638    00000060     oled.o (.text.OLED_Clear)
                  00002698    00000060     Usart.o (.text.UartRxRing_Push)
                  000026f8    0000005c     LED.o (.text.LED_Tick)
                  00002754    0000005c     ti_msp_dl_config.o (.text.SYSCFG_DL_UART_0_init)
                  000027b0    0000005c     ti_msp_dl_config.o (.text.SYSCFG_DL_UART_K230_init)
                  0000280c    00000058     Usart.o (.text.UartParser_Reset)
                  00002864    00000054     Usart.o (.text.UartRxRing_Pop)
                  000028b8    00000054     Usart.o (.text.Uart_ProcessRx)
                  0000290c    00000054     Step_Motor.o (.text.WrapAngle180)
                  00002960    00000050     ti_msp_dl_config.o (.text.SysTick_Config)
                  000029b0    0000004c     ti_msp_dl_config.o (.text.DL_GPIO_initDigitalInputFeatures)
                  000029fc    0000004c     ti_msp_dl_config.o (.text.DL_UART_setBaudRateDivisor)
                  00002a48    0000004c     ti_msp_dl_config.o (.text.SYSCFG_DL_CAPTURE_Down_init)
                  00002a94    0000004c     ti_msp_dl_config.o (.text.SYSCFG_DL_CAPTURE_Up_init)
                  00002ae0    0000004a     ti_msp_dl_config.o (.text.DL_ADC12_configConversionMem)
                  00002b2a    00000002     --HOLE-- [fill = 0]
                  00002b2c    00000048     driverlib.a : dl_uart.o (.text.DL_UART_init)
                  00002b74    00000044                 : dl_spi.o (.text.DL_SPI_init)
                  00002bb8    00000044                 : dl_sysctl_mspm0g1x0x_g3x0x.o (.text.DL_SYSCTL_switchMCLKfromSYSOSCtoHSCLK)
                  00002bfc    00000040                 : dl_adc12.o (.text.DL_ADC12_setClockConfig)
                  00002c3c    00000040     ti_msp_dl_config.o (.text.SYSCFG_DL_SPI1_init)
                  00002c7c    00000040     ti_msp_dl_config.o (.text.SYSCFG_DL_UART_1_init)
                  00002cbc    00000040     ti_msp_dl_config.o (.text.SYSCFG_DL_UART_3_init)
                  00002cfc    00000040     Usart.o (.text.UART0_IRQHandler)
                  00002d3c    00000040     Usart.o (.text.UART2_IRQHandler)
                  00002d7c    00000040     libclang_rt.builtins.a : aeabi_uidivmod.S.obj (.text.__aeabi_uidivmod)
                  00002dbc    0000003c     ti_msp_dl_config.o (.text.DL_Timer_setCounterControl)
                  00002df8    0000003c     oled.o (.text.OLED_SPI_WriteByte)
                  00002e34    0000003c     libclang_rt.builtins.a : floatsisf.S.obj (.text.__floatsisf)
                  00002e70    0000003c                            : comparesf2.S.obj (.text.__gtsf2)
                  00002eac    0000003c     libc.a : autoinit.c.obj (.text:__TI_auto_init_nobinit_nopinit)
                  00002ee8    0000003a     libclang_rt.builtins.a : comparesf2.S.obj (.text.__eqsf2)
                  00002f22    00000002     --HOLE-- [fill = 0]
                  00002f24    0000003a                            : muldsi3.S.obj (.text.__muldsi3)
                  00002f5e    00000002     --HOLE-- [fill = 0]
                  00002f60    00000038     ti_msp_dl_config.o (.text.SYSCFG_DL_ADC12_0_init)
                  00002f98    00000038     Usart.o (.text.UartParser_FinishParam)
                  00002fd0    00000038     libclang_rt.builtins.a : fixsfsi.S.obj (.text.__fixsfsi)
                  00003008    00000034     ti_msp_dl_config.o (.text.SYSCFG_DL_Timer_Gimbal_init)
                  0000303c    00000034     Step_Motor_Turn_Angle.o (.text.Step_Down_Angle_Turn_To)
                  00003070    00000034     Step_Motor_Turn_Angle.o (.text.Step_Up_Angle_Turn_To)
                  000030a4    00000034     iqmath.a : _IQNtoF.o (.text._IQ13toF)
                  000030d8    00000034     Usart.o (.text.__NVIC_DisableIRQ)
                  0000310c    00000032     libclang_rt.builtins.a : fixunssfsi.S.obj (.text.__fixunssfsi)
                  0000313e    00000002     --HOLE-- [fill = 0]
                  00003140    00000030     Buzzer.o (.text.Buzzer_Tick)
                  00003170    00000030     Step_Motor.o (.text.DL_GPIO_writePinsVal)
                  000031a0    00000030     ti_msp_dl_config.o (.text.DL_SPI_setFIFOThreshold)
                  000031d0    00000030     Usart.o (.text.UartParser_CheckTimeout)
                  00003200    00000030     iqmath.a : _IQNtoF.o (.text._IQ14toF)
                  00003230    00000030     multi_button.o (.text.button_ticks)
                  00003260    0000002c     Step_Motor_Turn_Angle.o (.text.__NVIC_ClearPendingIRQ)
                  0000328c    0000002c     Usart.o (.text.__NVIC_ClearPendingIRQ)
                  000032b8    0000002c     InputCapture.o (.text.__NVIC_EnableIRQ)
                  000032e4    0000002c     Usart.o (.text.__NVIC_EnableIRQ)
                  00003310    0000002c     main.o (.text.__NVIC_EnableIRQ)
                  0000333c    0000002a     PID.o (.text.PID_SetOutputLimits)
                  00003366    00000028     ti_msp_dl_config.o (.text.DL_Common_updateReg)
                  0000338e    00000002     --HOLE-- [fill = 0]
                  00003390    00000028     Delay.o (.text.Delay_ms)
                  000033b8    00000028     Delay.o (.text.Delay_us)
                  000033e0    00000028     Step_Motor.o (.text.StepMotor_Down_Start)
                  00003408    00000028     Step_Motor.o (.text.StepMotor_Up_Start)
                  00003430    00000028     libc.a : boot_cortex_m.c.obj (.text:_c_int00_noargs)
                  00003458    00000024     ti_msp_dl_config.o (.text.DL_SPI_setBitRateSerialClockDivider)
                  0000347c    00000024     InputCapture.o (.text.Get_PWM_Pulse_Width_Down)
                  000034a0    00000024     InputCapture.o (.text.Get_PWM_Pulse_Width_Up)
                  000034c4    00000024     libclang_rt.builtins.a : floatunsidf.S.obj (.text.__floatunsidf)
                  000034e8    00000022     Usart.o (.text.UartRxRing_Reset)
                  0000350a    00000002     --HOLE-- [fill = 0]
                  0000350c    00000020     ti_msp_dl_config.o (.text.DL_GPIO_initPeripheralInputFunction)
                  0000352c    00000020     ti_msp_dl_config.o (.text.DL_SYSCTL_setFlashWaitState)
                  0000354c    00000020     ti_msp_dl_config.o (.text.DL_UART_setDigitalPulseWidth)
                  0000356c    0000001e     ti_msp_dl_config.o (.text.DL_UART_setOversampling)
                  0000358a    0000001e     PID.o (.text.PID_ChangeSP)
                  000035a8    0000001c     ti_msp_dl_config.o (.text.DL_GPIO_initPeripheralOutputFunction)
                  000035c4    0000001c     oled.o (.text.DL_SPI_isTXFIFOFull)
                  000035e0    0000001c     driverlib.a : dl_sysctl_mspm0g1x0x_g3x0x.o (.text.DL_SYSCTL_configFCC)
                  000035fc    0000001c     ti_msp_dl_config.o (.text.DL_SYSCTL_setFCCPeriods)
                  00003618    0000001c     ti_msp_dl_config.o (.text.DL_SYSCTL_setSYSOSCFreq)
                  00003634    0000001c     ti_msp_dl_config.o (.text.DL_SYSCTL_setULPCLKDivider)
                  00003650    0000001c     ti_msp_dl_config.o (.text.DL_Timer_enableInterrupt)
                  0000366c    0000001c     driverlib.a : dl_timer.o (.text.DL_Timer_setCaptCompUpdateMethod)
                  00003688    0000001c                 : dl_timer.o (.text.DL_Timer_setCaptureCompareInputFilter)
                  000036a4    0000001c                 : dl_timer.o (.text.DL_Timer_setClockConfig)
                  000036c0    0000001c     InputCapture.o (.text.DL_Timer_setCoreHaltBehavior)
                  000036dc    0000001c     ti_msp_dl_config.o (.text.DL_UART_enableInterrupt)
                  000036f8    0000001a     Usart.o (.text.UartParser_StartFrame)
                  00003712    00000002     --HOLE-- [fill = 0]
                  00003714    00000018     ti_msp_dl_config.o (.text.DL_ADC12_enablePower)
                  0000372c    00000018     ti_msp_dl_config.o (.text.DL_ADC12_reset)
                  00003744    00000018     ti_msp_dl_config.o (.text.DL_GPIO_enableOutput)
                  0000375c    00000018     ti_msp_dl_config.o (.text.DL_GPIO_enablePower)
                  00003774    00000018     ti_msp_dl_config.o (.text.DL_GPIO_initDigitalOutput)
                  0000378c    00000018     ti_msp_dl_config.o (.text.DL_GPIO_initPeripheralAnalogFunction)
                  000037a4    00000018     ti_msp_dl_config.o (.text.DL_GPIO_reset)
                  000037bc    00000018     LED.o (.text.DL_GPIO_setPins)
                  000037d4    00000018     oled.o (.text.DL_GPIO_setPins)
                  000037ec    00000018     ti_msp_dl_config.o (.text.DL_GPIO_setPins)
                  00003804    00000018     ti_msp_dl_config.o (.text.DL_MathACL_enablePower)
                  0000381c    00000018     ti_msp_dl_config.o (.text.DL_MathACL_reset)
                  00003834    00000018     ti_msp_dl_config.o (.text.DL_SPI_enable)
                  0000384c    00000018     ti_msp_dl_config.o (.text.DL_SPI_enablePower)
                  00003864    00000018     oled.o (.text.DL_SPI_isBusy)
                  0000387c    00000018     ti_msp_dl_config.o (.text.DL_SPI_reset)
                  00003894    00000018     ti_msp_dl_config.o (.text.DL_SYSCTL_setBORThreshold)
                  000038ac    00000018     ti_msp_dl_config.o (.text.DL_Timer_enablePower)
                  000038c4    00000018     ti_msp_dl_config.o (.text.DL_Timer_enableShadowFeatures)
                  000038dc    00000018     ti_msp_dl_config.o (.text.DL_Timer_reset)
                  000038f4    00000018     driverlib.a : dl_timer.o (.text.DL_Timer_setCaptureCompareOutCtl)
                  0000390c    00000018     PWM.o (.text.DL_Timer_setLoadValue)
                  00003924    00000018     InputCapture.o (.text.DL_Timer_startCounter)
                  0000393c    00000018     PWM.o (.text.DL_Timer_startCounter)
                  00003954    00000018     main.o (.text.DL_Timer_startCounter)
                  0000396c    00000018     PWM.o (.text.DL_Timer_stopCounter)
                  00003984    00000018     ti_msp_dl_config.o (.text.DL_UART_enablePower)
                  0000399c    00000018     ti_msp_dl_config.o (.text.DL_UART_reset)
                  000039b4    00000018     main.o (.text.TIMA0_IRQHandler)
                  000039cc    00000018     iqmath.a : _IQNdiv.o (.text._IQ13div)
                  000039e4    00000018              : _IQNmpy.o (.text._IQ13mpy)
                  000039fc    00000018              : _IQNdiv.o (.text._IQ14div)
                  00003a14    00000018              : _IQNmpy.o (.text._IQ14mpy)
                  00003a2c    00000016     ti_msp_dl_config.o (.text.DL_ADC12_enableConversions)
                  00003a42    00000016     oled.o (.text.DL_SPI_transmitData8)
                  00003a58    00000016     ti_msp_dl_config.o (.text.DL_UART_enable)
                  00003a6e    00000014     oled.o (.text.DL_GPIO_clearPins)
                  00003a82    00000014     ti_msp_dl_config.o (.text.DL_GPIO_clearPins)
                  00003a96    00000002     --HOLE-- [fill = 0]
                  00003a98    00000014     ti_msp_dl_config.o (.text.DL_SYSCTL_disableSYSPLL)
                  00003aac    00000014     ti_msp_dl_config.o (.text.DL_SYSCTL_enableSYSPLL)
                  00003ac0    00000014     driverlib.a : dl_timer.o (.text.DL_Timer_enableCaptureCompareInputFilter)
                  00003ad4    00000014     ti_msp_dl_config.o (.text.DL_Timer_enableClock)
                  00003ae8    00000014     InputCapture.o (.text.DL_Timer_getLoadValue)
                  00003afc    00000014     ti_msp_dl_config.o (.text.DL_Timer_setCCPDirection)
                  00003b10    00000014     InputCapture.o (.text.DL_Timer_setTimerCount)
                  00003b24    00000014     Usart.o (.text.DL_UART_receiveData)
                  00003b38    00000012     driverlib.a : dl_spi.o (.text.DL_SPI_setClockConfig)
                  00003b4a    00000012     InputCapture.o (.text.DL_Timer_getPendingInterrupt)
                  00003b5c    00000012     Usart.o (.text.DL_UART_getPendingInterrupt)
                  00003b6e    00000012     driverlib.a : dl_uart.o (.text.DL_UART_setClockConfig)
                  00003b80    00000012     multi_button.o (.text.button_read_level)
                  00003b92    00000012     libc.a : memcpy16.S.obj (.text:TI_memcpy_small)
                  00003ba4    00000012            : copy_decompress_none.c.obj (.text:decompress:none)
                  00003bb6    00000002     --HOLE-- [fill = 0]
                  00003bb8    00000010     ti_msp_dl_config.o (.text.DL_SYSCTL_disableHFXT)
                  00003bc8    00000010     ti_msp_dl_config.o (.text.DL_SYSCTL_isFCCDone)
                  00003bd8    00000010     ti_msp_dl_config.o (.text.DL_SYSCTL_startFCC)
                  00003be8    00000010     driverlib.a : dl_timer.o (.text.DL_Timer_getCaptureCompareValue)
                  00003bf8    00000010                 : dl_timer.o (.text.DL_Timer_setCaptureCompareValue)
                  00003c08    00000010     PWM.o (.text.PWM_Buzzer_Stop)
                  00003c18    00000010     PWM.o (.text.PWM_Under_Start)
                  00003c28    00000010     PWM.o (.text.PWM_Up_Start)
                  00003c38    00000010     ti_msp_dl_config.o (.text.SYSCFG_DL_SYSTICK_init)
                  00003c48    00000010     Delay.o (.text.SysTick_Handler)
                  00003c58    00000010     Usart.o (.text.UartRxRing_Next)
                  00003c68    00000010     libc.a : copy_zero_init.c.obj (.text:decompress:ZI)
                  00003c78    0000000e            : memset16.S.obj (.text:TI_memset_small)
                  00003c86    00000002     --HOLE-- [fill = 0]
                  00003c88    0000000c     ti_msp_dl_config.o (.text.DL_SYSCTL_getClockStatus)
                  00003c94    0000000c     ti_msp_dl_config.o (.text.DL_SYSCTL_readFCC)
                  00003ca0    0000000c     Delay.o (.text.Get_ms)
                  00003cac    0000000c     Step_Motor.o (.text.StepMotor_Angle_Down_Get)
                  00003cb8    0000000c     Step_Motor.o (.text.StepMotor_Angle_Down_Get_1)
                  00003cc4    0000000c     Step_Motor.o (.text.StepMotor_Angle_Up_Get)
                  00003cd0    0000000c     Step_Motor.o (.text.StepMotor_Angle_Up_Get_1)
                  00003cdc    0000000c     libclang_rt.builtins.a : aeabi_memset.S.obj (.text.__aeabi_memclr)
                  00003ce8    0000000a     driverlib.a : dl_common.o (.text.DL_Common_delayCycles)
                  00003cf2    00000002     --HOLE-- [fill = 0]
                  00003cf4    00000008     libclang_rt.builtins.a : aeabi_memcpy.S.obj (.text.__aeabi_memcpy)
                  00003cfc    00000006     libc.a : exit.c.obj (.text:abort)
                  00003d02    00000004     startup_mspm0g350x_ticlang.o (.text.Default_Handler)
                  00003d06    00000004     libsysbm.a : hostexit.c.obj (.text.HOSTexit)
                  00003d0a    00000004     startup_mspm0g350x_ticlang.o (.text.Reset_Handler)
                  00003d0e    00000002     --HOLE-- [fill = 0]
                  00003d10    00000010     libc.a : boot_cortex_m.c.obj (.tramp._c_int00_noargs.1)
                  00003d20    00000004            : pre_init.c.obj (.text._system_pre_init)
                  00003d24    00000004     --HOLE-- [fill = 0]

.cinit     0    00005818    00000050     
                  00005818    0000002b     (.cinit..data.load) [load image, compression = lzss]
                  00005843    00000001     --HOLE-- [fill = 0]
                  00005844    0000000c     (__TI_handler_table)
                  00005850    00000008     (.cinit..bss.load) [load image, compression = zero_init]
                  00005858    00000010     (__TI_cinit_table)

.rodata    0    00003d28    00001af0     
                  00003d28    00000d5c     oled.o (.rodata.asc2_2412)
                  00004a84    000005f0     oled.o (.rodata.asc2_1608)
                  00005074    00000474     oled.o (.rodata.asc2_1206)
                  000054e8    00000228     oled.o (.rodata.asc2_0806)
                  00005710    00000028     ti_msp_dl_config.o (.rodata.gSYSPLLConfig)
                  00005738    00000014     ti_msp_dl_config.o (.rodata.gTimer_GimbalTimerConfig)
                  0000574c    00000010     ti_msp_dl_config.o (.rodata.gCAPTURE_DownCaptureConfig)
                  0000575c    00000010     ti_msp_dl_config.o (.rodata.gCAPTURE_UpCaptureConfig)
                  0000576c    0000000f     Menu.o (.rodata.str1.9841660847886513821.1)
                  0000577b    00000001     --HOLE-- [fill = 0]
                  0000577c    0000000c     driverlib.a : dl_timer.o (.rodata..Lswitch.table.DL_Timer_initCaptureCombinedMode.1)
                  00005788    0000000c                 : dl_timer.o (.rodata..Lswitch.table.DL_Timer_initCompareMode)
                  00005794    0000000c     Menu.o (.rodata.str1.1935486371266507067.1)
                  000057a0    0000000a     ti_msp_dl_config.o (.rodata.gSPI1_config)
                  000057aa    0000000a     ti_msp_dl_config.o (.rodata.gUART_0Config)
                  000057b4    0000000a     ti_msp_dl_config.o (.rodata.gUART_1Config)
                  000057be    0000000a     ti_msp_dl_config.o (.rodata.gUART_3Config)
                  000057c8    0000000a     ti_msp_dl_config.o (.rodata.gUART_K230Config)
                  000057d2    0000000a     Menu.o (.rodata.str1.1098091462982422289.1)
                  000057dc    00000008     ti_msp_dl_config.o (.rodata.gADC12_0ClockConfig)
                  000057e4    00000008     ti_msp_dl_config.o (.rodata.gBuzzerConfig)
                  000057ec    00000008     ti_msp_dl_config.o (.rodata.gPWM_UnderConfig)
                  000057f4    00000008     ti_msp_dl_config.o (.rodata.gPWM_UpConfig)
                  000057fc    00000003     ti_msp_dl_config.o (.rodata.gBuzzerClockConfig)
                  000057ff    00000003     ti_msp_dl_config.o (.rodata.gCAPTURE_DownClockConfig)
                  00005802    00000003     ti_msp_dl_config.o (.rodata.gCAPTURE_UpClockConfig)
                  00005805    00000003     ti_msp_dl_config.o (.rodata.gPWM_UnderClockConfig)
                  00005808    00000003     ti_msp_dl_config.o (.rodata.gPWM_UpClockConfig)
                  0000580b    00000003     ti_msp_dl_config.o (.rodata.gTimer_GimbalClockConfig)
                  0000580e    00000002     ti_msp_dl_config.o (.rodata.gSPI1_clockConfig)
                  00005810    00000002     ti_msp_dl_config.o (.rodata.gUART_0ClockConfig)
                  00005812    00000002     ti_msp_dl_config.o (.rodata.gUART_1ClockConfig)
                  00005814    00000002     ti_msp_dl_config.o (.rodata.gUART_3ClockConfig)
                  00005816    00000002     ti_msp_dl_config.o (.rodata.gUART_K230ClockConfig)

.init_array 
*          0    00000000    00000000     UNINITIALIZED

.binit     0    00000000    00000000     

.bss       0    20200000    00000768     UNINITIALIZED
                  20200000    00000480     (.common:OLED_GRAM)
                  20200480    000000bc     (.common:gTimer_GimbalBackup)
                  2020053c    000000a0     (.common:gPWM_UnderBackup)
                  202005dc    000000a0     (.common:gPWM_UpBackup)
                  2020067c    00000030     Step_Motor_Turn_Angle.o (.bss.pid_turn_angle_down)
                  202006ac    00000030     Step_Motor_Turn_Angle.o (.bss.pid_turn_angle_up)
                  202006dc    00000030     (.common:gUART_3Backup)
                  2020070c    00000028     (.common:gSPI1Backup)
                  20200734    0000000c     Buzzer.o (.bss.buzzer)
                  20200740    00000008     LED.o (.bss.led)
                  20200748    00000004     (.common:angle_down)
                  2020074c    00000004     (.common:angle_down_1)
                  20200750    00000004     (.common:angle_up)
                  20200754    00000004     (.common:gCaptureCnt_down)
                  20200758    00000004     (.common:gCaptureCnt_up)
                  2020075c    00000004     (.common:gLoadValue_down)
                  20200760    00000004     (.common:gLoadValue_up)
                  20200764    00000001     (.common:gCheckCaptures_down)
                  20200765    00000001     (.common:gCheckCaptures_up)
                  20200766    00000001     (.common:gSync_down)
                  20200767    00000001     (.common:gSync_up)

.data      0    20200768    000002bc     UNINITIALIZED
                  20200768    00000108     Usart.o (.data.uart0_rx)
                  20200870    00000108     Usart.o (.data.uart2_rx)
                  20200978    00000028     Usart.o (.data.uart0_parser)
                  202009a0    00000028     Usart.o (.data.uart2_parser)
                  202009c8    00000004     Delay.o (.data.MS)
                  202009cc    00000004     Step_Motor_Turn_Angle.o (.data.SP_down)
                  202009d0    00000004     Step_Motor_Turn_Angle.o (.data.SP_up)
                  202009d4    00000004     Delay.o (.data.US)
                  202009d8    00000004     Step_Motor.o (.data.a)
                  202009dc    00000004     Step_Motor.o (.data.angle_up_1)
                  202009e0    00000004     multi_button.o (.data.head_handle)
                  202009e4    00000004     Delay.o (.data.now_tick)
                  202009e8    00000004     Step_Motor.o (.data.q_360)
                  202009ec    00000004     Step_Motor.o (.data.q_Angle_Pulse_down)
                  202009f0    00000004     Step_Motor.o (.data.q_Angle_Pulse_up)
                  202009f4    00000004     Step_Motor.o (.data.q_Angle_down)
                  202009f8    00000004     Step_Motor.o (.data.q_Angle_up)
                  202009fc    00000004     Step_Motor.o (.data.q_Min_Pulse_down)
                  20200a00    00000004     Step_Motor.o (.data.q_Min_Pulse_up)
                  20200a04    00000004     Step_Motor.o (.data.q_Now_Pulse_down)
                  20200a08    00000004     Step_Motor.o (.data.q_Now_Pulse_up)
                  20200a0c    00000004     Usart.o (.data.uart0_last_recover_ms)
                  20200a10    00000004     Usart.o (.data.uart0_last_rx_ms)
                  20200a14    00000004     Usart.o (.data.uart2_last_recover_ms)
                  20200a18    00000004     Usart.o (.data.uart2_last_rx_ms)
                  20200a1c    00000001     Step_Motor_Turn_Angle.o (.data.cmd_down)
                  20200a1d    00000001     Step_Motor_Turn_Angle.o (.data.cmd_up)
                  20200a1e    00000001     Step_Motor.o (.data.down_state)
                  20200a1f    00000001     Step_Motor_Turn_Angle.o (.data.state_down)
                  20200a20    00000001     Step_Motor_Turn_Angle.o (.data.state_up)
                  20200a21    00000001     Usart.o (.data.uart0_data)
                  20200a22    00000001     Usart.o (.data.uart2_data)
                  20200a23    00000001     Step_Motor.o (.data.up_state)

.stack     0    20207e00    00000200     UNINITIALIZED
                  20207e00    00000004     libc.a : boot_cortex_m.c.obj (.stack)
                  20207e04    000001fc     --HOLE--

__llvm_prf_cnts 
*          0    20200000    00000000     UNINITIALIZED

__llvm_prf_bits 
*          0    20200000    00000000     UNINITIALIZED

MODULE SUMMARY

       Module                         code    ro data   rw data
       ------                         ----    -------   -------
    .\
       ti_msp_dl_config.o             3756    202       596    
       main.o                         364     0         0      
       startup_mspm0g350x_ticlang.o   8       192       0      
    +--+------------------------------+-------+---------+---------+
       Total:                         4128    394       596    
                                                               
    .\App\
       Step_Motor_Turn_Angle.o        396     0         108    
       Menu.o                         100     37        0      
    +--+------------------------------+-------+---------+---------+
       Total:                         496     37        108    
                                                               
    .\HardWare\
       Usart.o                        1950    0         626    
       multi_button.o                 1082    0         4      
       PID.o                          624     0         0      
       InputCapture.o                 594     0         20     
       PWM.o                          320     0         0      
       Delay.o                        108     0         12     
    +--+------------------------------+-------+---------+---------+
       Total:                         4678    0         662    
                                                               
    .\Middle\
       oled.o                         1588    6632      1152   
       Step_Motor.o                   932     0         58     
       LED.o                          116     0         8      
       Buzzer.o                       48      0         12     
    +--+------------------------------+-------+---------+---------+
       Total:                         2684    6632      1230   
                                                               
    C:/TI/mspm0_sdk_2_10_00_04/source/ti/driverlib/lib/ticlang/m0p/mspm0g1x0x_g3x0x/driverlib.a
       dl_timer.o                     896     24        0      
       dl_sysctl_mspm0g1x0x_g3x0x.o   416     0         0      
       dl_uart.o                      90      0         0      
       dl_spi.o                       86      0         0      
       dl_adc12.o                     64      0         0      
       dl_common.o                    10      0         0      
    +--+------------------------------+-------+---------+---------+
       Total:                         1562    24        0      
                                                               
    C:/TI/mspm0_sdk_2_10_00_04/source/ti/iqmath/lib/ticlang/m0p/mathacl/mspm0g1x0x_g3x0x/iqmath.a
       _IQNtoF.o                      100     0         0      
       _IQNdiv.o                      48      0         0      
       _IQNmpy.o                      48      0         0      
    +--+------------------------------+-------+---------+---------+
       Total:                         196     0         0      
                                                               
    D:\TI\ccs2041\ccs\tools\compiler\ti-cgt-armllvm_4.0.4.LTS\lib\armv6m-ti-none-eabi/c/libc.a
       copy_decompress_lzss.c.obj     124     0         0      
       autoinit.c.obj                 60      0         0      
       boot_cortex_m.c.obj            56      0         0      
       copy_decompress_none.c.obj     18      0         0      
       memcpy16.S.obj                 18      0         0      
       copy_zero_init.c.obj           16      0         0      
       memset16.S.obj                 14      0         0      
       exit.c.obj                     6       0         0      
       pre_init.c.obj                 4       0         0      
    +--+------------------------------+-------+---------+---------+
       Total:                         316     0         0      
                                                               
    D:\TI\ccs2041\ccs\tools\compiler\ti-cgt-armllvm_4.0.4.LTS\lib\armv6m-ti-none-eabi/c/libsysbm.a
       hostexit.c.obj                 4       0         0      
    +--+------------------------------+-------+---------+---------+
       Total:                         4       0         0      
                                                               
    D:\TI\ccs2041\ccs\tools\compiler\ti-cgt-armllvm_4.0.4.LTS\lib\armv6m-ti-none-eabi/libclang_rt.builtins.a
       comparedf2.c.obj               220     0         0      
       addsf3.S.obj                   216     0         0      
       mulsf3.S.obj                   140     0         0      
       divsf3.S.obj                   130     0         0      
       comparesf2.S.obj               118     0         0      
       aeabi_dcmp.S.obj               98      0         0      
       aeabi_fcmp.S.obj               98      0         0      
       aeabi_uidivmod.S.obj           64      0         0      
       floatsisf.S.obj                60      0         0      
       muldsi3.S.obj                  58      0         0      
       fixsfsi.S.obj                  56      0         0      
       fixunssfsi.S.obj               50      0         0      
       floatunsidf.S.obj              36      0         0      
       aeabi_memset.S.obj             12      0         0      
       aeabi_memcpy.S.obj             8       0         0      
       aeabi_div0.c.obj               2       0         0      
    +--+------------------------------+-------+---------+---------+
       Total:                         1366    0         0      
                                                               
       Stack:                         0       0         512    
       Linker Generated:              0       79        0      
    +--+------------------------------+-------+---------+---------+
       Grand Total:                   15430   7166      3108   


LINKER GENERATED COPY TABLES

__TI_cinit_table @ 00005858 records: 2, size/record: 8, table size: 16
	.data: load addr=00005818, load size=0000002b bytes, run addr=20200768, run size=000002bc bytes, compression=lzss
	.bss: load addr=00005850, load size=00000008 bytes, run addr=20200000, run size=00000768 bytes, compression=zero_init


LINKER GENERATED HANDLER TABLE

__TI_handler_table @ 00005844 records: 3, size/record: 4, table size: 12
	index: 0, handler: __TI_decompress_lzss
	index: 1, handler: __TI_decompress_none
	index: 2, handler: __TI_zero_init


FAR CALL TRAMPOLINES

callee name               trampoline name
   callee addr  tramp addr   call addr  call info
--------------  -----------  ---------  ----------------
_c_int00_noargs           $Tramp$TT$L$PI$$_c_int00_noargs
   00003431     00003d10     00003d0a   startup_mspm0g350x_ticlang.o (.text.Reset_Handler)

[1 trampolines]
[1 trampoline calls]


GLOBAL SYMBOLS: SORTED ALPHABETICALLY BY Name 

address   name                                    
-------   ----                                    
00003d03  ADC0_IRQHandler                         
00003d03  ADC1_IRQHandler                         
00003d03  AES_IRQHandler                          
00003141  Buzzer_Tick                             
00003d06  C$$EXIT                                 
00003d03  CANFD0_IRQHandler                       
00003d03  DAC0_IRQHandler                         
00002bfd  DL_ADC12_setClockConfig                 
00003ce9  DL_Common_delayCycles                   
00002b75  DL_SPI_init                             
00003b39  DL_SPI_setClockConfig                   
000035e1  DL_SYSCTL_configFCC                     
0000158d  DL_SYSCTL_configSYSPLL                  
000023e1  DL_SYSCTL_setHFCLKSourceHFXTParams      
00002bb9  DL_SYSCTL_switchMCLKfromSYSOSCtoHSCLK   
00003ac1  DL_Timer_enableCaptureCompareInputFilter
00003be9  DL_Timer_getCaptureCompareValue         
000014ad  DL_Timer_initCaptureCombinedMode        
000010e1  DL_Timer_initFourCCPWMMode              
000011e5  DL_Timer_initTimerMode                  
0000366d  DL_Timer_setCaptCompUpdateMethod        
00003689  DL_Timer_setCaptureCompareInputFilter   
000038f5  DL_Timer_setCaptureCompareOutCtl        
00003bf9  DL_Timer_setCaptureCompareValue         
000036a5  DL_Timer_setClockConfig                 
00002b2d  DL_UART_init                            
00003b6f  DL_UART_setClockConfig                  
00003d03  DMA_IRQHandler                          
00003d03  Default_Handler                         
00003391  Delay_ms                                
000033b9  Delay_us                                
00003d03  GROUP0_IRQHandler                       
00003d03  GROUP1_IRQHandler                       
0000347d  Get_PWM_Pulse_Width_Down                
000034a1  Get_PWM_Pulse_Width_Up                  
00003ca1  Get_ms                                  
00003d07  HOSTexit                                
00003d03  HardFault_Handler                       
00003d03  I2C0_IRQHandler                         
00003d03  I2C1_IRQHandler                         
00001bb9  InputCapture_Init                       
000026f9  LED_Tick                                
202009c8  MS                                      
00002445  Menu1                                   
00003d03  NMI_Handler                             
00002639  OLED_Clear                              
00001909  OLED_DrawPoint                          
20200000  OLED_GRAM                               
00000d75  OLED_Init                               
00001c39  OLED_Refresh                            
00000725  OLED_ShowChar                           
00001741  OLED_ShowString                         
00002239  OLED_WR_Byte                            
00000aa1  PID_AngleCompute                        
0000358b  PID_ChangeSP                            
000017dd  PID_Init                                
0000333d  PID_SetOutputLimits                     
00003c09  PWM_Buzzer_Stop                         
000024a9  PWM_Under_Set_Frequency                 
00003c19  PWM_Under_Start                         
0000250d  PWM_Up_Set_Frequency                    
00003c29  PWM_Up_Start                            
00003d03  PendSV_Handler                          
00003d03  RTC_IRQHandler                          
00003d0b  Reset_Handler                           
00003d03  SPI0_IRQHandler                         
00003d03  SPI1_IRQHandler                         
00003d03  SVC_Handler                             
00002f61  SYSCFG_DL_ADC12_0_init                  
00002311  SYSCFG_DL_Buzzer_init                   
00002a49  SYSCFG_DL_CAPTURE_Down_init             
00002a95  SYSCFG_DL_CAPTURE_Up_init               
000008f5  SYSCFG_DL_GPIO_init                     
00001f11  SYSCFG_DL_PWM_Under_init                
00001f85  SYSCFG_DL_PWM_Up_init                   
00002c3d  SYSCFG_DL_SPI1_init                     
000012e1  SYSCFG_DL_SYSCTL_SYSPLL_init            
00001ff9  SYSCFG_DL_SYSCTL_init                   
00003c39  SYSCFG_DL_SYSTICK_init                  
00003009  SYSCFG_DL_Timer_Gimbal_init             
00002755  SYSCFG_DL_UART_0_init                   
00002c7d  SYSCFG_DL_UART_1_init                   
00002cbd  SYSCFG_DL_UART_3_init                   
000027b1  SYSCFG_DL_UART_K230_init                
00001da9  SYSCFG_DL_init                          
00000eb5  SYSCFG_DL_initPower                     
00003cad  StepMotor_Angle_Down_Get                
00003cb9  StepMotor_Angle_Down_Get_1              
00000c31  StepMotor_Angle_Proc                    
00003cc5  StepMotor_Angle_Up_Get                  
00003cd1  StepMotor_Angle_Up_Get_1                
000021c9  StepMotor_Down_Set_Speed                
000033e1  StepMotor_Down_Start                    
0000206d  StepMotor_Up_Set_Speed                  
00003409  StepMotor_Up_Start                      
000022a5  Step_Angle_Callback                     
00001999  Step_Angle_Turn_Init                    
0000303d  Step_Down_Angle_Turn_To                 
00003071  Step_Up_Angle_Turn_To                   
00003c49  SysTick_Handler                         
000039b5  TIMA0_IRQHandler                        
00003d03  TIMA1_IRQHandler                        
00001e21  TIMG0_IRQHandler                        
00003d03  TIMG12_IRQHandler                       
00003d03  TIMG6_IRQHandler                        
00003d03  TIMG7_IRQHandler                        
00001e99  TIMG8_IRQHandler                        
00003b93  TI_memcpy_small                         
00003c79  TI_memset_small                         
00002cfd  UART0_IRQHandler                        
00003d03  UART1_IRQHandler                        
00002d3d  UART2_IRQHandler                        
00003d03  UART3_IRQHandler                        
202009d4  US                                      
000013c9  Uart0_ReadCommand                       
00001875  Uart_Init                               
000039cd  _IQ13div                                
000039e5  _IQ13mpy                                
000030a5  _IQ13toF                                
000039fd  _IQ14div                                
00003a15  _IQ14mpy                                
00003201  _IQ14toF                                
20208000  __STACK_END                             
00000200  __STACK_SIZE                            
00000000  __TI_ATRegion0_region_sz                
00000000  __TI_ATRegion0_src_addr                 
00000000  __TI_ATRegion0_trg_addr                 
00000000  __TI_ATRegion1_region_sz                
00000000  __TI_ATRegion1_src_addr                 
00000000  __TI_ATRegion1_trg_addr                 
00000000  __TI_ATRegion2_region_sz                
00000000  __TI_ATRegion2_src_addr                 
00000000  __TI_ATRegion2_trg_addr                 
00005858  __TI_CINIT_Base                         
00005868  __TI_CINIT_Limit                        
00005868  __TI_CINIT_Warm                         
00005844  __TI_Handler_Table_Base                 
00005850  __TI_Handler_Table_Limit                
00002ead  __TI_auto_init_nobinit_nopinit          
00001cb5  __TI_decompress_lzss                    
00003ba5  __TI_decompress_none                    
ffffffff  __TI_pprof_out_hndl                     
ffffffff  __TI_prof_data_size                     
ffffffff  __TI_prof_data_start                    
00000000  __TI_static_base__                      
00003c69  __TI_zero_init                          
00001673  __addsf3                                
00002571  __aeabi_dcmpeq                          
000025ad  __aeabi_dcmpge                          
000025c1  __aeabi_dcmpgt                          
00002599  __aeabi_dcmple                          
00002585  __aeabi_dcmplt                          
00002fd1  __aeabi_f2iz                            
0000310d  __aeabi_f2uiz                           
00001673  __aeabi_fadd                            
000025d5  __aeabi_fcmpeq                          
00002611  __aeabi_fcmpge                          
00002625  __aeabi_fcmpgt                          
000025fd  __aeabi_fcmple                          
000025e9  __aeabi_fcmplt                          
00001b35  __aeabi_fdiv                            
00001a25  __aeabi_fmul                            
00001669  __aeabi_fsub                            
00002e35  __aeabi_i2f                             
000017db  __aeabi_idiv0                           
00003cdd  __aeabi_memclr                          
00003cdd  __aeabi_memclr4                         
00003cdd  __aeabi_memclr8                         
00003cf5  __aeabi_memcpy                          
00003cf5  __aeabi_memcpy4                         
00003cf5  __aeabi_memcpy8                         
000034c5  __aeabi_ui2d                            
00002d7d  __aeabi_uidiv                           
00002d7d  __aeabi_uidivmod                        
ffffffff  __binit__                               
00002379  __cmpdf2                                
00002ee9  __cmpsf2                                
00001b35  __divsf3                                
00002379  __eqdf2                                 
00002ee9  __eqsf2                                 
00002fd1  __fixsfsi                               
0000310d  __fixunssfsi                            
00002e35  __floatsisf                             
000034c5  __floatunsidf                           
00002155  __gedf2                                 
00002e71  __gesf2                                 
00002155  __gtdf2                                 
00002e71  __gtsf2                                 
00002379  __ledf2                                 
00002ee9  __lesf2                                 
00002379  __ltdf2                                 
00002ee9  __ltsf2                                 
UNDEFED   __mpu_init                              
00002f25  __muldsi3                               
00001a25  __mulsf3                                
00002379  __nedf2                                 
00002ee9  __nesf2                                 
20207e00  __stack                                 
20200000  __start___llvm_prf_bits                 
20200000  __start___llvm_prf_cnts                 
20200000  __stop___llvm_prf_bits                  
20200000  __stop___llvm_prf_cnts                  
00001669  __subsf3                                
00003431  _c_int00_noargs                         
UNDEFED   _system_post_cinit                      
00003d21  _system_pre_init                        
00003cfd  abort                                   
20200748  angle_down                              
2020074c  angle_down_1                            
20200750  angle_up                                
202009dc  angle_up_1                              
000054e8  asc2_0806                               
00005074  asc2_1206                               
00004a84  asc2_1608                               
00003d28  asc2_2412                               
ffffffff  binit                                   
00003231  button_ticks                            
20200754  gCaptureCnt_down                        
20200758  gCaptureCnt_up                          
20200764  gCheckCaptures_down                     
20200765  gCheckCaptures_up                       
2020075c  gLoadValue_down                         
20200760  gLoadValue_up                           
2020053c  gPWM_UnderBackup                        
202005dc  gPWM_UpBackup                           
2020070c  gSPI1Backup                             
20200766  gSync_down                              
20200767  gSync_up                                
20200480  gTimer_GimbalBackup                     
202006dc  gUART_3Backup                           
00000000  interruptVectors                        
00000fd1  main                                    


GLOBAL SYMBOLS: SORTED BY Symbol Address 

address   name                                    
-------   ----                                    
00000000  __TI_ATRegion0_region_sz                
00000000  __TI_ATRegion0_src_addr                 
00000000  __TI_ATRegion0_trg_addr                 
00000000  __TI_ATRegion1_region_sz                
00000000  __TI_ATRegion1_src_addr                 
00000000  __TI_ATRegion1_trg_addr                 
00000000  __TI_ATRegion2_region_sz                
00000000  __TI_ATRegion2_src_addr                 
00000000  __TI_ATRegion2_trg_addr                 
00000000  __TI_static_base__                      
00000000  interruptVectors                        
00000200  __STACK_SIZE                            
00000725  OLED_ShowChar                           
000008f5  SYSCFG_DL_GPIO_init                     
00000aa1  PID_AngleCompute                        
00000c31  StepMotor_Angle_Proc                    
00000d75  OLED_Init                               
00000eb5  SYSCFG_DL_initPower                     
00000fd1  main                                    
000010e1  DL_Timer_initFourCCPWMMode              
000011e5  DL_Timer_initTimerMode                  
000012e1  SYSCFG_DL_SYSCTL_SYSPLL_init            
000013c9  Uart0_ReadCommand                       
000014ad  DL_Timer_initCaptureCombinedMode        
0000158d  DL_SYSCTL_configSYSPLL                  
00001669  __aeabi_fsub                            
00001669  __subsf3                                
00001673  __addsf3                                
00001673  __aeabi_fadd                            
00001741  OLED_ShowString                         
000017db  __aeabi_idiv0                           
000017dd  PID_Init                                
00001875  Uart_Init                               
00001909  OLED_DrawPoint                          
00001999  Step_Angle_Turn_Init                    
00001a25  __aeabi_fmul                            
00001a25  __mulsf3                                
00001b35  __aeabi_fdiv                            
00001b35  __divsf3                                
00001bb9  InputCapture_Init                       
00001c39  OLED_Refresh                            
00001cb5  __TI_decompress_lzss                    
00001da9  SYSCFG_DL_init                          
00001e21  TIMG0_IRQHandler                        
00001e99  TIMG8_IRQHandler                        
00001f11  SYSCFG_DL_PWM_Under_init                
00001f85  SYSCFG_DL_PWM_Up_init                   
00001ff9  SYSCFG_DL_SYSCTL_init                   
0000206d  StepMotor_Up_Set_Speed                  
00002155  __gedf2                                 
00002155  __gtdf2                                 
000021c9  StepMotor_Down_Set_Speed                
00002239  OLED_WR_Byte                            
000022a5  Step_Angle_Callback                     
00002311  SYSCFG_DL_Buzzer_init                   
00002379  __cmpdf2                                
00002379  __eqdf2                                 
00002379  __ledf2                                 
00002379  __ltdf2                                 
00002379  __nedf2                                 
000023e1  DL_SYSCTL_setHFCLKSourceHFXTParams      
00002445  Menu1                                   
000024a9  PWM_Under_Set_Frequency                 
0000250d  PWM_Up_Set_Frequency                    
00002571  __aeabi_dcmpeq                          
00002585  __aeabi_dcmplt                          
00002599  __aeabi_dcmple                          
000025ad  __aeabi_dcmpge                          
000025c1  __aeabi_dcmpgt                          
000025d5  __aeabi_fcmpeq                          
000025e9  __aeabi_fcmplt                          
000025fd  __aeabi_fcmple                          
00002611  __aeabi_fcmpge                          
00002625  __aeabi_fcmpgt                          
00002639  OLED_Clear                              
000026f9  LED_Tick                                
00002755  SYSCFG_DL_UART_0_init                   
000027b1  SYSCFG_DL_UART_K230_init                
00002a49  SYSCFG_DL_CAPTURE_Down_init             
00002a95  SYSCFG_DL_CAPTURE_Up_init               
00002b2d  DL_UART_init                            
00002b75  DL_SPI_init                             
00002bb9  DL_SYSCTL_switchMCLKfromSYSOSCtoHSCLK   
00002bfd  DL_ADC12_setClockConfig                 
00002c3d  SYSCFG_DL_SPI1_init                     
00002c7d  SYSCFG_DL_UART_1_init                   
00002cbd  SYSCFG_DL_UART_3_init                   
00002cfd  UART0_IRQHandler                        
00002d3d  UART2_IRQHandler                        
00002d7d  __aeabi_uidiv                           
00002d7d  __aeabi_uidivmod                        
00002e35  __aeabi_i2f                             
00002e35  __floatsisf                             
00002e71  __gesf2                                 
00002e71  __gtsf2                                 
00002ead  __TI_auto_init_nobinit_nopinit          
00002ee9  __cmpsf2                                
00002ee9  __eqsf2                                 
00002ee9  __lesf2                                 
00002ee9  __ltsf2                                 
00002ee9  __nesf2                                 
00002f25  __muldsi3                               
00002f61  SYSCFG_DL_ADC12_0_init                  
00002fd1  __aeabi_f2iz                            
00002fd1  __fixsfsi                               
00003009  SYSCFG_DL_Timer_Gimbal_init             
0000303d  Step_Down_Angle_Turn_To                 
00003071  Step_Up_Angle_Turn_To                   
000030a5  _IQ13toF                                
0000310d  __aeabi_f2uiz                           
0000310d  __fixunssfsi                            
00003141  Buzzer_Tick                             
00003201  _IQ14toF                                
00003231  button_ticks                            
0000333d  PID_SetOutputLimits                     
00003391  Delay_ms                                
000033b9  Delay_us                                
000033e1  StepMotor_Down_Start                    
00003409  StepMotor_Up_Start                      
00003431  _c_int00_noargs                         
0000347d  Get_PWM_Pulse_Width_Down                
000034a1  Get_PWM_Pulse_Width_Up                  
000034c5  __aeabi_ui2d                            
000034c5  __floatunsidf                           
0000358b  PID_ChangeSP                            
000035e1  DL_SYSCTL_configFCC                     
0000366d  DL_Timer_setCaptCompUpdateMethod        
00003689  DL_Timer_setCaptureCompareInputFilter   
000036a5  DL_Timer_setClockConfig                 
000038f5  DL_Timer_setCaptureCompareOutCtl        
000039b5  TIMA0_IRQHandler                        
000039cd  _IQ13div                                
000039e5  _IQ13mpy                                
000039fd  _IQ14div                                
00003a15  _IQ14mpy                                
00003ac1  DL_Timer_enableCaptureCompareInputFilter
00003b39  DL_SPI_setClockConfig                   
00003b6f  DL_UART_setClockConfig                  
00003b93  TI_memcpy_small                         
00003ba5  __TI_decompress_none                    
00003be9  DL_Timer_getCaptureCompareValue         
00003bf9  DL_Timer_setCaptureCompareValue         
00003c09  PWM_Buzzer_Stop                         
00003c19  PWM_Under_Start                         
00003c29  PWM_Up_Start                            
00003c39  SYSCFG_DL_SYSTICK_init                  
00003c49  SysTick_Handler                         
00003c69  __TI_zero_init                          
00003c79  TI_memset_small                         
00003ca1  Get_ms                                  
00003cad  StepMotor_Angle_Down_Get                
00003cb9  StepMotor_Angle_Down_Get_1              
00003cc5  StepMotor_Angle_Up_Get                  
00003cd1  StepMotor_Angle_Up_Get_1                
00003cdd  __aeabi_memclr                          
00003cdd  __aeabi_memclr4                         
00003cdd  __aeabi_memclr8                         
00003ce9  DL_Common_delayCycles                   
00003cf5  __aeabi_memcpy                          
00003cf5  __aeabi_memcpy4                         
00003cf5  __aeabi_memcpy8                         
00003cfd  abort                                   
00003d03  ADC0_IRQHandler                         
00003d03  ADC1_IRQHandler                         
00003d03  AES_IRQHandler                          
00003d03  CANFD0_IRQHandler                       
00003d03  DAC0_IRQHandler                         
00003d03  DMA_IRQHandler                          
00003d03  Default_Handler                         
00003d03  GROUP0_IRQHandler                       
00003d03  GROUP1_IRQHandler                       
00003d03  HardFault_Handler                       
00003d03  I2C0_IRQHandler                         
00003d03  I2C1_IRQHandler                         
00003d03  NMI_Handler                             
00003d03  PendSV_Handler                          
00003d03  RTC_IRQHandler                          
00003d03  SPI0_IRQHandler                         
00003d03  SPI1_IRQHandler                         
00003d03  SVC_Handler                             
00003d03  TIMA1_IRQHandler                        
00003d03  TIMG12_IRQHandler                       
00003d03  TIMG6_IRQHandler                        
00003d03  TIMG7_IRQHandler                        
00003d03  UART1_IRQHandler                        
00003d03  UART3_IRQHandler                        
00003d06  C$$EXIT                                 
00003d07  HOSTexit                                
00003d0b  Reset_Handler                           
00003d21  _system_pre_init                        
00003d28  asc2_2412                               
00004a84  asc2_1608                               
00005074  asc2_1206                               
000054e8  asc2_0806                               
00005844  __TI_Handler_Table_Base                 
00005850  __TI_Handler_Table_Limit                
00005858  __TI_CINIT_Base                         
00005868  __TI_CINIT_Limit                        
00005868  __TI_CINIT_Warm                         
20200000  OLED_GRAM                               
20200000  __start___llvm_prf_bits                 
20200000  __start___llvm_prf_cnts                 
20200000  __stop___llvm_prf_bits                  
20200000  __stop___llvm_prf_cnts                  
20200480  gTimer_GimbalBackup                     
2020053c  gPWM_UnderBackup                        
202005dc  gPWM_UpBackup                           
202006dc  gUART_3Backup                           
2020070c  gSPI1Backup                             
20200748  angle_down                              
2020074c  angle_down_1                            
20200750  angle_up                                
20200754  gCaptureCnt_down                        
20200758  gCaptureCnt_up                          
2020075c  gLoadValue_down                         
20200760  gLoadValue_up                           
20200764  gCheckCaptures_down                     
20200765  gCheckCaptures_up                       
20200766  gSync_down                              
20200767  gSync_up                                
202009c8  MS                                      
202009d4  US                                      
202009dc  angle_up_1                              
20207e00  __stack                                 
20208000  __STACK_END                             
ffffffff  __TI_pprof_out_hndl                     
ffffffff  __TI_prof_data_size                     
ffffffff  __TI_prof_data_start                    
ffffffff  __binit__                               
ffffffff  binit                                   
UNDEFED   __mpu_init                              
UNDEFED   _system_post_cinit                      

[232 symbols]
